Archive member included to satisfy reference by file (symbol)

/Applications/STM32CubeIDE.app/Contents/Eclipse/plugins/com.st.stm32cube.ide.mcu.externaltools.gnu-tools-for-stm32.13.3.rel1.macos64_1.0.0.202411102158/tools/bin/../lib/gcc/arm-none-eabi/13.3.1/../../../../arm-none-eabi/lib/thumb/v7e-m+fp/hard/libc_nano.a(libc_a-atof.o)
                              ./Core/Src/commands.o (atof)
/Applications/STM32CubeIDE.app/Contents/Eclipse/plugins/com.st.stm32cube.ide.mcu.externaltools.gnu-tools-for-stm32.13.3.rel1.macos64_1.0.0.202411102158/tools/bin/../lib/gcc/arm-none-eabi/13.3.1/../../../../arm-none-eabi/lib/thumb/v7e-m+fp/hard/libc_nano.a(libc_a-atol.o)
                              ./Core/Src/commands.o (atol)
/Applications/STM32CubeIDE.app/Contents/Eclipse/plugins/com.st.stm32cube.ide.mcu.externaltools.gnu-tools-for-stm32.13.3.rel1.macos64_1.0.0.202411102158/tools/bin/../lib/gcc/arm-none-eabi/13.3.1/../../../../arm-none-eabi/lib/thumb/v7e-m+fp/hard/libc_nano.a(libc_a-exit.o)
                              /Applications/STM32CubeIDE.app/Contents/Eclipse/plugins/com.st.stm32cube.ide.mcu.externaltools.gnu-tools-for-stm32.13.3.rel1.macos64_1.0.0.202411102158/tools/bin/../lib/gcc/arm-none-eabi/13.3.1/../../../../arm-none-eabi/lib/thumb/v7e-m+fp/hard/crt0.o (exit)
/Applications/STM32CubeIDE.app/Contents/Eclipse/plugins/com.st.stm32cube.ide.mcu.externaltools.gnu-tools-for-stm32.13.3.rel1.macos64_1.0.0.202411102158/tools/bin/../lib/gcc/arm-none-eabi/13.3.1/../../../../arm-none-eabi/lib/thumb/v7e-m+fp/hard/libc_nano.a(libc_a-snprintf.o)
                              ./Core/Src/commands.o (snprintf)
/Applications/STM32CubeIDE.app/Contents/Eclipse/plugins/com.st.stm32cube.ide.mcu.externaltools.gnu-tools-for-stm32.13.3.rel1.macos64_1.0.0.202411102158/tools/bin/../lib/gcc/arm-none-eabi/13.3.1/../../../../arm-none-eabi/lib/thumb/v7e-m+fp/hard/libc_nano.a(libc_a-findfp.o)
                              /Applications/STM32CubeIDE.app/Contents/Eclipse/plugins/com.st.stm32cube.ide.mcu.externaltools.gnu-tools-for-stm32.13.3.rel1.macos64_1.0.0.202411102158/tools/bin/../lib/gcc/arm-none-eabi/13.3.1/../../../../arm-none-eabi/lib/thumb/v7e-m+fp/hard/libc_nano.a(libc_a-exit.o) (__stdio_exit_handler)
/Applications/STM32CubeIDE.app/Contents/Eclipse/plugins/com.st.stm32cube.ide.mcu.externaltools.gnu-tools-for-stm32.13.3.rel1.macos64_1.0.0.202411102158/tools/bin/../lib/gcc/arm-none-eabi/13.3.1/../../../../arm-none-eabi/lib/thumb/v7e-m+fp/hard/libc_nano.a(libc_a-strtod.o)
                              /Applications/STM32CubeIDE.app/Contents/Eclipse/plugins/com.st.stm32cube.ide.mcu.externaltools.gnu-tools-for-stm32.13.3.rel1.macos64_1.0.0.202411102158/tools/bin/../lib/gcc/arm-none-eabi/13.3.1/../../../../arm-none-eabi/lib/thumb/v7e-m+fp/hard/libc_nano.a(libc_a-atof.o) (strtod)
/Applications/STM32CubeIDE.app/Contents/Eclipse/plugins/com.st.stm32cube.ide.mcu.externaltools.gnu-tools-for-stm32.13.3.rel1.macos64_1.0.0.202411102158/tools/bin/../lib/gcc/arm-none-eabi/13.3.1/../../../../arm-none-eabi/lib/thumb/v7e-m+fp/hard/libc_nano.a(libc_a-strtol.o)
                              /Applications/STM32CubeIDE.app/Contents/Eclipse/plugins/com.st.stm32cube.ide.mcu.externaltools.gnu-tools-for-stm32.13.3.rel1.macos64_1.0.0.202411102158/tools/bin/../lib/gcc/arm-none-eabi/13.3.1/../../../../arm-none-eabi/lib/thumb/v7e-m+fp/hard/libc_nano.a(libc_a-atol.o) (_strtol_r)
/Applications/STM32CubeIDE.app/Contents/Eclipse/plugins/com.st.stm32cube.ide.mcu.externaltools.gnu-tools-for-stm32.13.3.rel1.macos64_1.0.0.202411102158/tools/bin/../lib/gcc/arm-none-eabi/13.3.1/../../../../arm-none-eabi/lib/thumb/v7e-m+fp/hard/libc_nano.a(libc_a-fwalk.o)
                              /Applications/STM32CubeIDE.app/Contents/Eclipse/plugins/com.st.stm32cube.ide.mcu.externaltools.gnu-tools-for-stm32.13.3.rel1.macos64_1.0.0.202411102158/tools/bin/../lib/gcc/arm-none-eabi/13.3.1/../../../../arm-none-eabi/lib/thumb/v7e-m+fp/hard/libc_nano.a(libc_a-findfp.o) (_fwalk_sglue)
/Applications/STM32CubeIDE.app/Contents/Eclipse/plugins/com.st.stm32cube.ide.mcu.externaltools.gnu-tools-for-stm32.13.3.rel1.macos64_1.0.0.202411102158/tools/bin/../lib/gcc/arm-none-eabi/13.3.1/../../../../arm-none-eabi/lib/thumb/v7e-m+fp/hard/libc_nano.a(libc_a-memcmp.o)
                              ./Core/Src/pfm.o (memcmp)
/Applications/STM32CubeIDE.app/Contents/Eclipse/plugins/com.st.stm32cube.ide.mcu.externaltools.gnu-tools-for-stm32.13.3.rel1.macos64_1.0.0.202411102158/tools/bin/../lib/gcc/arm-none-eabi/13.3.1/../../../../arm-none-eabi/lib/thumb/v7e-m+fp/hard/libc_nano.a(libc_a-memset.o)
                              /Applications/STM32CubeIDE.app/Contents/Eclipse/plugins/com.st.stm32cube.ide.mcu.externaltools.gnu-tools-for-stm32.13.3.rel1.macos64_1.0.0.202411102158/tools/bin/../lib/gcc/arm-none-eabi/13.3.1/../../../../arm-none-eabi/lib/thumb/v7e-m+fp/hard/crt0.o (memset)
[...]
Memory Configuration

Name             Origin             Length             Attributes
RAM              0x20000000         0x00020000         xrw
FLASH            0x08000000         0x00080000         xr
*default*        0x00000000         0xffffffff

Linker script and memory map

LOAD /Applications/STM32CubeIDE.app/Contents/Eclipse/plugins/com.st.stm32cube.ide.mcu.externaltools.gnu-tools-for-stm32.13.3.rel1.macos64_1.0.0.202411102158/tools/bin/../lib/gcc/arm-none-eabi/13.3.1/thumb/v7e-m+fp/hard/crti.o
LOAD /Applications/STM32CubeIDE.app/Contents/Eclipse/plugins/com.st.stm32cube.ide.mcu.externaltools.gnu-tools-for-stm32.13.3.rel1.macos64_1.0.0.202411102158/tools/bin/../lib/gcc/arm-none-eabi/13.3.1/thumb/v7e-m+fp/hard/crtbegin.o
LOAD /Applications/STM32CubeIDE.app/Contents/Eclipse/plugins/com.st.stm32cube.ide.mcu.externaltools.gnu-tools-for-stm32.13.3.rel1.macos64_1.0.0.202411102158/tools/bin/../lib/gcc/arm-none-eabi/13.3.1/../../../../arm-none-eabi/lib/thumb/v7e-m+fp/hard/crt0.o
LOAD ./Core/Src/boot_jump.o
LOAD ./Core/Src/cmd_parser.o
LOAD ./Core/Src/commands.o
LOAD ./Core/Src/gate_driver.o
LOAD ./Core/Src/hrtim.o
LOAD ./Core/Src/main.o
LOAD ./Core/Src/pfm.o
LOAD ./Core/Src/pfm_input.o
LOAD ./Core/Src/pid.o
LOAD ./Core/Src/qspi_test.o
LOAD ./Core/Src/stm32g4xx_hal_msp.o
LOAD ./Core/Src/stm32g4xx_it.o
LOAD ./Core/Src/syscalls.o
LOAD ./Core/Src/sysmem.o
LOAD ./Core/Src/system_stm32g4xx.o
LOAD ./Core/Src/uart.o
LOAD ./Core/Startup/startup_stm32g474qetx.o
LOAD ./Drivers/STM32G4xx_HAL_Driver/Src/stm32g4xx_hal.o
LOAD ./Drivers/STM32G4xx_HAL_Driver/Src/stm32g4xx_hal_cortex.o
LOAD ./Drivers/STM32G4xx_HAL_Driver/Src/stm32g4xx_hal_dma.o
LOAD ./Drivers/STM32G4xx_HAL_Driver/Src/stm32g4xx_hal_dma_ex.o
LOAD ./Drivers/STM32G4xx_HAL_Driver/Src/stm32g4xx_hal_exti.o
LOAD ./Drivers/STM32G4xx_HAL_Driver/Src/stm32g4xx_hal_flash.o
LOAD ./Drivers/STM32G4xx_HAL_Driver/Src/stm32g4xx_hal_flash_ex.o
LOAD ./Drivers/STM32G4xx_HAL_Driver/Src/stm32g4xx_hal_flash_ramfunc.o
LOAD ./Drivers/STM32G4xx_HAL_Driver/Src/stm32g4xx_hal_gpio.o
LOAD ./Drivers/STM32G4xx_HAL_Driver/Src/stm32g4xx_hal_hrtim.o
LOAD ./Drivers/STM32G4xx_HAL_Driver/Src/stm32g4xx_hal_pwr.o
LOAD ./Drivers/STM32G4xx_HAL_Driver/Src/stm32g4xx_hal_pwr_ex.o
LOAD ./Drivers/STM32G4xx_HAL_Driver/Src/stm32g4xx_hal_qspi.o
LOAD ./Drivers/STM32G4xx_HAL_Driver/Src/stm32g4xx_hal_rcc.o
LOAD ./Drivers/STM32G4xx_HAL_Driver/Src/stm32g4xx_hal_rcc_ex.o
LOAD ./Drivers/STM32G4xx_HAL_Driver/Src/stm32g4xx_hal_tim.o
LOAD ./Drivers/STM32G4xx_HAL_Driver/Src/stm32g4xx_hal_tim_ex.o
LOAD ./Drivers/STM32G4xx_HAL_Driver/Src/stm32g4xx_hal_uart.o
LOAD ./Drivers/STM32G4xx_HAL_Driver/Src/stm32g4xx_hal_uart_ex.o
START GROUP
LOAD /Applications/STM32CubeIDE.app/Contents/Eclipse/plugins/com.st.stm32cube.ide.mcu.externaltools.gnu-tools-for-stm32.13.3.rel1.macos64_1.0.0.202411102158/tools/bin/../lib/gcc/arm-none-eabi/13.3.1/../../../../arm-none-eabi/lib/thumb/v7e-m+fp/hard/libc_nano.a
LOAD /Applications/STM32CubeIDE.app/Contents/Eclipse/plugins/com.st.stm32cube.ide.mcu.externaltools.gnu-tools-for-stm32.13.3.rel1.macos64_1.0.0.202411102158/tools/bin/../lib/gcc/arm-none-eabi/13.3.1/../../../../arm-none-eabi/lib/thumb/v7e-m+fp/hard/libm.a
END GROUP
START GROUP
LOAD /Applications/STM32CubeIDE.app/Contents/Eclipse/plugins/com.st.stm32cube.ide.mcu.externaltools.gnu-tools-for-stm32.13.3.rel1.macos64_1.0.0.202411102158/tools/bin/../lib/gcc/arm-none-eabi/13.3.1/thumb/v7e-m+fp/hard/libgcc.a
LOAD /Applications/STM32CubeIDE.app/Contents/Eclipse/plugins/com.st.stm32cube.ide.mcu.externaltools.gnu-tools-for-stm32.13.3.rel1.macos64_1.0.0.202411102158/tools/bin/../lib/gcc/arm-none-eabi/13.3.1/../../../../arm-none-eabi/lib/thumb/v7e-m+fp/hard/libc_nano.a
END GROUP
START GROUP
LOAD /Applications/STM32CubeIDE.app/Contents/Eclipse/plugins/com.st.stm32cube.ide.mcu.externaltools.gnu-tools-for-stm32.13.3.rel1.macos64_1.0.0.202411102158/tools/bin/../lib/gcc/arm-none-eabi/13.3.1/thumb/v7e-m+fp/hard/libgcc.a
LOAD /Applications/STM32CubeIDE.app/Contents/Eclipse/plugins/com.st.stm32cube.ide.mcu.externaltools.gnu-tools-for-stm32.13.3.rel1.macos64_1.0.0.202411102158/tools/bin/../lib/gcc/arm-none-eabi/13.3.1/../../../../arm-none-eabi/lib/thumb/v7e-m+fp/hard/libc_nano.a
LOAD /Applications/STM32CubeIDE.app/Contents/Eclipse/plugins/com.st.stm32cube.ide.mcu.externaltools.gnu-tools-for-stm32.13.3.rel1.macos64_1.0.0.202411102158/tools/bin/../lib/gcc/arm-none-eabi/13.3.1/../../../../arm-none-eabi/lib/thumb/v7e-m+fp/hard/libnosys.a
END GROUP
START GROUP
LOAD /Applications/STM32CubeIDE.app/Contents/Eclipse/plugins/com.st.stm32cube.ide.mcu.externaltools.gnu-tools-for-stm32.13.3.rel1.macos64_1.0.0.202411102158/tools/bin/../lib/gcc/arm-none-eabi/13.3.1/thumb/v7e-m+fp/hard/libgcc.a
LOAD /Applications/STM32CubeIDE.app/Contents/Eclipse/plugins/com.st.stm32cube.ide.mcu.externaltools.gnu-tools-for-stm32.13.3.rel1.macos64_1.0.0.202411102158/tools/bin/../lib/gcc/arm-none-eabi/13.3.1/../../../../arm-none-eabi/lib/thumb/v7e-m+fp/hard/libc_nano.a
LOAD /Applications/STM32CubeIDE.app/Contents/Eclipse/plugins/com.st.stm32cube.ide.mcu.externaltools.gnu-tools-for-stm32.13.3.rel1.macos64_1.0.0.202411102158/tools/bin/../lib/gcc/arm-none-eabi/13.3.1/../../../../arm-none-eabi/lib/thumb/v7e-m+fp/hard/libnosys.a
END GROUP
LOAD /Applications/STM32CubeIDE.app/Contents/Eclipse/plugins/com.st.stm32cube.ide.mcu.externaltools.gnu-tools-for-stm32.13.3.rel1.macos64_1.0.0.202411102158/tools/bin/../lib/gcc/arm-none-eabi/13.3.1/thumb/v7e-m+fp/hard/crtend.o
LOAD /Applications/STM32CubeIDE.app/Contents/Eclipse/plugins/com.st.stm32cube.ide.mcu.externaltools.gnu-tools-for-stm32.13.3.rel1.macos64_1.0.0.202411102158/tools/bin/../lib/gcc/arm-none-eabi/13.3.1/thumb/v7e-m+fp/hard/crtn.o
                0x20020000                        _estack = (ORIGIN (RAM) + LENGTH (RAM))
                0x00000200                        _Min_Heap_Size = 0x200
                0x00000400                        _Min_Stack_Size = 0x400

.isr_vector     0x08000000      0x1d8
                0x08000000                        . = ALIGN (0x4)
 *(.isr_vector)
 .isr_vector    0x08000000      0x1d8 ./Core/Startup/startup_stm32g474qetx.o
                0x08000000                g_pfnVectors
                0x080001d8                        . = ALIGN (0x4)

.text           0x080001e0     0xfab4
                0x080001e0                        . = ALIGN (0x4)
 *(.text)
 .text          0x080001e0       0x40 /Applications/STM32CubeIDE.app/Contents/Eclipse/plugins/com.st.stm32cube.ide.mcu.externaltools.gnu-tools-for-stm32.13.3.rel1.macos64_1.0.0.202411102158/tools/bin/../lib/gcc/arm-none-eabi/13.3.1/thumb/v7e-m+fp/hard/crtbegin.o
 .text          0x08000220       0x10 /Applications/STM32CubeIDE.app/Contents/Eclipse/plugins/com.st.stm32cube.ide.mcu.externaltools.gnu-tools-for-stm32.13.3.rel1.macos64_1.0.0.202411102158/tools/bin/../lib/gcc/arm-none-eabi/13.3.1/../../../../arm-none-eabi/lib/thumb/v7e-m+fp/hard/libc_nano.a(libc_a-strlen.o)
                0x08000220                strlen
 .text          0x08000230       0xa0 /Applications/STM32CubeIDE.app/Contents/Eclipse/plugins/com.st.stm32cube.ide.mcu.externaltools.gnu-tools-for-stm32.13.3.rel1.macos64_1.0.0.202411102158/tools/bin/../lib/gcc/arm-none-eabi/13.3.1/../../../../arm-none-eabi/lib/thumb/v7e-m+fp/hard/libc_nano.a(libc_a-memchr.o)
                0x08000230                memchr
 .text          0x080002d0      0x378 /Applications/STM32CubeIDE.app/Contents/Eclipse/plugins/com.st.stm32cube.ide.mcu.externaltools.gnu-tools-for-stm32.13.3.rel1.macos64_1.0.0.202411102158/tools/bin/../lib/gcc/arm-none-eabi/13.3.1/thumb/v7e-m+fp/hard/libgcc.a(_arm_addsubdf3.o)
                0x080002d0                __aeabi_drsub
                0x080002d8                __subdf3
                0x080002d8                __aeabi_dsub
                0x080002dc                __aeabi_dadd
                0x080002dc                __adddf3
                0x08000554                __aeabi_ui2d
                0x08000554                __floatunsidf
                0x08000574                __floatsidf
                0x08000574                __aeabi_i2d
                0x08000598                __extendsfdf2
                0x08000598                __aeabi_f2d
                0x080005dc                __aeabi_ul2d
                0x080005dc                __floatundidf
                0x080005ec                __aeabi_l2d
                0x080005ec                __floatdidf
 .text          0x08000648      0x424 /Applications/STM32CubeIDE.app/Contents/Eclipse/plugins/com.st.stm32cube.ide.mcu.externaltools.gnu-tools-for-stm32.13.3.rel1.macos64_1.0.0.202411102158/tools/bin/../lib/gcc/arm-none-eabi/13.3.1/thumb/v7e-m+fp/hard/libgcc.a(_arm_muldivdf3.o)
                0x08000648                __aeabi_dmul
                0x08000648                __muldf3
                0x0800089c                __aeabi_ddiv
                0x0800089c                __divdf3
 .text          0x08000a6c      0x110 /Applications/STM32CubeIDE.app/Contents/Eclipse/plugins/com.st.stm32cube.ide.mcu.externaltools.gnu-tools-for-stm32.13.3.rel1.macos64_1.0.0.202411102158/tools/bin/../lib/gcc/arm-none-eabi/13.3.1/thumb/v7e-m+fp/hard/libgcc.a(_arm_cmpdf2.o)
                0x08000a6c                __gedf2
                0x08000a6c                __gtdf2
                0x08000a74                __ledf2
                0x08000a74                __ltdf2
                0x08000a7c                __cmpdf2
                0x08000a7c                __eqdf2
                0x08000a7c                __nedf2
                0x08000af8                __aeabi_cdrcmple
                0x08000b08                __aeabi_cdcmple
                0x08000b08                __aeabi_cdcmpeq
                0x08000b18                __aeabi_dcmpeq
                0x08000b2c                __aeabi_dcmplt
                0x08000b40                __aeabi_dcmple
                0x08000b54                __aeabi_dcmpge
                0x08000b68                __aeabi_dcmpgt
 .text          0x08000b7c       0x40 /Applications/STM32CubeIDE.app/Contents/Eclipse/plugins/com.st.stm32cube.ide.mcu.externaltools.gnu-tools-for-stm32.13.3.rel1.macos64_1.0.0.202411102158/tools/bin/../lib/gcc/arm-none-eabi/13.3.1/thumb/v7e-m+fp/hard/libgcc.a(_arm_fixunsdfsi.o)
                0x08000b7c                __fixunsdfsi
                0x08000b7c                __aeabi_d2uiz
 .text          0x08000bbc       0xa0 /Applications/STM32CubeIDE.app/Contents/Eclipse/plugins/com.st.stm32cube.ide.mcu.externaltools.gnu-tools-for-stm32.13.3.rel1.macos64_1.0.0.202411102158/tools/bin/../lib/gcc/arm-none-eabi/13.3.1/thumb/v7e-m+fp/hard/libgcc.a(_arm_truncdfsf2.o)
                0x08000bbc                __aeabi_d2f
                0x08000bbc                __truncdfsf2
 .text          0x08000c5c       0x30 /Applications/STM32CubeIDE.app/Contents/Eclipse/plugins/com.st.stm32cube.ide.mcu.externaltools.gnu-tools-for-stm32.13.3.rel1.macos64_1.0.0.202411102158/tools/bin/../lib/gcc/arm-none-eabi/13.3.1/thumb/v7e-m+fp/hard/libgcc.a(_aeabi_uldivmod.o)
                0x08000c5c                __aeabi_uldivmod
 .text          0x08000c8c       0x30 /Applications/STM32CubeIDE.app/Contents/Eclipse/plugins/com.st.stm32cube.ide.mcu.externaltools.gnu-tools-for-stm32.13.3.rel1.macos64_1.0.0.202411102158/tools/bin/../lib/gcc/arm-none-eabi/13.3.1/thumb/v7e-m+fp/hard/libgcc.a(_fixdfdi.o)
                0x08000c8c                __aeabi_d2lz
                0x08000c8c                __fixdfdi
 .text          0x08000cbc       0x3c /Applications/STM32CubeIDE.app/Contents/Eclipse/plugins/com.st.stm32cube.ide.mcu.externaltools.gnu-tools-for-stm32.13.3.rel1.macos64_1.0.0.202411102158/tools/bin/../lib/gcc/arm-none-eabi/13.3.1/thumb/v7e-m+fp/hard/libgcc.a(_fixunsdfdi.o)
                0x08000cbc                __aeabi_d2ulz
                0x08000cbc                __fixunsdfdi
 .text          0x08000cf8      0x2f8 /Applications/STM32CubeIDE.app/Contents/Eclipse/plugins/com.st.stm32cube.ide.mcu.externaltools.gnu-tools-for-stm32.13.3.rel1.macos64_1.0.0.202411102158/tools/bin/../lib/gcc/arm-none-eabi/13.3.1/thumb/v7e-m+fp/hard/libgcc.a(_udivmoddi4.o)
                0x08000cf8                __udivmoddi4
 .text          0x08000ff0        0x4 /Applications/STM32CubeIDE.app/Contents/Eclipse/plugins/com.st.stm32cube.ide.mcu.externaltools.gnu-tools-for-stm32.13.3.rel1.macos64_1.0.0.202411102158/tools/bin/../lib/gcc/arm-none-eabi/13.3.1/thumb/v7e-m+fp/hard/libgcc.a(_dvmd_tls.o)
                0x08000ff0                __aeabi_ldiv0
                0x08000ff0                __aeabi_idiv0
 *(.text*)
 .text.__NVIC_SystemReset
                0x08000ff4       0x2c ./Core/Src/boot_jump.o
 .text.BootJump_RequestBootloader
                0x08001020       0x18 ./Core/Src/boot_jump.o
                0x08001020                BootJump_RequestBootloader
 .text.BootJump_CheckAndEnter
                0x08001038       0xc0 ./Core/Src/boot_jump.o
                0x08001038                BootJump_CheckAndEnter
 .text.scpi_token_match
                0x080010f8       0xa4 ./Core/Src/cmd_parser.o
 .text.scpi_match
                0x0800119c      0x1e8 ./Core/Src/cmd_parser.o
 .text.dispatch_command
                0x08001384       0x80 ./Core/Src/cmd_parser.o
                0x08001384                dispatch_command
 .text.SendErr  0x08001404       0x38 ./Core/Src/commands.o
 .text.cmd_idn  0x0800143c       0x44 ./Core/Src/commands.o
                0x0800143c                cmd_idn
 .text.cmd_boot
                0x08001480       0x24 ./Core/Src/commands.o
                0x08001480                cmd_boot
 .text.cmd_table_begin
                0x080014a4       0x2c ./Core/Src/commands.o
                0x080014a4                cmd_table_begin
 .text.SendTableStepCountErr
                0x080014d0       0x30 ./Core/Src/commands.o
 .text.cmd_table_step
                0x08001500      0x178 ./Core/Src/commands.o
                0x08001500                cmd_table_step
 .text.cmd_table_end
                0x08001678       0x40 ./Core/Src/commands.o
                0x08001678                cmd_table_end
 .text.cmd_table_query
                0x080016b8       0x34 ./Core/Src/commands.o
                0x080016b8                cmd_table_query
 .text.AnyFaultLatched
                0x080016ec       0x24 ./Core/Src/commands.o
 .text.cmd_fire
                0x08001710       0x54 ./Core/Src/commands.o
                0x08001710                cmd_fire
 .text.cmd_pfm_diag
                0x08001764       0x5c ./Core/Src/commands.o
                0x08001764                cmd_pfm_diag
 .text.cmd_pfm_gaplog
                0x080017c0       0xa8 ./Core/Src/commands.o
                0x080017c0                cmd_pfm_gaplog
 .text.cmd_config_channels
                0x08001868       0x30 ./Core/Src/commands.o
                0x08001868                cmd_config_channels
 .text.cmd_fault_query
                0x08001898       0x34 ./Core/Src/commands.o
                0x08001898                cmd_fault_query
 .text.cmd_fault_clear
                0x080018cc       0x28 ./Core/Src/commands.o
                0x080018cc                cmd_fault_clear
 .text.cmd_gds_query
                0x080018f4       0xf8 ./Core/Src/commands.o
                0x080018f4                cmd_gds_query
 .text.cmd_qspi_id
                0x080019ec       0x60 ./Core/Src/commands.o
                0x080019ec                cmd_qspi_id
 .text.cmd_pfmin_capture
                0x08001a4c       0x7c ./Core/Src/commands.o
                0x08001a4c                cmd_pfmin_capture
 .text.cmd_pfmin_status
                0x08001ac8       0xa8 ./Core/Src/commands.o
                0x08001ac8                cmd_pfmin_status
 .text.cmd_pfmin_dmastat
                0x08001b70       0xa8 ./Core/Src/commands.o
                0x08001b70                cmd_pfmin_dmastat
 .text.cmd_pfmin_data
                0x08001c18      0x120 ./Core/Src/commands.o
                0x08001c18                cmd_pfmin_data
 .text.cmd_pid_start
                0x08001d38       0x24 ./Core/Src/commands.o
                0x08001d38                cmd_pid_start
 .text.cmd_pid_stop
                0x08001d5c       0x24 ./Core/Src/commands.o
                0x08001d5c                cmd_pid_stop
 .text.cmd_pid_setpoint
                0x08001d80       0xc0 ./Core/Src/commands.o
                0x08001d80                cmd_pid_setpoint
 .text.cmd_pid_gains
                0x08001e40      0x11c ./Core/Src/commands.o
                0x08001e40                cmd_pid_gains
 .text.cmd_pid_status
                0x08001f5c       0xb4 ./Core/Src/commands.o
                0x08001f5c                cmd_pid_status
 .text.cmd_pid_log
                0x08002010       0xf4 ./Core/Src/commands.o
                0x08002010                cmd_pid_log
 .text.cmd_pid_logdata
                0x08002104       0xc8 ./Core/Src/commands.o
                0x08002104                cmd_pid_logdata
 .text.cmd_pid_ramp
                0x080021cc      0x114 ./Core/Src/commands.o
                0x080021cc                cmd_pid_ramp
 .text.cmd_pid_loopmode
                0x080022e0       0xb4 ./Core/Src/commands.o
                0x080022e0                cmd_pid_loopmode
 .text.cmd_pid_profile_timing
                0x08002394      0x114 ./Core/Src/commands.o
                0x08002394                cmd_pid_profile_timing
 .text.cmd_pid_profile_current
                0x080024a8       0xdc ./Core/Src/commands.o
                0x080024a8                cmd_pid_profile_current
 .text.cmd_pid_profile_start
                0x08002584       0x38 ./Core/Src/commands.o
                0x08002584                cmd_pid_profile_start
 .text.GateDriver_Read
                0x080025bc       0x20 ./Core/Src/gate_driver.o
                0x080025bc                GateDriver_Read
 .text.GateDriver_CheckFault
                0x080025dc       0x34 ./Core/Src/gate_driver.o
                0x080025dc                GateDriver_CheckFault
 .text.GateDriver_FaultIsLatched
                0x08002610       0x18 ./Core/Src/gate_driver.o
                0x08002610                GateDriver_FaultIsLatched
 .text.GateDriver_FaultClear
                0x08002628       0x1c ./Core/Src/gate_driver.o
                0x08002628                GateDriver_FaultClear
 .text.HRTIM1_ClampCompare
                0x08002644       0x44 ./Core/Src/hrtim.o
 .text.HRTIM1_FullInit
                0x08002688      0x498 ./Core/Src/hrtim.o
                0x08002688                HRTIM1_FullInit
 .text.HAL_HRTIM_MspInit
                0x08002b20      0x144 ./Core/Src/hrtim.o
                0x08002b20                HAL_HRTIM_MspInit
 .text.HRTIM1_PWM_Start
                0x08002c64       0xd0 ./Core/Src/hrtim.o
                0x08002c64                HRTIM1_PWM_Start
 .text.HRTIM1_EnableMasterInterrupt
                0x08002d34       0x2c ./Core/Src/hrtim.o
                0x08002d34                HRTIM1_EnableMasterInterrupt
 .text.HRTIM1_PWM_Stop
                0x08002d60       0x70 ./Core/Src/hrtim.o
                0x08002d60                HRTIM1_PWM_Stop
 .text.HRTIM1_FaultIsTripped
                0x08002dd0       0x28 ./Core/Src/hrtim.o
                0x08002dd0                HRTIM1_FaultIsTripped
 .text.HRTIM1_FaultClear
                0x08002df8       0x1c ./Core/Src/hrtim.o
                0x08002df8                HRTIM1_FaultClear
 .text.HRTIM1_SoftwareUpdate
                0x08002e14       0x54 ./Core/Src/hrtim.o
                0x08002e14                HRTIM1_SoftwareUpdate
 .text.HRTIM1_SetChannelPeriod
                0x08002e68       0x50 ./Core/Src/hrtim.o
                0x08002e68                HRTIM1_SetChannelPeriod
 .text.HRTIM1_ApplyPfmStep
                0x08002eb8       0x36 ./Core/Src/hrtim.o
                0x08002eb8                HRTIM1_ApplyPfmStep
 *fill*         0x08002eee        0x2 
 .text.HRTIM1_GetTimerPerRegAddress
                0x08002ef0       0x28 ./Core/Src/hrtim.o
                0x08002ef0                HRTIM1_GetTimerPerRegAddress
 .text.HRTIM1_GetTimerCmp1RegAddress
                0x08002f18       0x28 ./Core/Src/hrtim.o
                0x08002f18                HRTIM1_GetTimerCmp1RegAddress
 .text.main     0x08002f40       0x50 ./Core/Src/main.o
                0x08002f40                main
 .text.SystemClock_Config
                0x08002f90       0x96 ./Core/Src/main.o
                0x08002f90                SystemClock_Config
 .text.MX_HRTIM1_Init
                0x08003026        0xc ./Core/Src/main.o
 *fill*         0x08003032        0x2 
 .text.MX_USART2_UART_Init
                0x08003034       0xa8 ./Core/Src/main.o
 .text.MX_GPIO_Init
                0x080030dc       0xfc ./Core/Src/main.o
 .text.FixSysTickPriority
                0x080031d8       0x14 ./Core/Src/main.o
 .text.Error_Handler
                0x080031ec        0xc ./Core/Src/main.o
                0x080031ec                Error_Handler
 .text.PFM_PhaseForChannel
                0x080031f8       0x2e ./Core/Src/pfm.o
                0x080031f8                PFM_PhaseForChannel
 *fill*         0x08003226        0x2 
 .text.PFM_Init
                0x08003228       0x90 ./Core/Src/pfm.o
                0x08003228                PFM_Init
 .text.PFM_ApplyCurrentStep
                0x080032b8       0xb8 ./Core/Src/pfm.o
                0x080032b8                PFM_ApplyCurrentStep
 .text.PFM_Restart
                0x08003370       0x80 ./Core/Src/pfm.o
                0x08003370                PFM_Restart
 .text.PFM_ForceStop
                0x080033f0       0x1c ./Core/Src/pfm.o
                0x080033f0                PFM_ForceStop
 .text.PFM_TableReset
                0x0800340c       0x18 ./Core/Src/pfm.o
                0x0800340c                PFM_TableReset
 .text.PFM_AppendStep
                0x08003424       0x70 ./Core/Src/pfm.o
                0x08003424                PFM_AppendStep
 .text.PFM_GetEntryCount
                0x08003494       0x18 ./Core/Src/pfm.o
                0x08003494                PFM_GetEntryCount
 .text.PFM_GetDiagCounters
                0x080034ac       0x3c ./Core/Src/pfm.o
                0x080034ac                PFM_GetDiagCounters
 .text.PFM_GetDiagGapLog
                0x080034e8       0x3c ./Core/Src/pfm.o
                0x080034e8                PFM_GetDiagGapLog
 .text.ChannelIsActive
                0x08003524       0x26 ./Core/Src/pfm_input.o
 *fill*         0x0800354a        0x2 
 .text.TimerHasActiveChannel
                0x0800354c       0x4c ./Core/Src/pfm_input.o
 .text.ActiveChannelToTimChannel
                0x08003598       0x22 ./Core/Src/pfm_input.o
 *fill*         0x080035ba        0x2 
 .text.FindChannelIndex
                0x080035bc       0x5c ./Core/Src/pfm_input.o
 .text.HandleForTimer
                0x08003618       0x64 ./Core/Src/pfm_input.o
 .text.InitOneTimer
                0x0800367c       0xd4 ./Core/Src/pfm_input.o
 .text.PfmInput_Init
                0x08003750       0xc8 ./Core/Src/pfm_input.o
                0x08003750                PfmInput_Init
 .text.PfmInput_Arm
                0x08003818       0xd4 ./Core/Src/pfm_input.o
                0x08003818                PfmInput_Arm
 .text.PfmInput_OnShotStart
                0x080038ec       0xac ./Core/Src/pfm_input.o
                0x080038ec                PfmInput_OnShotStart
 .text.PfmInput_GetDmaStartStatus
                0x08003998       0x2c ./Core/Src/pfm_input.o
                0x08003998                PfmInput_GetDmaStartStatus
 .text.PfmInput_OnShotEnd
                0x080039c4      0x160 ./Core/Src/pfm_input.o
                0x080039c4                PfmInput_OnShotEnd
 .text.PfmInput_GetCount
                0x08003b24       0x38 ./Core/Src/pfm_input.o
                0x08003b24                PfmInput_GetCount
 .text.PfmInput_GetPeriods
                0x08003b5c       0x34 ./Core/Src/pfm_input.o
                0x08003b5c                PfmInput_GetPeriods
 .text.PfmInput_GetOvercaptureCount
                0x08003b90       0x38 ./Core/Src/pfm_input.o
                0x08003b90                PfmInput_GetOvercaptureCount
 .text.PfmInput_StartContinuous
                0x08003bc8      0x14c ./Core/Src/pfm_input.o
                0x08003bc8                PfmInput_StartContinuous
 .text.PfmInput_StopContinuous
                0x08003d14       0x98 ./Core/Src/pfm_input.o
                0x08003d14                PfmInput_StopContinuous
 .text.PfmInput_ConsumeAveragePeriod
                0x08003dac       0x84 ./Core/Src/pfm_input.o
                0x08003dac                PfmInput_ConsumeAveragePeriod
 .text.ProcessDmaChunk
                0x08003e30      0x238 ./Core/Src/pfm_input.o
 .text.HAL_TIM_IC_CaptureHalfCpltCallback
                0x08004068       0x42 ./Core/Src/pfm_input.o
                0x08004068                HAL_TIM_IC_CaptureHalfCpltCallback
 .text.HAL_TIM_IC_CaptureCallback
                0x080040aa       0x42 ./Core/Src/pfm_input.o
                0x080040aa                HAL_TIM_IC_CaptureCallback
 .text.HAL_TIM_IC_MspInit
                0x080040ec      0x384 ./Core/Src/pfm_input.o
                0x080040ec                HAL_TIM_IC_MspInit
 .text.TrapezoidalCurrentA
                0x08004470       0xc4 ./Core/Src/pid.o
 .text.AmpsToHz
                0x08004534       0xc0 ./Core/Src/pid.o
 .text.ClampOutputSlew
                0x080045f4       0xc4 ./Core/Src/pid.o
 .text.PID_Init
                0x080046b8      0x188 ./Core/Src/pid.o
                0x080046b8                PID_Init
 .text.PID_Start
                0x08004840       0xc0 ./Core/Src/pid.o
                0x08004840                PID_Start
 .text.PID_Stop
                0x08004900       0x4c ./Core/Src/pid.o
                0x08004900                PID_Stop
 .text.PID_IsRunning
                0x0800494c       0x18 ./Core/Src/pid.o
                0x0800494c                PID_IsRunning
 .text.PID_Update
                0x08004964      0x440 ./Core/Src/pid.o
                0x08004964                PID_Update
 .text.PID_SetSetpoint
                0x08004da4       0x70 ./Core/Src/pid.o
                0x08004da4                PID_SetSetpoint
 .text.PID_SetGains
                0x08004e14       0x84 ./Core/Src/pid.o
                0x08004e14                PID_SetGains
 .text.PID_GetStatus
                0x08004e98       0x80 ./Core/Src/pid.o
                0x08004e98                PID_GetStatus
 .text.PID_ArmLog
                0x08004f18       0x74 ./Core/Src/pid.o
                0x08004f18                PID_ArmLog
 .text.PID_GetLogCount
                0x08004f8c       0x18 ./Core/Src/pid.o
                0x08004f8c                PID_GetLogCount
 .text.PID_GetLogSampleRateHz
                0x08004fa4       0x20 ./Core/Src/pid.o
                0x08004fa4                PID_GetLogSampleRateHz
 .text.PID_GetLogMeasured
                0x08004fc4       0x14 ./Core/Src/pid.o
                0x08004fc4                PID_GetLogMeasured
 .text.PID_GetLogOutput
                0x08004fd8       0x14 ./Core/Src/pid.o
                0x08004fd8                PID_GetLogOutput
 .text.PID_GetLogSetpoint
                0x08004fec       0x14 ./Core/Src/pid.o
                0x08004fec                PID_GetLogSetpoint
 .text.PID_StartRamp
                0x08005000       0xf4 ./Core/Src/pid.o
                0x08005000                PID_StartRamp
 .text.PID_SetLoopMode
                0x080050f4       0x4c ./Core/Src/pid.o
                0x080050f4                PID_SetLoopMode
 .text.PID_SetProfileTiming
                0x08005140       0x8c ./Core/Src/pid.o
                0x08005140                PID_SetProfileTiming
 .text.PID_SetProfileCurrent
                0x080051cc       0x74 ./Core/Src/pid.o
                0x080051cc                PID_SetProfileCurrent
 .text.PID_ProfileStart
                0x08005240       0x40 ./Core/Src/pid.o
                0x08005240                PID_ProfileStart
 .text.QspiTest_Init
                0x08005280       0x84 ./Core/Src/qspi_test.o
                0x08005280                QspiTest_Init
 .text.QspiTest_ReadId
                0x08005304       0x78 ./Core/Src/qspi_test.o
                0x08005304                QspiTest_ReadId
 .text.HAL_QSPI_MspInit
                0x0800537c       0xc4 ./Core/Src/qspi_test.o
                0x0800537c                HAL_QSPI_MspInit
 .text.HAL_MspInit
                0x08005440       0x48 ./Core/Src/stm32g4xx_hal_msp.o
                0x08005440                HAL_MspInit
 .text.HAL_UART_MspInit
                0x08005488       0xb0 ./Core/Src/stm32g4xx_hal_msp.o
                0x08005488                HAL_UART_MspInit
 .text.NMI_Handler
                0x08005538        0x8 ./Core/Src/stm32g4xx_it.o
                0x08005538                NMI_Handler
 .text.HardFault_Handler
                0x08005540        0x8 ./Core/Src/stm32g4xx_it.o
                0x08005540                HardFault_Handler
 .text.MemManage_Handler
                0x08005548        0x8 ./Core/Src/stm32g4xx_it.o
                0x08005548                MemManage_Handler
 .text.BusFault_Handler
                0x08005550        0x8 ./Core/Src/stm32g4xx_it.o
                0x08005550                BusFault_Handler
 .text.UsageFault_Handler
                0x08005558        0x8 ./Core/Src/stm32g4xx_it.o
                0x08005558                UsageFault_Handler
 .text.SVC_Handler
                0x08005560        0xe ./Core/Src/stm32g4xx_it.o
                0x08005560                SVC_Handler
 .text.DebugMon_Handler
                0x0800556e        0xe ./Core/Src/stm32g4xx_it.o
                0x0800556e                DebugMon_Handler
 .text.PendSV_Handler
                0x0800557c        0xe ./Core/Src/stm32g4xx_it.o
                0x0800557c                PendSV_Handler
 .text.SysTick_Handler
                0x0800558a        0xc ./Core/Src/stm32g4xx_it.o
                0x0800558a                SysTick_Handler
 *fill*         0x08005596        0x2 
 .text.HAL_UART_RxCpltCallback
                0x08005598       0x28 ./Core/Src/stm32g4xx_it.o
                0x08005598                HAL_UART_RxCpltCallback
 .text.USART2_IRQHandler
                0x080055c0       0x14 ./Core/Src/stm32g4xx_it.o
                0x080055c0                USART2_IRQHandler
 .text.HRTIM1_Master_IRQHandler
                0x080055d4       0x28 ./Core/Src/stm32g4xx_it.o
                0x080055d4                HRTIM1_Master_IRQHandler
 .text.EXTI0_IRQHandler
                0x080055fc       0x24 ./Core/Src/stm32g4xx_it.o
                0x080055fc                EXTI0_IRQHandler
 .text.EXTI1_IRQHandler
                0x08005620       0x24 ./Core/Src/stm32g4xx_it.o
                0x08005620                EXTI1_IRQHandler
 .text.EXTI2_IRQHandler
                0x08005644       0x24 ./Core/Src/stm32g4xx_it.o
                0x08005644                EXTI2_IRQHandler
 .text.EXTI3_IRQHandler
                0x08005668       0x24 ./Core/Src/stm32g4xx_it.o
                0x08005668                EXTI3_IRQHandler
 .text.EXTI4_IRQHandler
                0x0800568c       0x24 ./Core/Src/stm32g4xx_it.o
                0x0800568c                EXTI4_IRQHandler
 .text.EXTI9_5_IRQHandler
                0x080056b0       0x4c ./Core/Src/stm32g4xx_it.o
                0x080056b0                EXTI9_5_IRQHandler
 .text.EXTI15_10_IRQHandler
                0x080056fc       0x4c ./Core/Src/stm32g4xx_it.o
                0x080056fc                EXTI15_10_IRQHandler
 .text.TIM2_IRQHandler
                0x08005748       0x14 ./Core/Src/stm32g4xx_it.o
                0x08005748                TIM2_IRQHandler
 .text.TIM3_IRQHandler
                0x0800575c       0x14 ./Core/Src/stm32g4xx_it.o
                0x0800575c                TIM3_IRQHandler
 .text.TIM4_IRQHandler
                0x08005770       0x14 ./Core/Src/stm32g4xx_it.o
                0x08005770                TIM4_IRQHandler
 .text.TIM5_IRQHandler
                0x08005784       0x14 ./Core/Src/stm32g4xx_it.o
                0x08005784                TIM5_IRQHandler
 .text.DMA1_Channel1_IRQHandler
                0x08005798       0x14 ./Core/Src/stm32g4xx_it.o
                0x08005798                DMA1_Channel1_IRQHandler
 .text.DMA1_Channel2_IRQHandler
                0x080057ac       0x14 ./Core/Src/stm32g4xx_it.o
                0x080057ac                DMA1_Channel2_IRQHandler
 .text.DMA1_Channel3_IRQHandler
                0x080057c0       0x14 ./Core/Src/stm32g4xx_it.o
                0x080057c0                DMA1_Channel3_IRQHandler
 .text.DMA1_Channel4_IRQHandler
                0x080057d4       0x14 ./Core/Src/stm32g4xx_it.o
                0x080057d4                DMA1_Channel4_IRQHandler
 .text.DMA1_Channel5_IRQHandler
                0x080057e8       0x14 ./Core/Src/stm32g4xx_it.o
                0x080057e8                DMA1_Channel5_IRQHandler
 .text.DMA1_Channel6_IRQHandler
                0x080057fc       0x14 ./Core/Src/stm32g4xx_it.o
                0x080057fc                DMA1_Channel6_IRQHandler
 .text._getpid  0x08005810       0x10 ./Core/Src/syscalls.o
                0x08005810                _getpid
 .text._kill    0x08005820       0x20 ./Core/Src/syscalls.o
                0x08005820                _kill
 .text._exit    0x08005840       0x16 ./Core/Src/syscalls.o
                0x08005840                _exit
 .text._read    0x08005856       0x3a ./Core/Src/syscalls.o
                0x08005856                _read
 .text._write   0x08005890       0x38 ./Core/Src/syscalls.o
                0x08005890                _write
 .text._close   0x080058c8       0x18 ./Core/Src/syscalls.o
                0x080058c8                _close
 .text._fstat   0x080058e0       0x20 ./Core/Src/syscalls.o
                0x080058e0                _fstat
 .text._isatty  0x08005900       0x16 ./Core/Src/syscalls.o
                0x08005900                _isatty
 .text._lseek   0x08005916       0x1a ./Core/Src/syscalls.o
                0x08005916                _lseek
 .text._sbrk    0x08005930       0x6c ./Core/Src/sysmem.o
                0x08005930                _sbrk
 .text.SystemInit
                0x0800599c       0x24 ./Core/Src/system_stm32g4xx.o
                0x0800599c                SystemInit
 .text.uart_init
                0x080059c0       0x78 ./Core/Src/uart.o
                0x080059c0                uart_init
 .text.uart_send
                0x08005a38       0x2c ./Core/Src/uart.o
                0x08005a38                uart_send
 .text.uart_rx_callback
                0x08005a64       0x98 ./Core/Src/uart.o
                0x08005a64                uart_rx_callback
 .text.uart_process
                0x08005afc       0x30 ./Core/Src/uart.o
                0x08005afc                uart_process
 .text.Reset_Handler
                0x08005b2c       0x50 ./Core/Startup/startup_stm32g474qetx.o
                0x08005b2c                Reset_Handler
 .text.Default_Handler
                0x08005b7c        0x2 ./Core/Startup/startup_stm32g474qetx.o
                0x08005b7c                TIM1_BRK_TIM15_IRQHandler
                0x08005b7c                TIM8_TRG_COM_IRQHandler
                0x08005b7c                TIM8_CC_IRQHandler
                0x08005b7c                SPI4_IRQHandler
                0x08005b7c                FDCAN3_IT0_IRQHandler
                0x08005b7c                TIM1_CC_IRQHandler
                0x08005b7c                HRTIM1_FLT_IRQHandler
                0x08005b7c                HRTIM1_TIMF_IRQHandler
                0x08005b7c                USB_HP_IRQHandler
                0x08005b7c                CORDIC_IRQHandler
                0x08005b7c                HRTIM1_TIMD_IRQHandler
                0x08005b7c                DMA2_Channel8_IRQHandler
                0x08005b7c                I2C3_ER_IRQHandler
                0x08005b7c                I2C2_EV_IRQHandler
                0x08005b7c                FPU_IRQHandler
                0x08005b7c                FDCAN1_IT1_IRQHandler
                0x08005b7c                TIM1_UP_TIM16_IRQHandler
                0x08005b7c                ADC1_2_IRQHandler
                0x08005b7c                HRTIM1_TIME_IRQHandler
                0x08005b7c                SPI1_IRQHandler
                0x08005b7c                TIM6_DAC_IRQHandler
                0x08005b7c                HRTIM1_TIMC_IRQHandler
                0x08005b7c                TIM8_UP_IRQHandler
                0x08005b7c                DMA2_Channel2_IRQHandler
                0x08005b7c                TIM20_TRG_COM_IRQHandler
                0x08005b7c                USART3_IRQHandler
                0x08005b7c                DMA1_Channel7_IRQHandler
                0x08005b7c                UART5_IRQHandler
                0x08005b7c                ADC3_IRQHandler
                0x08005b7c                DMA2_Channel1_IRQHandler
                0x08005b7c                QUADSPI_IRQHandler
                0x08005b7c                I2C1_EV_IRQHandler
                0x08005b7c                UART4_IRQHandler
                0x08005b7c                DMA2_Channel4_IRQHandler
                0x08005b7c                RCC_IRQHandler
                0x08005b7c                TIM20_UP_IRQHandler
                0x08005b7c                Default_Handler
                0x08005b7c                DMA2_Channel7_IRQHandler
                0x08005b7c                RTC_TAMP_LSECSS_IRQHandler
                0x08005b7c                FMAC_IRQHandler
                0x08005b7c                DMA1_Channel8_IRQHandler
                0x08005b7c                HRTIM1_TIMA_IRQHandler
                0x08005b7c                TIM7_DAC_IRQHandler
                0x08005b7c                FDCAN3_IT1_IRQHandler
                0x08005b7c                UCPD1_IRQHandler
                0x08005b7c                I2C3_EV_IRQHandler
                0x08005b7c                RTC_WKUP_IRQHandler
                0x08005b7c                PVD_PVM_IRQHandler
                0x08005b7c                SPI2_IRQHandler
                0x08005b7c                ADC5_IRQHandler
                0x08005b7c                DMA2_Channel5_IRQHandler
                0x08005b7c                CRS_IRQHandler
                0x08005b7c                USB_LP_IRQHandler
                0x08005b7c                RNG_IRQHandler
                0x08005b7c                HRTIM1_TIMB_IRQHandler
                0x08005b7c                TIM1_TRG_COM_TIM17_IRQHandler
                0x08005b7c                FDCAN2_IT1_IRQHandler
                0x08005b7c                ADC4_IRQHandler
                0x08005b7c                WWDG_IRQHandler
                0x08005b7c                I2C4_EV_IRQHandler
                0x08005b7c                FDCAN2_IT0_IRQHandler
                0x08005b7c                LPUART1_IRQHandler
                0x08005b7c                DMA2_Channel6_IRQHandler
                0x08005b7c                FDCAN1_IT0_IRQHandler
                0x08005b7c                COMP7_IRQHandler
                0x08005b7c                COMP1_2_3_IRQHandler
                0x08005b7c                COMP4_5_6_IRQHandler
                0x08005b7c                TIM20_BRK_IRQHandler
                0x08005b7c                I2C2_ER_IRQHandler
                0x08005b7c                TIM8_BRK_IRQHandler
                0x08005b7c                FLASH_IRQHandler
                0x08005b7c                TIM20_CC_IRQHandler
                0x08005b7c                USART1_IRQHandler
                0x08005b7c                SPI3_IRQHandler
                0x08005b7c                I2C1_ER_IRQHandler
                0x08005b7c                FMC_IRQHandler
                0x08005b7c                LPTIM1_IRQHandler
                0x08005b7c                DMAMUX_OVR_IRQHandler
                0x08005b7c                I2C4_ER_IRQHandler
                0x08005b7c                USBWakeUp_IRQHandler
                0x08005b7c                SAI1_IRQHandler
                0x08005b7c                DMA2_Channel3_IRQHandler
                0x08005b7c                RTC_Alarm_IRQHandler
 .text.HAL_Init
                0x08005b7e       0x30 ./Drivers/STM32G4xx_HAL_Driver/Src/stm32g4xx_hal.o
                0x08005b7e                HAL_Init
 *fill*         0x08005bae        0x2 
 .text.HAL_InitTick
                0x08005bb0       0x74 ./Drivers/STM32G4xx_HAL_Driver/Src/stm32g4xx_hal.o
                0x08005bb0                HAL_InitTick
 .text.HAL_IncTick
                0x08005c24       0x24 ./Drivers/STM32G4xx_HAL_Driver/Src/stm32g4xx_hal.o
                0x08005c24                HAL_IncTick
 .text.HAL_GetTick
                0x08005c48       0x18 ./Drivers/STM32G4xx_HAL_Driver/Src/stm32g4xx_hal.o
                0x08005c48                HAL_GetTick
 .text.__NVIC_SetPriorityGrouping
                0x08005c60       0x48 ./Drivers/STM32G4xx_HAL_Driver/Src/stm32g4xx_hal_cortex.o
 .text.__NVIC_GetPriorityGrouping
                0x08005ca8       0x1c ./Drivers/STM32G4xx_HAL_Driver/Src/stm32g4xx_hal_cortex.o
 .text.__NVIC_EnableIRQ
                0x08005cc4       0x3c ./Drivers/STM32G4xx_HAL_Driver/Src/stm32g4xx_hal_cortex.o
 .text.__NVIC_SetPriority
                0x08005d00       0x54 ./Drivers/STM32G4xx_HAL_Driver/Src/stm32g4xx_hal_cortex.o
 .text.NVIC_EncodePriority
                0x08005d54       0x66 ./Drivers/STM32G4xx_HAL_Driver/Src/stm32g4xx_hal_cortex.o
 *fill*         0x08005dba        0x2 
 .text.SysTick_Config
                0x08005dbc       0x44 ./Drivers/STM32G4xx_HAL_Driver/Src/stm32g4xx_hal_cortex.o
 .text.HAL_NVIC_SetPriorityGrouping
                0x08005e00       0x16 ./Drivers/STM32G4xx_HAL_Driver/Src/stm32g4xx_hal_cortex.o
                0x08005e00                HAL_NVIC_SetPriorityGrouping
 .text.HAL_NVIC_SetPriority
                0x08005e16       0x34 ./Drivers/STM32G4xx_HAL_Driver/Src/stm32g4xx_hal_cortex.o
                0x08005e16                HAL_NVIC_SetPriority
 .text.HAL_NVIC_EnableIRQ
                0x08005e4a       0x1c ./Drivers/STM32G4xx_HAL_Driver/Src/stm32g4xx_hal_cortex.o
                0x08005e4a                HAL_NVIC_EnableIRQ
 .text.HAL_SYSTICK_Config
                0x08005e66       0x18 ./Drivers/STM32G4xx_HAL_Driver/Src/stm32g4xx_hal_cortex.o
                0x08005e66                HAL_SYSTICK_Config
 *fill*         0x08005e7e        0x2 
 .text.HAL_DMA_Init
                0x08005e80      0x150 ./Drivers/STM32G4xx_HAL_Driver/Src/stm32g4xx_hal_dma.o
                0x08005e80                HAL_DMA_Init
 .text.HAL_DMA_Start_IT
                0x08005fd0       0xf6 ./Drivers/STM32G4xx_HAL_Driver/Src/stm32g4xx_hal_dma.o
                0x08005fd0                HAL_DMA_Start_IT
 .text.HAL_DMA_Abort
                0x080060c6       0xbc ./Drivers/STM32G4xx_HAL_Driver/Src/stm32g4xx_hal_dma.o
                0x080060c6                HAL_DMA_Abort
 .text.HAL_DMA_Abort_IT
                0x08006182       0xce ./Drivers/STM32G4xx_HAL_Driver/Src/stm32g4xx_hal_dma.o
                0x08006182                HAL_DMA_Abort_IT
 .text.HAL_DMA_IRQHandler
                0x08006250      0x15e ./Drivers/STM32G4xx_HAL_Driver/Src/stm32g4xx_hal_dma.o
                0x08006250                HAL_DMA_IRQHandler
 .text.DMA_SetConfig
                0x080063ae       0x7c ./Drivers/STM32G4xx_HAL_Driver/Src/stm32g4xx_hal_dma.o
 *fill*         0x0800642a        0x2 
 .text.DMA_CalcDMAMUXChannelBaseAndMask
                0x0800642c       0x90 ./Drivers/STM32G4xx_HAL_Driver/Src/stm32g4xx_hal_dma.o
 .text.DMA_CalcDMAMUXRequestGenBaseAndMask
                0x080064bc       0x4c ./Drivers/STM32G4xx_HAL_Driver/Src/stm32g4xx_hal_dma.o
 .text.HAL_GPIO_Init
                0x08006508      0x318 ./Drivers/STM32G4xx_HAL_Driver/Src/stm32g4xx_hal_gpio.o
                0x08006508                HAL_GPIO_Init
 .text.HAL_HRTIM_Init
                0x08006820      0x1a0 ./Drivers/STM32G4xx_HAL_Driver/Src/stm32g4xx_hal_hrtim.o
                0x08006820                HAL_HRTIM_Init
 .text.HAL_HRTIM_DLLCalibrationStart
                0x080069c0       0xb0 ./Drivers/STM32G4xx_HAL_Driver/Src/stm32g4xx_hal_hrtim.o
                0x080069c0                HAL_HRTIM_DLLCalibrationStart
 .text.HAL_HRTIM_PollForDLLCalibration
                0x08006a70       0x68 ./Drivers/STM32G4xx_HAL_Driver/Src/stm32g4xx_hal_hrtim.o
                0x08006a70                HAL_HRTIM_PollForDLLCalibration
 .text.HAL_HRTIM_TimeBaseConfig
                0x08006ad8       0x50 ./Drivers/STM32G4xx_HAL_Driver/Src/stm32g4xx_hal_hrtim.o
                0x08006ad8                HAL_HRTIM_TimeBaseConfig
 .text.HAL_HRTIM_FaultConfig
                0x08006b28      0x380 ./Drivers/STM32G4xx_HAL_Driver/Src/stm32g4xx_hal_hrtim.o
                0x08006b28                HAL_HRTIM_FaultConfig
 .text.HAL_HRTIM_FaultModeCtl
                0x08006ea8      0x104 ./Drivers/STM32G4xx_HAL_Driver/Src/stm32g4xx_hal_hrtim.o
                0x08006ea8                HAL_HRTIM_FaultModeCtl
 .text.HAL_HRTIM_WaveformTimerConfig
                0x08006fac      0x11a ./Drivers/STM32G4xx_HAL_Driver/Src/stm32g4xx_hal_hrtim.o
                0x08006fac                HAL_HRTIM_WaveformTimerConfig
 *fill*         0x080070c6        0x2 
 .text.HAL_HRTIM_DeadTimeConfig
                0x080070c8      0x100 ./Drivers/STM32G4xx_HAL_Driver/Src/stm32g4xx_hal_hrtim.o
                0x080070c8                HAL_HRTIM_DeadTimeConfig
 .text.HAL_HRTIM_WaveformCompareConfig
                0x080071c8      0x2dc ./Drivers/STM32G4xx_HAL_Driver/Src/stm32g4xx_hal_hrtim.o
                0x080071c8                HAL_HRTIM_WaveformCompareConfig
 .text.HAL_HRTIM_WaveformOutputConfig
                0x080074a4       0x62 ./Drivers/STM32G4xx_HAL_Driver/Src/stm32g4xx_hal_hrtim.o
                0x080074a4                HAL_HRTIM_WaveformOutputConfig
 *fill*         0x08007506        0x2 
 .text.HAL_HRTIM_WaveformSetOutputLevel
                0x08007508      0x1b8 ./Drivers/STM32G4xx_HAL_Driver/Src/stm32g4xx_hal_hrtim.o
                0x08007508                HAL_HRTIM_WaveformSetOutputLevel
 .text.HAL_HRTIM_WaveformOutputStop
                0x080076c0       0x5a ./Drivers/STM32G4xx_HAL_Driver/Src/stm32g4xx_hal_hrtim.o
                0x080076c0                HAL_HRTIM_WaveformOutputStop
 .text.HAL_HRTIM_WaveformCountStart
                0x0800771a       0x56 ./Drivers/STM32G4xx_HAL_Driver/Src/stm32g4xx_hal_hrtim.o
                0x0800771a                HAL_HRTIM_WaveformCountStart
 .text.HAL_HRTIM_WaveformCountStop
                0x08007770       0x58 ./Drivers/STM32G4xx_HAL_Driver/Src/stm32g4xx_hal_hrtim.o
                0x08007770                HAL_HRTIM_WaveformCountStop
 .text.HRTIM_MasterBase_Config
                0x080077c8       0x5e ./Drivers/STM32G4xx_HAL_Driver/Src/stm32g4xx_hal_hrtim.o
 .text.HRTIM_TimingUnitBase_Config
                0x08007826       0x80 ./Drivers/STM32G4xx_HAL_Driver/Src/stm32g4xx_hal_hrtim.o
 .text.HRTIM_MasterWaveform_Config
                0x080078a6      0x13a ./Drivers/STM32G4xx_HAL_Driver/Src/stm32g4xx_hal_hrtim.o
 .text.HRTIM_TimingUnitWaveform_Config
                0x080079e0      0x314 ./Drivers/STM32G4xx_HAL_Driver/Src/stm32g4xx_hal_hrtim.o
 .text.HRTIM_OutputConfig
                0x08007cf4      0x1d0 ./Drivers/STM32G4xx_HAL_Driver/Src/stm32g4xx_hal_hrtim.o
 .text.HRTIM_ForceRegistersUpdate
                0x08007ec4       0xdc ./Drivers/STM32G4xx_HAL_Driver/Src/stm32g4xx_hal_hrtim.o
 .text.HAL_PWREx_ControlVoltageScaling
                0x08007fa0      0x148 ./Drivers/STM32G4xx_HAL_Driver/Src/stm32g4xx_hal_pwr_ex.o
                0x08007fa0                HAL_PWREx_ControlVoltageScaling
 .text.HAL_PWREx_DisableUCPDDeadBattery
                0x080080e8       0x20 ./Drivers/STM32G4xx_HAL_Driver/Src/stm32g4xx_hal_pwr_ex.o
                0x080080e8                HAL_PWREx_DisableUCPDDeadBattery
 .text.HAL_QSPI_Init
                0x08008108       0xf8 ./Drivers/STM32G4xx_HAL_Driver/Src/stm32g4xx_hal_qspi.o
                0x08008108                HAL_QSPI_Init
 .text.HAL_QSPI_Command
                0x08008200       0xbc ./Drivers/STM32G4xx_HAL_Driver/Src/stm32g4xx_hal_qspi.o
                0x08008200                HAL_QSPI_Command
 .text.HAL_QSPI_Receive
                0x080082bc      0x13a ./Drivers/STM32G4xx_HAL_Driver/Src/stm32g4xx_hal_qspi.o
                0x080082bc                HAL_QSPI_Receive
 .text.HAL_QSPI_SetTimeout
                0x080083f6       0x1c ./Drivers/STM32G4xx_HAL_Driver/Src/stm32g4xx_hal_qspi.o
                0x080083f6                HAL_QSPI_SetTimeout
 .text.QSPI_WaitFlagStateUntilTimeout
                0x08008412       0x6e ./Drivers/STM32G4xx_HAL_Driver/Src/stm32g4xx_hal_qspi.o
 .text.QSPI_Config
                0x08008480      0x32e ./Drivers/STM32G4xx_HAL_Driver/Src/stm32g4xx_hal_qspi.o
 *fill*         0x080087ae        0x2 
 .text.HAL_RCC_OscConfig
                0x080087b0      0x624 ./Drivers/STM32G4xx_HAL_Driver/Src/stm32g4xx_hal_rcc.o
                0x080087b0                HAL_RCC_OscConfig
 .text.HAL_RCC_ClockConfig
                0x08008dd4      0x278 ./Drivers/STM32G4xx_HAL_Driver/Src/stm32g4xx_hal_rcc.o
                0x08008dd4                HAL_RCC_ClockConfig
 .text.HAL_RCC_GetSysClockFreq
                0x0800904c       0xc4 ./Drivers/STM32G4xx_HAL_Driver/Src/stm32g4xx_hal_rcc.o
                0x0800904c                HAL_RCC_GetSysClockFreq
 .text.HAL_RCC_GetHCLKFreq
                0x08009110       0x18 ./Drivers/STM32G4xx_HAL_Driver/Src/stm32g4xx_hal_rcc.o
                0x08009110                HAL_RCC_GetHCLKFreq
 .text.HAL_RCC_GetPCLK1Freq
                0x08009128       0x2c ./Drivers/STM32G4xx_HAL_Driver/Src/stm32g4xx_hal_rcc.o
                0x08009128                HAL_RCC_GetPCLK1Freq
 .text.HAL_RCC_GetPCLK2Freq
                0x08009154       0x2c ./Drivers/STM32G4xx_HAL_Driver/Src/stm32g4xx_hal_rcc.o
                0x08009154                HAL_RCC_GetPCLK2Freq
 .text.RCC_GetSysClockFreqFromPLLSource
                0x08009180       0x8c ./Drivers/STM32G4xx_HAL_Driver/Src/stm32g4xx_hal_rcc.o
 .text.HAL_RCCEx_PeriphCLKConfig
                0x0800920c      0x49c ./Drivers/STM32G4xx_HAL_Driver/Src/stm32g4xx_hal_rcc_ex.o
                0x0800920c                HAL_RCCEx_PeriphCLKConfig
 .text.HAL_TIM_IC_Init
                0x080096a8       0xae ./Drivers/STM32G4xx_HAL_Driver/Src/stm32g4xx_hal_tim.o
                0x080096a8                HAL_TIM_IC_Init
 *fill*         0x08009756        0x2 
 .text.HAL_TIM_IC_Start_DMA
                0x08009758      0x3a4 ./Drivers/STM32G4xx_HAL_Driver/Src/stm32g4xx_hal_tim.o
                0x08009758                HAL_TIM_IC_Start_DMA
 .text.HAL_TIM_IC_Stop_DMA
                0x08009afc      0x1a4 ./Drivers/STM32G4xx_HAL_Driver/Src/stm32g4xx_hal_tim.o
                0x08009afc                HAL_TIM_IC_Stop_DMA
 .text.HAL_TIM_IRQHandler
                0x08009ca0      0x29e ./Drivers/STM32G4xx_HAL_Driver/Src/stm32g4xx_hal_tim.o
                0x08009ca0                HAL_TIM_IRQHandler
 .text.HAL_TIM_IC_ConfigChannel
                0x08009f3e      0x138 ./Drivers/STM32G4xx_HAL_Driver/Src/stm32g4xx_hal_tim.o
                0x08009f3e                HAL_TIM_IC_ConfigChannel
 .text.HAL_TIM_PeriodElapsedCallback
                0x0800a076       0x14 ./Drivers/STM32G4xx_HAL_Driver/Src/stm32g4xx_hal_tim.o
                0x0800a076                HAL_TIM_PeriodElapsedCallback
 .text.HAL_TIM_OC_DelayElapsedCallback
                0x0800a08a       0x14 ./Drivers/STM32G4xx_HAL_Driver/Src/stm32g4xx_hal_tim.o
                0x0800a08a                HAL_TIM_OC_DelayElapsedCallback
 .text.HAL_TIM_PWM_PulseFinishedCallback
                0x0800a09e       0x14 ./Drivers/STM32G4xx_HAL_Driver/Src/stm32g4xx_hal_tim.o
                0x0800a09e                HAL_TIM_PWM_PulseFinishedCallback
 .text.HAL_TIM_TriggerCallback
                0x0800a0b2       0x14 ./Drivers/STM32G4xx_HAL_Driver/Src/stm32g4xx_hal_tim.o
                0x0800a0b2                HAL_TIM_TriggerCallback
 .text.HAL_TIM_ErrorCallback
                0x0800a0c6       0x14 ./Drivers/STM32G4xx_HAL_Driver/Src/stm32g4xx_hal_tim.o
                0x0800a0c6                HAL_TIM_ErrorCallback
 .text.TIM_DMAError
                0x0800a0da       0x92 ./Drivers/STM32G4xx_HAL_Driver/Src/stm32g4xx_hal_tim.o
                0x0800a0da                TIM_DMAError
 .text.TIM_DMACaptureCplt
                0x0800a16c       0xc8 ./Drivers/STM32G4xx_HAL_Driver/Src/stm32g4xx_hal_tim.o
                0x0800a16c                TIM_DMACaptureCplt
 .text.TIM_DMACaptureHalfCplt
                0x0800a234       0x68 ./Drivers/STM32G4xx_HAL_Driver/Src/stm32g4xx_hal_tim.o
                0x0800a234                TIM_DMACaptureHalfCplt
 .text.TIM_Base_SetConfig
                0x0800a29c      0x15c ./Drivers/STM32G4xx_HAL_Driver/Src/stm32g4xx_hal_tim.o
                0x0800a29c                TIM_Base_SetConfig
 .text.TIM_TI1_SetConfig
                0x0800a3f8      0x12c ./Drivers/STM32G4xx_HAL_Driver/Src/stm32g4xx_hal_tim.o
                0x0800a3f8                TIM_TI1_SetConfig
 .text.TIM_TI2_SetConfig
                0x0800a524       0xac ./Drivers/STM32G4xx_HAL_Driver/Src/stm32g4xx_hal_tim.o
 .text.TIM_TI3_SetConfig
                0x0800a5d0       0xa8 ./Drivers/STM32G4xx_HAL_Driver/Src/stm32g4xx_hal_tim.o
 .text.TIM_TI4_SetConfig
                0x0800a678       0xac ./Drivers/STM32G4xx_HAL_Driver/Src/stm32g4xx_hal_tim.o
 .text.TIM_CCxChannelCmd
                0x0800a724       0x4a ./Drivers/STM32G4xx_HAL_Driver/Src/stm32g4xx_hal_tim.o
                0x0800a724                TIM_CCxChannelCmd
 .text.HAL_TIMEx_CommutCallback
                0x0800a76e       0x14 ./Drivers/STM32G4xx_HAL_Driver/Src/stm32g4xx_hal_tim_ex.o
                0x0800a76e                HAL_TIMEx_CommutCallback
 .text.HAL_TIMEx_BreakCallback
                0x0800a782       0x14 ./Drivers/STM32G4xx_HAL_Driver/Src/stm32g4xx_hal_tim_ex.o
                0x0800a782                HAL_TIMEx_BreakCallback
 .text.HAL_TIMEx_Break2Callback
                0x0800a796       0x14 ./Drivers/STM32G4xx_HAL_Driver/Src/stm32g4xx_hal_tim_ex.o
                0x0800a796                HAL_TIMEx_Break2Callback
 .text.HAL_TIMEx_EncoderIndexCallback
                0x0800a7aa       0x14 ./Drivers/STM32G4xx_HAL_Driver/Src/stm32g4xx_hal_tim_ex.o
                0x0800a7aa                HAL_TIMEx_EncoderIndexCallback
 .text.HAL_TIMEx_DirectionChangeCallback
                0x0800a7be       0x14 ./Drivers/STM32G4xx_HAL_Driver/Src/stm32g4xx_hal_tim_ex.o
                0x0800a7be                HAL_TIMEx_DirectionChangeCallback
 .text.HAL_TIMEx_IndexErrorCallback
                0x0800a7d2       0x14 ./Drivers/STM32G4xx_HAL_Driver/Src/stm32g4xx_hal_tim_ex.o
                0x0800a7d2                HAL_TIMEx_IndexErrorCallback
 .text.HAL_TIMEx_TransitionErrorCallback
                0x0800a7e6       0x14 ./Drivers/STM32G4xx_HAL_Driver/Src/stm32g4xx_hal_tim_ex.o
                0x0800a7e6                HAL_TIMEx_TransitionErrorCallback
 .text.HAL_UART_Init
                0x0800a7fa       0xa0 ./Drivers/STM32G4xx_HAL_Driver/Src/stm32g4xx_hal_uart.o
                0x0800a7fa                HAL_UART_Init
 .text.HAL_UART_Transmit
                0x0800a89a      0x132 ./Drivers/STM32G4xx_HAL_Driver/Src/stm32g4xx_hal_uart.o
                0x0800a89a                HAL_UART_Transmit
 .text.HAL_UART_Receive_IT
                0x0800a9cc       0x98 ./Drivers/STM32G4xx_HAL_Driver/Src/stm32g4xx_hal_uart.o
                0x0800a9cc                HAL_UART_Receive_IT
 .text.HAL_UART_IRQHandler
                0x0800aa64      0x684 ./Drivers/STM32G4xx_HAL_Driver/Src/stm32g4xx_hal_uart.o
                0x0800aa64                HAL_UART_IRQHandler
 .text.HAL_UART_TxCpltCallback
                0x0800b0e8       0x14 ./Drivers/STM32G4xx_HAL_Driver/Src/stm32g4xx_hal_uart.o
                0x0800b0e8                HAL_UART_TxCpltCallback
 .text.HAL_UART_ErrorCallback
                0x0800b0fc       0x14 ./Drivers/STM32G4xx_HAL_Driver/Src/stm32g4xx_hal_uart.o
                0x0800b0fc                HAL_UART_ErrorCallback
 .text.HAL_UARTEx_RxEventCallback
                0x0800b110       0x18 ./Drivers/STM32G4xx_HAL_Driver/Src/stm32g4xx_hal_uart.o
                0x0800b110                HAL_UARTEx_RxEventCallback
 .text.UART_SetConfig
                0x0800b128      0x5f8 ./Drivers/STM32G4xx_HAL_Driver/Src/stm32g4xx_hal_uart.o
                0x0800b128                UART_SetConfig
 .text.UART_AdvFeatureConfig
                0x0800b720      0x144 ./Drivers/STM32G4xx_HAL_Driver/Src/stm32g4xx_hal_uart.o
                0x0800b720                UART_AdvFeatureConfig
 .text.UART_CheckIdleState
                0x0800b864      0x154 ./Drivers/STM32G4xx_HAL_Driver/Src/stm32g4xx_hal_uart.o
                0x0800b864                UART_CheckIdleState
 .text.UART_WaitOnFlagUntilTimeout
                0x0800b9b8       0xda ./Drivers/STM32G4xx_HAL_Driver/Src/stm32g4xx_hal_uart.o
                0x0800b9b8                UART_WaitOnFlagUntilTimeout
 *fill*         0x0800ba92        0x2 
 .text.UART_Start_Receive_IT
                0x0800ba94      0x244 ./Drivers/STM32G4xx_HAL_Driver/Src/stm32g4xx_hal_uart.o
                0x0800ba94                UART_Start_Receive_IT
 .text.UART_EndRxTransfer
                0x0800bcd8       0xcc ./Drivers/STM32G4xx_HAL_Driver/Src/stm32g4xx_hal_uart.o
 .text.UART_DMAAbortOnError
                0x0800bda4       0x1c ./Drivers/STM32G4xx_HAL_Driver/Src/stm32g4xx_hal_uart.o
 .text.UART_EndTransmit_IT
                0x0800bdc0       0x56 ./Drivers/STM32G4xx_HAL_Driver/Src/stm32g4xx_hal_uart.o
 *fill*         0x0800be16        0x2 
 .text.UART_RxISR_8BIT
                0x0800be18      0x1b8 ./Drivers/STM32G4xx_HAL_Driver/Src/stm32g4xx_hal_uart.o
 .text.UART_RxISR_16BIT
                0x0800bfd0      0x1b8 ./Drivers/STM32G4xx_HAL_Driver/Src/stm32g4xx_hal_uart.o
 .text.UART_RxISR_8BIT_FIFOEN
                0x0800c188      0x364 ./Drivers/STM32G4xx_HAL_Driver/Src/stm32g4xx_hal_uart.o
 .text.UART_RxISR_16BIT_FIFOEN
                0x0800c4ec      0x36c ./Drivers/STM32G4xx_HAL_Driver/Src/stm32g4xx_hal_uart.o
 .text.HAL_UARTEx_WakeupCallback
                0x0800c858       0x14 ./Drivers/STM32G4xx_HAL_Driver/Src/stm32g4xx_hal_uart_ex.o
                0x0800c858                HAL_UARTEx_WakeupCallback
 .text.HAL_UARTEx_RxFifoFullCallback
                0x0800c86c       0x14 ./Drivers/STM32G4xx_HAL_Driver/Src/stm32g4xx_hal_uart_ex.o
                0x0800c86c                HAL_UARTEx_RxFifoFullCallback
 .text.HAL_UARTEx_TxFifoEmptyCallback
                0x0800c880       0x14 ./Drivers/STM32G4xx_HAL_Driver/Src/stm32g4xx_hal_uart_ex.o
                0x0800c880                HAL_UARTEx_TxFifoEmptyCallback
 .text.HAL_UARTEx_DisableFifoMode
                0x0800c894       0x72 ./Drivers/STM32G4xx_HAL_Driver/Src/stm32g4xx_hal_uart_ex.o
                0x0800c894                HAL_UARTEx_DisableFifoMode
 .text.HAL_UARTEx_SetTxFifoThreshold
                0x0800c906       0x7c ./Drivers/STM32G4xx_HAL_Driver/Src/stm32g4xx_hal_uart_ex.o
                0x0800c906                HAL_UARTEx_SetTxFifoThreshold
 .text.HAL_UARTEx_SetRxFifoThreshold
                0x0800c982       0x7c ./Drivers/STM32G4xx_HAL_Driver/Src/stm32g4xx_hal_uart_ex.o
                0x0800c982                HAL_UARTEx_SetRxFifoThreshold
 *fill*         0x0800c9fe        0x2 
 .text.UARTEx_SetNbDataToProcess
                0x0800ca00       0x9c ./Drivers/STM32G4xx_HAL_Driver/Src/stm32g4xx_hal_uart_ex.o
 .text.atof     0x0800ca9c        0x6 /Applications/STM32CubeIDE.app/Contents/Eclipse/plugins/com.st.stm32cube.ide.mcu.externaltools.gnu-tools-for-stm32.13.3.rel1.macos64_1.0.0.202411102158/tools/bin/../lib/gcc/arm-none-eabi/13.3.1/../../../../arm-none-eabi/lib/thumb/v7e-m+fp/hard/libc_nano.a(libc_a-atof.o)
                0x0800ca9c                atof
 .text.atol     0x0800caa2        0x8 /Applications/STM32CubeIDE.app/Contents/Eclipse/plugins/com.st.stm32cube.ide.mcu.externaltools.gnu-tools-for-stm32.13.3.rel1.macos64_1.0.0.202411102158/tools/bin/../lib/gcc/arm-none-eabi/13.3.1/../../../../arm-none-eabi/lib/thumb/v7e-m+fp/hard/libc_nano.a(libc_a-atol.o)
                0x0800caa2                atol
 *fill*         0x0800caaa        0x2 
 .text.snprintf
                0x0800caac       0x6c /Applications/STM32CubeIDE.app/Contents/Eclipse/plugins/com.st.stm32cube.ide.mcu.externaltools.gnu-tools-for-stm32.13.3.rel1.macos64_1.0.0.202411102158/tools/bin/../lib/gcc/arm-none-eabi/13.3.1/../../../../arm-none-eabi/lib/thumb/v7e-m+fp/hard/libc_nano.a(libc_a-snprintf.o)
                0x0800caac                snprintf
                0x0800caac                sniprintf
 .text.std      0x0800cb18       0x6c /Applications/STM32CubeIDE.app/Contents/Eclipse/plugins/com.st.stm32cube.ide.mcu.externaltools.gnu-tools-for-stm32.13.3.rel1.macos64_1.0.0.202411102158/tools/bin/../lib/gcc/arm-none-eabi/13.3.1/../../../../arm-none-eabi/lib/thumb/v7e-m+fp/hard/libc_nano.a(libc_a-findfp.o)
 .text.stdio_exit_handler
                0x0800cb84       0x18 /Applications/STM32CubeIDE.app/Contents/Eclipse/plugins/com.st.stm32cube.ide.mcu.externaltools.gnu-tools-for-stm32.13.3.rel1.macos64_1.0.0.202411102158/tools/bin/../lib/gcc/arm-none-eabi/13.3.1/../../../../arm-none-eabi/lib/thumb/v7e-m+fp/hard/libc_nano.a(libc_a-findfp.o)
 .text.cleanup_stdio
                0x0800cb9c       0x40 /Applications/STM32CubeIDE.app/Contents/Eclipse/plugins/com.st.stm32cube.ide.mcu.externaltools.gnu-tools-for-stm32.13.3.rel1.macos64_1.0.0.202411102158/tools/bin/../lib/gcc/arm-none-eabi/13.3.1/../../../../arm-none-eabi/lib/thumb/v7e-m+fp/hard/libc_nano.a(libc_a-findfp.o)
 .text.global_stdio_init.part.0
                0x0800cbdc       0x3c /Applications/STM32CubeIDE.app/Contents/Eclipse/plugins/com.st.stm32cube.ide.mcu.externaltools.gnu-tools-for-stm32.13.3.rel1.macos64_1.0.0.202411102158/tools/bin/../lib/gcc/arm-none-eabi/13.3.1/../../../../arm-none-eabi/lib/thumb/v7e-m+fp/hard/libc_nano.a(libc_a-findfp.o)
 .text.__sfp_lock_acquire
                0x0800cc18        0xc /Applications/STM32CubeIDE.app/Contents/Eclipse/plugins/com.st.stm32cube.ide.mcu.externaltools.gnu-tools-for-stm32.13.3.rel1.macos64_1.0.0.202411102158/tools/bin/../lib/gcc/arm-none-eabi/13.3.1/../../../../arm-none-eabi/lib/thumb/v7e-m+fp/hard/libc_nano.a(libc_a-findfp.o)
                0x0800cc18                __sfp_lock_acquire
 .text.__sfp_lock_release
                0x0800cc24        0xc /Applications/STM32CubeIDE.app/Contents/Eclipse/plugins/com.st.stm32cube.ide.mcu.externaltools.gnu-tools-for-stm32.13.3.rel1.macos64_1.0.0.202411102158/tools/bin/../lib/gcc/arm-none-eabi/13.3.1/../../../../arm-none-eabi/lib/thumb/v7e-m+fp/hard/libc_nano.a(libc_a-findfp.o)
                0x0800cc24                __sfp_lock_release
 .text.__sinit  0x0800cc30       0x30 /Applications/STM32CubeIDE.app/Contents/Eclipse/plugins/com.st.stm32cube.ide.mcu.externaltools.gnu-tools-for-stm32.13.3.rel1.macos64_1.0.0.202411102158/tools/bin/../lib/gcc/arm-none-eabi/13.3.1/../../../../arm-none-eabi/lib/thumb/v7e-m+fp/hard/libc_nano.a(libc_a-findfp.o)
                0x0800cc30                __sinit
 .text.sulp     0x0800cc60       0x3c /Applications/STM32CubeIDE.app/Contents/Eclipse/plugins/com.st.stm32cube.ide.mcu.externaltools.gnu-tools-for-stm32.13.3.rel1.macos64_1.0.0.202411102158/tools/bin/../lib/gcc/arm-none-eabi/13.3.1/../../../../arm-none-eabi/lib/thumb/v7e-m+fp/hard/libc_nano.a(libc_a-strtod.o)
 *fill*         0x0800cc9c        0x4 
 .text._strtod_l
                0x0800cca0      0xbc8 /Applications/STM32CubeIDE.app/Contents/Eclipse/plugins/com.st.stm32cube.ide.mcu.externaltools.gnu-tools-for-stm32.13.3.rel1.macos64_1.0.0.202411102158/tools/bin/../lib/gcc/arm-none-eabi/13.3.1/../../../../arm-none-eabi/lib/thumb/v7e-m+fp/hard/libc_nano.a(libc_a-strtod.o)
                0x0800cca0                _strtod_l
 .text.strtod   0x0800d868       0x18 /Applications/STM32CubeIDE.app/Contents/Eclipse/plugins/com.st.stm32cube.ide.mcu.externaltools.gnu-tools-for-stm32.13.3.rel1.macos64_1.0.0.202411102158/tools/bin/../lib/gcc/arm-none-eabi/13.3.1/../../../../arm-none-eabi/lib/thumb/v7e-m+fp/hard/libc_nano.a(libc_a-strtod.o)
                0x0800d868                strtod
 .text._strtol_l.isra.0
                0x0800d880       0xf4 /Applications/STM32CubeIDE.app/Contents/Eclipse/plugins/com.st.stm32cube.ide.mcu.externaltools.gnu-tools-for-stm32.13.3.rel1.macos64_1.0.0.202411102158/tools/bin/../lib/gcc/arm-none-eabi/13.3.1/../../../../arm-none-eabi/lib/thumb/v7e-m+fp/hard/libc_nano.a(libc_a-strtol.o)
 .text.strtol   0x0800d974       0x14 /Applications/STM32CubeIDE.app/Contents/Eclipse/plugins/com.st.stm32cube.ide.mcu.externaltools.gnu-tools-for-stm32.13.3.rel1.macos64_1.0.0.202411102158/tools/bin/../lib/gcc/arm-none-eabi/13.3.1/../../../../arm-none-eabi/lib/thumb/v7e-m+fp/hard/libc_nano.a(libc_a-strtol.o)
                0x0800d974                strtol
 .text._fwalk_sglue
                0x0800d988       0x3c /Applications/STM32CubeIDE.app/Contents/Eclipse/plugins/com.st.stm32cube.ide.mcu.externaltools.gnu-tools-for-stm32.13.3.rel1.macos64_1.0.0.202411102158/tools/bin/../lib/gcc/arm-none-eabi/13.3.1/../../../../arm-none-eabi/lib/thumb/v7e-m+fp/hard/libc_nano.a(libc_a-fwalk.o)
                0x0800d988                _fwalk_sglue
 .text.memcmp   0x0800d9c4       0x20 /Applications/STM32CubeIDE.app/Contents/Eclipse/plugins/com.st.stm32cube.ide.mcu.externaltools.gnu-tools-for-stm32.13.3.rel1.macos64_1.0.0.202411102158/tools/bin/../lib/gcc/arm-none-eabi/13.3.1/../../../../arm-none-eabi/lib/thumb/v7e-m+fp/hard/libc_nano.a(libc_a-memcmp.o)
                0x0800d9c4                memcmp
 .text.memset   0x0800d9e4       0x10 /Applications/STM32CubeIDE.app/Contents/Eclipse/plugins/com.st.stm32cube.ide.mcu.externaltools.gnu-tools-for-stm32.13.3.rel1.macos64_1.0.0.202411102158/tools/bin/../lib/gcc/arm-none-eabi/13.3.1/../../../../arm-none-eabi/lib/thumb/v7e-m+fp/hard/libc_nano.a(libc_a-memset.o)
                0x0800d9e4                memset
 .text.strncasecmp
                0x0800d9f4       0x40 /Applications/STM32CubeIDE.app/Contents/Eclipse/plugins/com.st.stm32cube.ide.mcu.externaltools.gnu-tools-for-stm32.13.3.rel1.macos64_1.0.0.202411102158/tools/bin/../lib/gcc/arm-none-eabi/13.3.1/../../../../arm-none-eabi/lib/thumb/v7e-m+fp/hard/libc_nano.a(libc_a-strncasecmp.o)
                0x0800d9f4                strncasecmp
 .text.strncmp  0x0800da34       0x24 /Applications/STM32CubeIDE.app/Contents/Eclipse/plugins/com.st.stm32cube.ide.mcu.externaltools.gnu-tools-for-stm32.13.3.rel1.macos64_1.0.0.202411102158/tools/bin/../lib/gcc/arm-none-eabi/13.3.1/../../../../arm-none-eabi/lib/thumb/v7e-m+fp/hard/libc_nano.a(libc_a-strncmp.o)
                0x0800da34                strncmp
 .text.strtok   0x0800da58       0x68 /Applications/STM32CubeIDE.app/Contents/Eclipse/plugins/com.st.stm32cube.ide.mcu.externaltools.gnu-tools-for-stm32.13.3.rel1.macos64_1.0.0.202411102158/tools/bin/../lib/gcc/arm-none-eabi/13.3.1/../../../../arm-none-eabi/lib/thumb/v7e-m+fp/hard/libc_nano.a(libc_a-strtok.o)
                0x0800da58                strtok
 .text.__strtok_r
                0x0800dac0       0x50 /Applications/STM32CubeIDE.app/Contents/Eclipse/plugins/com.st.stm32cube.ide.mcu.externaltools.gnu-tools-for-stm32.13.3.rel1.macos64_1.0.0.202411102158/tools/bin/../lib/gcc/arm-none-eabi/13.3.1/../../../../arm-none-eabi/lib/thumb/v7e-m+fp/hard/libc_nano.a(libc_a-strtok_r.o)
                0x0800dac0                __strtok_r
 .text.strtok_r
                0x0800db10        0x6 /Applications/STM32CubeIDE.app/Contents/Eclipse/plugins/com.st.stm32cube.ide.mcu.externaltools.gnu-tools-for-stm32.13.3.rel1.macos64_1.0.0.202411102158/tools/bin/../lib/gcc/arm-none-eabi/13.3.1/../../../../arm-none-eabi/lib/thumb/v7e-m+fp/hard/libc_nano.a(libc_a-strtok_r.o)
                0x0800db10                strtok_r
 *fill*         0x0800db16        0x2 
 .text.__errno  0x0800db18        0xc /Applications/STM32CubeIDE.app/Contents/Eclipse/plugins/com.st.stm32cube.ide.mcu.externaltools.gnu-tools-for-stm32.13.3.rel1.macos64_1.0.0.202411102158/tools/bin/../lib/gcc/arm-none-eabi/13.3.1/../../../../arm-none-eabi/lib/thumb/v7e-m+fp/hard/libc_nano.a(libc_a-errno.o)
                0x0800db18                __errno
 .text.__libc_init_array
                0x0800db24       0x48 /Applications/STM32CubeIDE.app/Contents/Eclipse/plugins/com.st.stm32cube.ide.mcu.externaltools.gnu-tools-for-stm32.13.3.rel1.macos64_1.0.0.202411102158/tools/bin/../lib/gcc/arm-none-eabi/13.3.1/../../../../arm-none-eabi/lib/thumb/v7e-m+fp/hard/libc_nano.a(libc_a-init.o)
                0x0800db24                __libc_init_array
 .text.__retarget_lock_init_recursive
                0x0800db6c        0x2 /Applications/STM32CubeIDE.app/Contents/Eclipse/plugins/com.st.stm32cube.ide.mcu.externaltools.gnu-tools-for-stm32.13.3.rel1.macos64_1.0.0.202411102158/tools/bin/../lib/gcc/arm-none-eabi/13.3.1/../../../../arm-none-eabi/lib/thumb/v7e-m+fp/hard/libc_nano.a(libc_a-lock.o)
                0x0800db6c                __retarget_lock_init_recursive
 .text.__retarget_lock_acquire_recursive
                0x0800db6e        0x2 /Applications/STM32CubeIDE.app/Contents/Eclipse/plugins/com.st.stm32cube.ide.mcu.externaltools.gnu-tools-for-stm32.13.3.rel1.macos64_1.0.0.202411102158/tools/bin/../lib/gcc/arm-none-eabi/13.3.1/../../../../arm-none-eabi/lib/thumb/v7e-m+fp/hard/libc_nano.a(libc_a-lock.o)
                0x0800db6e                __retarget_lock_acquire_recursive
 .text.__retarget_lock_release_recursive
                0x0800db70        0x2 /Applications/STM32CubeIDE.app/Contents/Eclipse/plugins/com.st.stm32cube.ide.mcu.externaltools.gnu-tools-for-stm32.13.3.rel1.macos64_1.0.0.202411102158/tools/bin/../lib/gcc/arm-none-eabi/13.3.1/../../../../arm-none-eabi/lib/thumb/v7e-m+fp/hard/libc_nano.a(libc_a-lock.o)
                0x0800db70                __retarget_lock_release_recursive
 .text.strcpy   0x0800db72       0x10 /Applications/STM32CubeIDE.app/Contents/Eclipse/plugins/com.st.stm32cube.ide.mcu.externaltools.gnu-tools-for-stm32.13.3.rel1.macos64_1.0.0.202411102158/tools/bin/../lib/gcc/arm-none-eabi/13.3.1/../../../../arm-none-eabi/lib/thumb/v7e-m+fp/hard/libc_nano.a(libc_a-strcpy.o)
                0x0800db72                strcpy
 .text.memcpy   0x0800db82       0x1c /Applications/STM32CubeIDE.app/Contents/Eclipse/plugins/com.st.stm32cube.ide.mcu.externaltools.gnu-tools-for-stm32.13.3.rel1.macos64_1.0.0.202411102158/tools/bin/../lib/gcc/arm-none-eabi/13.3.1/../../../../arm-none-eabi/lib/thumb/v7e-m+fp/hard/libc_nano.a(libc_a-memcpy-stub.o)
                0x0800db82                memcpy
 *fill*         0x0800db9e        0x2 
 .text.nan      0x0800dba0       0x10 /Applications/STM32CubeIDE.app/Contents/Eclipse/plugins/com.st.stm32cube.ide.mcu.externaltools.gnu-tools-for-stm32.13.3.rel1.macos64_1.0.0.202411102158/tools/bin/../lib/gcc/arm-none-eabi/13.3.1/../../../../arm-none-eabi/lib/thumb/v7e-m+fp/hard/libc_nano.a(libm_a-s_nan.o)
                0x0800dba0                nan
 .text.__assert_func
                0x0800dbb0       0x3c /Applications/STM32CubeIDE.app/Contents/Eclipse/plugins/com.st.stm32cube.ide.mcu.externaltools.gnu-tools-for-stm32.13.3.rel1.macos64_1.0.0.202411102158/tools/bin/../lib/gcc/arm-none-eabi/13.3.1/../../../../arm-none-eabi/lib/thumb/v7e-m+fp/hard/libc_nano.a(libc_a-assert.o)
                0x0800dbb0                __assert_func
 .text.rshift   0x0800dbec       0xa4 /Applications/STM32CubeIDE.app/Contents/Eclipse/plugins/com.st.stm32cube.ide.mcu.externaltools.gnu-tools-for-stm32.13.3.rel1.macos64_1.0.0.202411102158/tools/bin/../lib/gcc/arm-none-eabi/13.3.1/../../../../arm-none-eabi/lib/thumb/v7e-m+fp/hard/libc_nano.a(libc_a-gdtoa-gethex.o)
 .text.__hexdig_fun
                0x0800dc90       0x2a /Applications/STM32CubeIDE.app/Contents/Eclipse/plugins/com.st.stm32cube.ide.mcu.externaltools.gnu-tools-for-stm32.13.3.rel1.macos64_1.0.0.202411102158/tools/bin/../lib/gcc/arm-none-eabi/13.3.1/../../../../arm-none-eabi/lib/thumb/v7e-m+fp/hard/libc_nano.a(libc_a-gdtoa-gethex.o)
                0x0800dc90                __hexdig_fun
 *fill*         0x0800dcba        0x2 
 .text.__gethex
                0x0800dcbc      0x420 /Applications/STM32CubeIDE.app/Contents/Eclipse/plugins/com.st.stm32cube.ide.mcu.externaltools.gnu-tools-for-stm32.13.3.rel1.macos64_1.0.0.202411102158/tools/bin/../lib/gcc/arm-none-eabi/13.3.1/../../../../arm-none-eabi/lib/thumb/v7e-m+fp/hard/libc_nano.a(libc_a-gdtoa-gethex.o)
                0x0800dcbc                __gethex
 .text.L_shift  0x0800e0dc       0x24 /Applications/STM32CubeIDE.app/Contents/Eclipse/plugins/com.st.stm32cube.ide.mcu.externaltools.gnu-tools-for-stm32.13.3.rel1.macos64_1.0.0.202411102158/tools/bin/../lib/gcc/arm-none-eabi/13.3.1/../../../../arm-none-eabi/lib/thumb/v7e-m+fp/hard/libc_nano.a(libc_a-gdtoa-hexnan.o)
 .text.__match  0x0800e100       0x28 /Applications/STM32CubeIDE.app/Contents/Eclipse/plugins/com.st.stm32cube.ide.mcu.externaltools.gnu-tools-for-stm32.13.3.rel1.macos64_1.0.0.202411102158/tools/bin/../lib/gcc/arm-none-eabi/13.3.1/../../../../arm-none-eabi/lib/thumb/v7e-m+fp/hard/libc_nano.a(libc_a-gdtoa-hexnan.o)
                0x0800e100                __match
 .text.__hexnan
                0x0800e128      0x136 /Applications/STM32CubeIDE.app/Contents/Eclipse/plugins/com.st.stm32cube.ide.mcu.externaltools.gnu-tools-for-stm32.13.3.rel1.macos64_1.0.0.202411102158/tools/bin/../lib/gcc/arm-none-eabi/13.3.1/../../../../arm-none-eabi/lib/thumb/v7e-m+fp/hard/libc_nano.a(libc_a-gdtoa-hexnan.o)
                0x0800e128                __hexnan
 .text.__ssputs_r
                0x0800e25e       0xb6 /Applications/STM32CubeIDE.app/Contents/Eclipse/plugins/com.st.stm32cube.ide.mcu.externaltools.gnu-tools-for-stm32.13.3.rel1.macos64_1.0.0.202411102158/tools/bin/../lib/gcc/arm-none-eabi/13.3.1/../../../../arm-none-eabi/lib/thumb/v7e-m+fp/hard/libc_nano.a(libc_a-nano-svfprintf.o)
                0x0800e25e                __ssputs_r
 .text._svfprintf_r
                0x0800e314      0x1f8 /Applications/STM32CubeIDE.app/Contents/Eclipse/plugins/com.st.stm32cube.ide.mcu.externaltools.gnu-tools-for-stm32.13.3.rel1.macos64_1.0.0.202411102158/tools/bin/../lib/gcc/arm-none-eabi/13.3.1/../../../../arm-none-eabi/lib/thumb/v7e-m+fp/hard/libc_nano.a(libc_a-nano-svfprintf.o)
                0x0800e314                _svfprintf_r
                0x0800e314                _svfiprintf_r
 .text.malloc   0x0800e50c       0x10 /Applications/STM32CubeIDE.app/Contents/Eclipse/plugins/com.st.stm32cube.ide.mcu.externaltools.gnu-tools-for-stm32.13.3.rel1.macos64_1.0.0.202411102158/tools/bin/../lib/gcc/arm-none-eabi/13.3.1/../../../../arm-none-eabi/lib/thumb/v7e-m+fp/hard/libc_nano.a(libc_a-malloc.o)
                0x0800e50c                malloc
 .text.sbrk_aligned
                0x0800e51c       0x44 /Applications/STM32CubeIDE.app/Contents/Eclipse/plugins/com.st.stm32cube.ide.mcu.externaltools.gnu-tools-for-stm32.13.3.rel1.macos64_1.0.0.202411102158/tools/bin/../lib/gcc/arm-none-eabi/13.3.1/../../../../arm-none-eabi/lib/thumb/v7e-m+fp/hard/libc_nano.a(libc_a-mallocr.o)
 .text._malloc_r
                0x0800e560      0x100 /Applications/STM32CubeIDE.app/Contents/Eclipse/plugins/com.st.stm32cube.ide.mcu.externaltools.gnu-tools-for-stm32.13.3.rel1.macos64_1.0.0.202411102158/tools/bin/../lib/gcc/arm-none-eabi/13.3.1/../../../../arm-none-eabi/lib/thumb/v7e-m+fp/hard/libc_nano.a(libc_a-mallocr.o)
                0x0800e560                _malloc_r
 .text.__ascii_mbtowc
                0x0800e660       0x24 /Applications/STM32CubeIDE.app/Contents/Eclipse/plugins/com.st.stm32cube.ide.mcu.externaltools.gnu-tools-for-stm32.13.3.rel1.macos64_1.0.0.202411102158/tools/bin/../lib/gcc/arm-none-eabi/13.3.1/../../../../arm-none-eabi/lib/thumb/v7e-m+fp/hard/libc_nano.a(libc_a-mbtowc_r.o)
                0x0800e660                __ascii_mbtowc
 .text._printf_common
                0x0800e684       0xda /Applications/STM32CubeIDE.app/Contents/Eclipse/plugins/com.st.stm32cube.ide.mcu.externaltools.gnu-tools-for-stm32.13.3.rel1.macos64_1.0.0.202411102158/tools/bin/../lib/gcc/arm-none-eabi/13.3.1/../../../../arm-none-eabi/lib/thumb/v7e-m+fp/hard/libc_nano.a(libc_a-nano-vfprintf_i.o)
                0x0800e684                _printf_common
 *fill*         0x0800e75e        0x2 
 .text._printf_i
                0x0800e760      0x23c /Applications/STM32CubeIDE.app/Contents/Eclipse/plugins/com.st.stm32cube.ide.mcu.externaltools.gnu-tools-for-stm32.13.3.rel1.macos64_1.0.0.202411102158/tools/bin/../lib/gcc/arm-none-eabi/13.3.1/../../../../arm-none-eabi/lib/thumb/v7e-m+fp/hard/libc_nano.a(libc_a-nano-vfprintf_i.o)
                0x0800e760                _printf_i
 .text.__sflush_r
                0x0800e99c      0x108 /Applications/STM32CubeIDE.app/Contents/Eclipse/plugins/com.st.stm32cube.ide.mcu.externaltools.gnu-tools-for-stm32.13.3.rel1.macos64_1.0.0.202411102158/tools/bin/../lib/gcc/arm-none-eabi/13.3.1/../../../../arm-none-eabi/lib/thumb/v7e-m+fp/hard/libc_nano.a(libc_a-fflush.o)
                0x0800e99c                __sflush_r
 .text._fflush_r
                0x0800eaa4       0x50 /Applications/STM32CubeIDE.app/Contents/Eclipse/plugins/com.st.stm32cube.ide.mcu.externaltools.gnu-tools-for-stm32.13.3.rel1.macos64_1.0.0.202411102158/tools/bin/../lib/gcc/arm-none-eabi/13.3.1/../../../../arm-none-eabi/lib/thumb/v7e-m+fp/hard/libc_nano.a(libc_a-fflush.o)
                0x0800eaa4                _fflush_r
 .text.__malloc_lock
                0x0800eaf4        0xc /Applications/STM32CubeIDE.app/Contents/Eclipse/plugins/com.st.stm32cube.ide.mcu.externaltools.gnu-tools-for-stm32.13.3.rel1.macos64_1.0.0.202411102158/tools/bin/../lib/gcc/arm-none-eabi/13.3.1/../../../../arm-none-eabi/lib/thumb/v7e-m+fp/hard/libc_nano.a(libc_a-mlock.o)
                0x0800eaf4                __malloc_lock
 .text.__malloc_unlock
                0x0800eb00        0xc /Applications/STM32CubeIDE.app/Contents/Eclipse/plugins/com.st.stm32cube.ide.mcu.externaltools.gnu-tools-for-stm32.13.3.rel1.macos64_1.0.0.202411102158/tools/bin/../lib/gcc/arm-none-eabi/13.3.1/../../../../arm-none-eabi/lib/thumb/v7e-m+fp/hard/libc_nano.a(libc_a-mlock.o)
                0x0800eb00                __malloc_unlock
 .text._Balloc  0x0800eb0c       0x80 /Applications/STM32CubeIDE.app/Contents/Eclipse/plugins/com.st.stm32cube.ide.mcu.externaltools.gnu-tools-for-stm32.13.3.rel1.macos64_1.0.0.202411102158/tools/bin/../lib/gcc/arm-none-eabi/13.3.1/../../../../arm-none-eabi/lib/thumb/v7e-m+fp/hard/libc_nano.a(libc_a-mprec.o)
                0x0800eb0c                _Balloc
 .text._Bfree   0x0800eb8c       0x44 /Applications/STM32CubeIDE.app/Contents/Eclipse/plugins/com.st.stm32cube.ide.mcu.externaltools.gnu-tools-for-stm32.13.3.rel1.macos64_1.0.0.202411102158/tools/bin/../lib/gcc/arm-none-eabi/13.3.1/../../../../arm-none-eabi/lib/thumb/v7e-m+fp/hard/libc_nano.a(libc_a-mprec.o)
                0x0800eb8c                _Bfree
 .text.__multadd
                0x0800ebd0       0x8c /Applications/STM32CubeIDE.app/Contents/Eclipse/plugins/com.st.stm32cube.ide.mcu.externaltools.gnu-tools-for-stm32.13.3.rel1.macos64_1.0.0.202411102158/tools/bin/../lib/gcc/arm-none-eabi/13.3.1/../../../../arm-none-eabi/lib/thumb/v7e-m+fp/hard/libc_nano.a(libc_a-mprec.o)
                0x0800ebd0                __multadd
 .text.__s2b    0x0800ec5c       0x94 /Applications/STM32CubeIDE.app/Contents/Eclipse/plugins/com.st.stm32cube.ide.mcu.externaltools.gnu-tools-for-stm32.13.3.rel1.macos64_1.0.0.202411102158/tools/bin/../lib/gcc/arm-none-eabi/13.3.1/../../../../arm-none-eabi/lib/thumb/v7e-m+fp/hard/libc_nano.a(libc_a-mprec.o)
                0x0800ec5c                __s2b
 .text.__hi0bits
                0x0800ecf0       0x3e /Applications/STM32CubeIDE.app/Contents/Eclipse/plugins/com.st.stm32cube.ide.mcu.externaltools.gnu-tools-for-stm32.13.3.rel1.macos64_1.0.0.202411102158/tools/bin/../lib/gcc/arm-none-eabi/13.3.1/../../../../arm-none-eabi/lib/thumb/v7e-m+fp/hard/libc_nano.a(libc_a-mprec.o)
                0x0800ecf0                __hi0bits
 .text.__lo0bits
                0x0800ed2e       0x5a /Applications/STM32CubeIDE.app/Contents/Eclipse/plugins/com.st.stm32cube.ide.mcu.externaltools.gnu-tools-for-stm32.13.3.rel1.macos64_1.0.0.202411102158/tools/bin/../lib/gcc/arm-none-eabi/13.3.1/../../../../arm-none-eabi/lib/thumb/v7e-m+fp/hard/libc_nano.a(libc_a-mprec.o)
                0x0800ed2e                __lo0bits
 .text.__i2b    0x0800ed88       0x2c /Applications/STM32CubeIDE.app/Contents/Eclipse/plugins/com.st.stm32cube.ide.mcu.externaltools.gnu-tools-for-stm32.13.3.rel1.macos64_1.0.0.202411102158/tools/bin/../lib/gcc/arm-none-eabi/13.3.1/../../../../arm-none-eabi/lib/thumb/v7e-m+fp/hard/libc_nano.a(libc_a-mprec.o)
                0x0800ed88                __i2b
 .text.__multiply
                0x0800edb4      0x144 /Applications/STM32CubeIDE.app/Contents/Eclipse/plugins/com.st.stm32cube.ide.mcu.externaltools.gnu-tools-for-stm32.13.3.rel1.macos64_1.0.0.202411102158/tools/bin/../lib/gcc/arm-none-eabi/13.3.1/../../../../arm-none-eabi/lib/thumb/v7e-m+fp/hard/libc_nano.a(libc_a-mprec.o)
                0x0800edb4                __multiply
 .text.__pow5mult
                0x0800eef8       0xb4 /Applications/STM32CubeIDE.app/Contents/Eclipse/plugins/com.st.stm32cube.ide.mcu.externaltools.gnu-tools-for-stm32.13.3.rel1.macos64_1.0.0.202411102158/tools/bin/../lib/gcc/arm-none-eabi/13.3.1/../../../../arm-none-eabi/lib/thumb/v7e-m+fp/hard/libc_nano.a(libc_a-mprec.o)
                0x0800eef8                __pow5mult
 .text.__lshift
                0x0800efac       0xd8 /Applications/STM32CubeIDE.app/Contents/Eclipse/plugins/com.st.stm32cube.ide.mcu.externaltools.gnu-tools-for-stm32.13.3.rel1.macos64_1.0.0.202411102158/tools/bin/../lib/gcc/arm-none-eabi/13.3.1/../../../../arm-none-eabi/lib/thumb/v7e-m+fp/hard/libc_nano.a(libc_a-mprec.o)
                0x0800efac                __lshift
 .text.__mcmp   0x0800f084       0x36 /Applications/STM32CubeIDE.app/Contents/Eclipse/plugins/com.st.stm32cube.ide.mcu.externaltools.gnu-tools-for-stm32.13.3.rel1.macos64_1.0.0.202411102158/tools/bin/../lib/gcc/arm-none-eabi/13.3.1/../../../../arm-none-eabi/lib/thumb/v7e-m+fp/hard/libc_nano.a(libc_a-mprec.o)
                0x0800f084                __mcmp
 *fill*         0x0800f0ba        0x2 
 .text.__mdiff  0x0800f0bc      0x128 /Applications/STM32CubeIDE.app/Contents/Eclipse/plugins/com.st.stm32cube.ide.mcu.externaltools.gnu-tools-for-stm32.13.3.rel1.macos64_1.0.0.202411102158/tools/bin/../lib/gcc/arm-none-eabi/13.3.1/../../../../arm-none-eabi/lib/thumb/v7e-m+fp/hard/libc_nano.a(libc_a-mprec.o)
                0x0800f0bc                __mdiff
 .text.__ulp    0x0800f1e4       0x4c /Applications/STM32CubeIDE.app/Contents/Eclipse/plugins/com.st.stm32cube.ide.mcu.externaltools.gnu-tools-for-stm32.13.3.rel1.macos64_1.0.0.202411102158/tools/bin/../lib/gcc/arm-none-eabi/13.3.1/../../../../arm-none-eabi/lib/thumb/v7e-m+fp/hard/libc_nano.a(libc_a-mprec.o)
                0x0800f1e4                __ulp
 .text.__b2d    0x0800f230       0x94 /Applications/STM32CubeIDE.app/Contents/Eclipse/plugins/com.st.stm32cube.ide.mcu.externaltools.gnu-tools-for-stm32.13.3.rel1.macos64_1.0.0.202411102158/tools/bin/../lib/gcc/arm-none-eabi/13.3.1/../../../../arm-none-eabi/lib/thumb/v7e-m+fp/hard/libc_nano.a(libc_a-mprec.o)
                0x0800f230                __b2d
 .text.__d2b    0x0800f2c4       0xb0 /Applications/STM32CubeIDE.app/Contents/Eclipse/plugins/com.st.stm32cube.ide.mcu.externaltools.gnu-tools-for-stm32.13.3.rel1.macos64_1.0.0.202411102158/tools/bin/../lib/gcc/arm-none-eabi/13.3.1/../../../../arm-none-eabi/lib/thumb/v7e-m+fp/hard/libc_nano.a(libc_a-mprec.o)
                0x0800f2c4                __d2b
 .text.__ratio  0x0800f374       0x64 /Applications/STM32CubeIDE.app/Contents/Eclipse/plugins/com.st.stm32cube.ide.mcu.externaltools.gnu-tools-for-stm32.13.3.rel1.macos64_1.0.0.202411102158/tools/bin/../lib/gcc/arm-none-eabi/13.3.1/../../../../arm-none-eabi/lib/thumb/v7e-m+fp/hard/libc_nano.a(libc_a-mprec.o)
                0x0800f374                __ratio
 .text.__copybits
                0x0800f3d8       0x46 /Applications/STM32CubeIDE.app/Contents/Eclipse/plugins/com.st.stm32cube.ide.mcu.externaltools.gnu-tools-for-stm32.13.3.rel1.macos64_1.0.0.202411102158/tools/bin/../lib/gcc/arm-none-eabi/13.3.1/../../../../arm-none-eabi/lib/thumb/v7e-m+fp/hard/libc_nano.a(libc_a-mprec.o)
                0x0800f3d8                __copybits
 .text.__any_on
                0x0800f41e       0x42 /Applications/STM32CubeIDE.app/Contents/Eclipse/plugins/com.st.stm32cube.ide.mcu.externaltools.gnu-tools-for-stm32.13.3.rel1.macos64_1.0.0.202411102158/tools/bin/../lib/gcc/arm-none-eabi/13.3.1/../../../../arm-none-eabi/lib/thumb/v7e-m+fp/hard/libc_nano.a(libc_a-mprec.o)
                0x0800f41e                __any_on
 .text.__sread  0x0800f460       0x22 /Applications/STM32CubeIDE.app/Contents/Eclipse/plugins/com.st.stm32cube.ide.mcu.externaltools.gnu-tools-for-stm32.13.3.rel1.macos64_1.0.0.202411102158/tools/bin/../lib/gcc/arm-none-eabi/13.3.1/../../../../arm-none-eabi/lib/thumb/v7e-m+fp/hard/libc_nano.a(libc_a-stdio.o)
                0x0800f460                __sread
 .text.__swrite
                0x0800f482       0x38 /Applications/STM32CubeIDE.app/Contents/Eclipse/plugins/com.st.stm32cube.ide.mcu.externaltools.gnu-tools-for-stm32.13.3.rel1.macos64_1.0.0.202411102158/tools/bin/../lib/gcc/arm-none-eabi/13.3.1/../../../../arm-none-eabi/lib/thumb/v7e-m+fp/hard/libc_nano.a(libc_a-stdio.o)
                0x0800f482                __swrite
 .text.__sseek  0x0800f4ba       0x24 /Applications/STM32CubeIDE.app/Contents/Eclipse/plugins/com.st.stm32cube.ide.mcu.externaltools.gnu-tools-for-stm32.13.3.rel1.macos64_1.0.0.202411102158/tools/bin/../lib/gcc/arm-none-eabi/13.3.1/../../../../arm-none-eabi/lib/thumb/v7e-m+fp/hard/libc_nano.a(libc_a-stdio.o)
                0x0800f4ba                __sseek
 .text.__sclose
                0x0800f4de        0x8 /Applications/STM32CubeIDE.app/Contents/Eclipse/plugins/com.st.stm32cube.ide.mcu.externaltools.gnu-tools-for-stm32.13.3.rel1.macos64_1.0.0.202411102158/tools/bin/../lib/gcc/arm-none-eabi/13.3.1/../../../../arm-none-eabi/lib/thumb/v7e-m+fp/hard/libc_nano.a(libc_a-stdio.o)
                0x0800f4de                __sclose
 *fill*         0x0800f4e6        0x2 
 .text.fprintf  0x0800f4e8       0x24 /Applications/STM32CubeIDE.app/Contents/Eclipse/plugins/com.st.stm32cube.ide.mcu.externaltools.gnu-tools-for-stm32.13.3.rel1.macos64_1.0.0.202411102158/tools/bin/../lib/gcc/arm-none-eabi/13.3.1/../../../../arm-none-eabi/lib/thumb/v7e-m+fp/hard/libc_nano.a(libc_a-fprintf.o)
                0x0800f4e8                fprintf
                0x0800f4e8                fiprintf
 .text._realloc_r
                0x0800f50c       0x5c /Applications/STM32CubeIDE.app/Contents/Eclipse/plugins/com.st.stm32cube.ide.mcu.externaltools.gnu-tools-for-stm32.13.3.rel1.macos64_1.0.0.202411102158/tools/bin/../lib/gcc/arm-none-eabi/13.3.1/../../../../arm-none-eabi/lib/thumb/v7e-m+fp/hard/libc_nano.a(libc_a-reallocr.o)
                0x0800f50c                _realloc_r
 .text.__ascii_wctomb
                0x0800f568       0x1a /Applications/STM32CubeIDE.app/Contents/Eclipse/plugins/com.st.stm32cube.ide.mcu.externaltools.gnu-tools-for-stm32.13.3.rel1.macos64_1.0.0.202411102158/tools/bin/../lib/gcc/arm-none-eabi/13.3.1/../../../../arm-none-eabi/lib/thumb/v7e-m+fp/hard/libc_nano.a(libc_a-wctomb_r.o)
                0x0800f568                __ascii_wctomb
 .text.memmove  0x0800f582       0x34 /Applications/STM32CubeIDE.app/Contents/Eclipse/plugins/com.st.stm32cube.ide.mcu.externaltools.gnu-tools-for-stm32.13.3.rel1.macos64_1.0.0.202411102158/tools/bin/../lib/gcc/arm-none-eabi/13.3.1/../../../../arm-none-eabi/lib/thumb/v7e-m+fp/hard/libc_nano.a(libc_a-memmove.o)
                0x0800f582                memmove
 *fill*         0x0800f5b6        0x2 
 .text._lseek_r
                0x0800f5b8       0x24 /Applications/STM32CubeIDE.app/Contents/Eclipse/plugins/com.st.stm32cube.ide.mcu.externaltools.gnu-tools-for-stm32.13.3.rel1.macos64_1.0.0.202411102158/tools/bin/../lib/gcc/arm-none-eabi/13.3.1/../../../../arm-none-eabi/lib/thumb/v7e-m+fp/hard/libc_nano.a(libc_a-lseekr.o)
                0x0800f5b8                _lseek_r
 .text._read_r  0x0800f5dc       0x24 /Applications/STM32CubeIDE.app/Contents/Eclipse/plugins/com.st.stm32cube.ide.mcu.externaltools.gnu-tools-for-stm32.13.3.rel1.macos64_1.0.0.202411102158/tools/bin/../lib/gcc/arm-none-eabi/13.3.1/../../../../arm-none-eabi/lib/thumb/v7e-m+fp/hard/libc_nano.a(libc_a-readr.o)
                0x0800f5dc                _read_r
 .text._sbrk_r  0x0800f600       0x20 /Applications/STM32CubeIDE.app/Contents/Eclipse/plugins/com.st.stm32cube.ide.mcu.externaltools.gnu-tools-for-stm32.13.3.rel1.macos64_1.0.0.202411102158/tools/bin/../lib/gcc/arm-none-eabi/13.3.1/../../../../arm-none-eabi/lib/thumb/v7e-m+fp/hard/libc_nano.a(libc_a-sbrkr.o)
                0x0800f600                _sbrk_r
 .text._write_r
                0x0800f620       0x24 /Applications/STM32CubeIDE.app/Contents/Eclipse/plugins/com.st.stm32cube.ide.mcu.externaltools.gnu-tools-for-stm32.13.3.rel1.macos64_1.0.0.202411102158/tools/bin/../lib/gcc/arm-none-eabi/13.3.1/../../../../arm-none-eabi/lib/thumb/v7e-m+fp/hard/libc_nano.a(libc_a-writer.o)
                0x0800f620                _write_r
 .text._close_r
                0x0800f644       0x20 /Applications/STM32CubeIDE.app/Contents/Eclipse/plugins/com.st.stm32cube.ide.mcu.externaltools.gnu-tools-for-stm32.13.3.rel1.macos64_1.0.0.202411102158/tools/bin/../lib/gcc/arm-none-eabi/13.3.1/../../../../arm-none-eabi/lib/thumb/v7e-m+fp/hard/libc_nano.a(libc_a-closer.o)
                0x0800f644                _close_r
 .text.abort    0x0800f664        0xe /Applications/STM32CubeIDE.app/Contents/Eclipse/plugins/com.st.stm32cube.ide.mcu.externaltools.gnu-tools-for-stm32.13.3.rel1.macos64_1.0.0.202411102158/tools/bin/../lib/gcc/arm-none-eabi/13.3.1/../../../../arm-none-eabi/lib/thumb/v7e-m+fp/hard/libc_nano.a(libc_a-abort.o)
                0x0800f664                abort
 .text._calloc_r
                0x0800f672       0x28 /Applications/STM32CubeIDE.app/Contents/Eclipse/plugins/com.st.stm32cube.ide.mcu.externaltools.gnu-tools-for-stm32.13.3.rel1.macos64_1.0.0.202411102158/tools/bin/../lib/gcc/arm-none-eabi/13.3.1/../../../../arm-none-eabi/lib/thumb/v7e-m+fp/hard/libc_nano.a(libc_a-callocr.o)
                0x0800f672                _calloc_r
 *fill*         0x0800f69a        0x2 
 .text._free_r  0x0800f69c       0x94 /Applications/STM32CubeIDE.app/Contents/Eclipse/plugins/com.st.stm32cube.ide.mcu.externaltools.gnu-tools-for-stm32.13.3.rel1.macos64_1.0.0.202411102158/tools/bin/../lib/gcc/arm-none-eabi/13.3.1/../../../../arm-none-eabi/lib/thumb/v7e-m+fp/hard/libc_nano.a(libc_a-freer.o)
                0x0800f69c                _free_r
 .text.__sfputc_r
                0x0800f730       0x2e /Applications/STM32CubeIDE.app/Contents/Eclipse/plugins/com.st.stm32cube.ide.mcu.externaltools.gnu-tools-for-stm32.13.3.rel1.macos64_1.0.0.202411102158/tools/bin/../lib/gcc/arm-none-eabi/13.3.1/../../../../arm-none-eabi/lib/thumb/v7e-m+fp/hard/libc_nano.a(libc_a-nano-vfprintf.o)
 .text.__sfputs_r
                0x0800f75e       0x24 /Applications/STM32CubeIDE.app/Contents/Eclipse/plugins/com.st.stm32cube.ide.mcu.externaltools.gnu-tools-for-stm32.13.3.rel1.macos64_1.0.0.202411102158/tools/bin/../lib/gcc/arm-none-eabi/13.3.1/../../../../arm-none-eabi/lib/thumb/v7e-m+fp/hard/libc_nano.a(libc_a-nano-vfprintf.o)
                0x0800f75e                __sfputs_r
 *fill*         0x0800f782        0x2 
 .text._vfprintf_r
                0x0800f784      0x230 /Applications/STM32CubeIDE.app/Contents/Eclipse/plugins/com.st.stm32cube.ide.mcu.externaltools.gnu-tools-for-stm32.13.3.rel1.macos64_1.0.0.202411102158/tools/bin/../lib/gcc/arm-none-eabi/13.3.1/../../../../arm-none-eabi/lib/thumb/v7e-m+fp/hard/libc_nano.a(libc_a-nano-vfprintf.o)
                0x0800f784                _vfiprintf_r
                0x0800f784                _vfprintf_r
 .text._malloc_usable_size_r
                0x0800f9b4       0x10 /Applications/STM32CubeIDE.app/Contents/Eclipse/plugins/com.st.stm32cube.ide.mcu.externaltools.gnu-tools-for-stm32.13.3.rel1.macos64_1.0.0.202411102158/tools/bin/../lib/gcc/arm-none-eabi/13.3.1/../../../../arm-none-eabi/lib/thumb/v7e-m+fp/hard/libc_nano.a(libc_a-msizer.o)
                0x0800f9b4                _malloc_usable_size_r
 .text.__swbuf_r
                0x0800f9c4       0x7c /Applications/STM32CubeIDE.app/Contents/Eclipse/plugins/com.st.stm32cube.ide.mcu.externaltools.gnu-tools-for-stm32.13.3.rel1.macos64_1.0.0.202411102158/tools/bin/../lib/gcc/arm-none-eabi/13.3.1/../../../../arm-none-eabi/lib/thumb/v7e-m+fp/hard/libc_nano.a(libc_a-wbuf.o)
                0x0800f9c4                __swbuf_r
 .text.__swsetup_r
                0x0800fa40       0xac /Applications/STM32CubeIDE.app/Contents/Eclipse/plugins/com.st.stm32cube.ide.mcu.externaltools.gnu-tools-for-stm32.13.3.rel1.macos64_1.0.0.202411102158/tools/bin/../lib/gcc/arm-none-eabi/13.3.1/../../../../arm-none-eabi/lib/thumb/v7e-m+fp/hard/libc_nano.a(libc_a-wsetup.o)
                0x0800fa40                __swsetup_r
 .text.__swhatbuf_r
                0x0800faec       0x4c /Applications/STM32CubeIDE.app/Contents/Eclipse/plugins/com.st.stm32cube.ide.mcu.externaltools.gnu-tools-for-stm32.13.3.rel1.macos64_1.0.0.202411102158/tools/bin/../lib/gcc/arm-none-eabi/13.3.1/../../../../arm-none-eabi/lib/thumb/v7e-m+fp/hard/libc_nano.a(libc_a-makebuf.o)
                0x0800faec                __swhatbuf_r
 .text.__smakebuf_r
                0x0800fb38       0x78 /Applications/STM32CubeIDE.app/Contents/Eclipse/plugins/com.st.stm32cube.ide.mcu.externaltools.gnu-tools-for-stm32.13.3.rel1.macos64_1.0.0.202411102158/tools/bin/../lib/gcc/arm-none-eabi/13.3.1/../../../../arm-none-eabi/lib/thumb/v7e-m+fp/hard/libc_nano.a(libc_a-makebuf.o)
                0x0800fb38                __smakebuf_r
 .text._raise_r