Archive member included to satisfy reference by file (symbol)

/Applications/STM32CubeIDE.app/Contents/Eclipse/plugins/com.st.stm32cube.ide.mcu.externaltools.gnu-tools-for-stm32.13.3.rel1.macos64_1.0.0.202411102158/tools/bin/../lib/gcc/arm-none-eabi/13.3.1/../../../../arm-none-eabi/lib/thumb/v7e-m+fp/hard/libc_nano.a(libc_a-atof.o)
                              ./Core/Src/commands.o (atof)
/Applications/STM32CubeIDE.app/Contents/Eclipse/plugins/com.st.stm32cube.ide.mcu.externaltools.gnu-tools-for-stm32.13.3.rel1.macos64_1.0.0.202411102158/tools/bin/../lib/gcc/arm-none-eabi/13.3.1/../../../../arm-none-eabi/lib/thumb/v7e-m+fp/hard/libc_nano.a(libc_a-atol.o)
                              ./Core/Src/commands.o (atol)
/Applications/STM32CubeIDE.app/Contents/Eclipse/plugins/com.st.stm32cube.ide.mcu.externaltools.gnu-tools-for-stm32.13.3.rel1.macos64_1.0.0.202411102158/tools/bin/../lib/gcc/arm-none-eabi/13.3.1/../../../../arm-none-eabi/lib/thumb/v7e-m+fp/hard/libc_nano.a(libc_a-exit.o)
                              /Applications/STM32CubeIDE.app/Contents/Eclipse/plugins/com.st.stm32cube.ide.mcu.externaltools.gnu-tools-for-stm32.13.3.rel1.macos64_1.0.0.202411102158/tools/bin/../lib/gcc/arm-none-eabi/13.3.1/../../../../arm-none-eabi/lib/thumb/v7e-m+fp/hard/crt0.o (exit)
/Applications/STM32CubeIDE.app/Contents/Eclipse/plugins/com.st.stm32cube.ide.mcu.externaltools.gnu-tools-for-stm32.13.3.rel1.macos64_1.0.0.202411102158/tools/bin/../lib/gcc/arm-none-eabi/13.3.1/../../../../arm-none-eabi/lib/thumb/v7e-m+fp/hard/libc_nano.a(libc_a-nano-vfprintf_float.o)
                              (_printf_float)
/Applications/STM32CubeIDE.app/Contents/Eclipse/plugins/com.st.stm32cube.ide.mcu.externaltools.gnu-tools-for-stm32.13.3.rel1.macos64_1.0.0.202411102158/tools/bin/../lib/gcc/arm-none-eabi/13.3.1/../../../../arm-none-eabi/lib/thumb/v7e-m+fp/hard/libc_nano.a(libc_a-nano-vfprintf_i.o)
                              /Applications/STM32CubeIDE.app/Contents/Eclipse/plugins/com.st.stm32cube.ide.mcu.externaltools.gnu-tools-for-stm32.13.3.rel1.macos64_1.0.0.202411102158/tools/bin/../lib/gcc/arm-none-eabi/13.3.1/../../../../arm-none-eabi/lib/thumb/v7e-m+fp/hard/libc_nano.a(libc_a-nano-vfprintf_float.o) (_printf_common)
/Applications/STM32CubeIDE.app/Contents/Eclipse/plugins/com.st.stm32cube.ide.mcu.externaltools.gnu-tools-for-stm32.13.3.rel1.macos64_1.0.0.202411102158/tools/bin/../lib/gcc/arm-none-eabi/13.3.1/../../../../arm-none-eabi/lib/thumb/v7e-m+fp/hard/libc_nano.a(libc_a-snprintf.o)
                              ./Core/Src/commands.o (snprintf)
/Applications/STM32CubeIDE.app/Contents/Eclipse/plugins/com.st.stm32cube.ide.mcu.externaltools.gnu-tools-for-stm32.13.3.rel1.macos64_1.0.0.202411102158/tools/bin/../lib/gcc/arm-none-eabi/13.3.1/../../../../arm-none-eabi/lib/thumb/v7e-m+fp/hard/libc_nano.a(libc_a-findfp.o)
                              /Applications/STM32CubeIDE.app/Contents/Eclipse/plugins/com.st.stm32cube.ide.mcu.externaltools.gnu-tools-for-stm32.13.3.rel1.macos64_1.0.0.202411102158/tools/bin/../lib/gcc/arm-none-eabi/13.3.1/../../../../arm-none-eabi/lib/thumb/v7e-m+fp/hard/libc_nano.a(libc_a-exit.o) (__stdio_exit_handler)
/Applications/STM32CubeIDE.app/Contents/Eclipse/plugins/com.st.stm32cube.ide.mcu.externaltools.gnu-tools-for-stm32.13.3.rel1.macos64_1.0.0.202411102158/tools/bin/../lib/gcc/arm-none-eabi/13.3.1/../../../../arm-none-eabi/lib/thumb/v7e-m+fp/hard/libc_nano.a(libc_a-strtod.o)
                              /Applications/STM32CubeIDE.app/Contents/Eclipse/plugins/com.st.stm32cube.ide.mcu.externaltools.gnu-tools-for-stm32.13.3.rel1.macos64_1.0.0.202411102158/tools/bin/../lib/gcc/arm-none-eabi/13.3.1/../../../../arm-none-eabi/lib/thumb/v7e-m+fp/hard/libc_nano.a(libc_a-atof.o) (strtod)
/Applications/STM32CubeIDE.app/Contents/Eclipse/plugins/com.st.stm32cube.ide.mcu.externaltools.gnu-tools-for-stm32.13.3.rel1.macos64_1.0.0.202411102158/tools/bin/../lib/gcc/arm-none-eabi/13.3.1/../../../../arm-none-eabi/lib/thumb/v7e-m+fp/hard/libc_nano.a(libc_a-strtol.o)
                              /Applications/STM32CubeIDE.app/Contents/Eclipse/plugins/com.st.stm32cube.ide.mcu.externaltools.gnu-tools-for-stm32.13.3.rel1.macos64_1.0.0.202411102158/tools/bin/../lib/gcc/arm-none-eabi/13.3.1/../../../../arm-none-eabi/lib/thumb/v7e-m+fp/hard/libc_nano.a(libc_a-atol.o) (_strtol_r)
/Applications/STM32CubeIDE.app/Contents/Eclipse/plugins/com.st.stm32cube.ide.mcu.externaltools.gnu-tools-for-stm32.13.3.rel1.macos64_1.0.0.202411102158/tools/bin/../lib/gcc/arm-none-eabi/13.3.1/../../../../arm-none-eabi/lib/thumb/v7e-m+fp/hard/libc_nano.a(libc_a-fwalk.o)
                              /Applications/STM32CubeIDE.app/Contents/Eclipse/plugins/com.st.stm32cube.ide.mcu.externaltools.gnu-tools-for-stm32.13.3.rel1.macos64_1.0.0.202411102158/tools/bin/../lib/gcc/arm-none-eabi/13.3.1/../../../../arm-none-eabi/lib/thumb/v7e-m+fp/hard/libc_nano.a(libc_a-findfp.o) (_fwalk_sglue)
[...]
Memory Configuration

Name             Origin             Length             Attributes
RAM              0x20000000         0x00020000         xrw
FLASH            0x08000000         0x00080000         xr
*default*        0x00000000         0xffffffff

Linker script and memory map

LOAD /Applications/STM32CubeIDE.app/Contents/Eclipse/plugins/com.st.stm32cube.ide.mcu.externaltools.gnu-tools-for-stm32.13.3.rel1.macos64_1.0.0.202411102158/tools/bin/../lib/gcc/arm-none-eabi/13.3.1/thumb/v7e-m+fp/hard/crti.o
LOAD /Applications/STM32CubeIDE.app/Contents/Eclipse/plugins/com.st.stm32cube.ide.mcu.externaltools.gnu-tools-for-stm32.13.3.rel1.macos64_1.0.0.202411102158/tools/bin/../lib/gcc/arm-none-eabi/13.3.1/thumb/v7e-m+fp/hard/crtbegin.o
LOAD /Applications/STM32CubeIDE.app/Contents/Eclipse/plugins/com.st.stm32cube.ide.mcu.externaltools.gnu-tools-for-stm32.13.3.rel1.macos64_1.0.0.202411102158/tools/bin/../lib/gcc/arm-none-eabi/13.3.1/../../../../arm-none-eabi/lib/thumb/v7e-m+fp/hard/crt0.o
LOAD ./Core/Src/boot_jump.o
LOAD ./Core/Src/cmd_parser.o
LOAD ./Core/Src/commands.o
LOAD ./Core/Src/gate_driver.o
LOAD ./Core/Src/hrtim.o
LOAD ./Core/Src/main.o
LOAD ./Core/Src/pfm.o
LOAD ./Core/Src/pfm_input.o
LOAD ./Core/Src/pid.o
LOAD ./Core/Src/qspi_test.o
LOAD ./Core/Src/state_machine.o
LOAD ./Core/Src/stm32g4xx_hal_msp.o
LOAD ./Core/Src/stm32g4xx_it.o
LOAD ./Core/Src/syscalls.o
LOAD ./Core/Src/sysmem.o
LOAD ./Core/Src/system_stm32g4xx.o
LOAD ./Core/Src/uart.o
LOAD ./Core/Src/xrex_io.o
LOAD ./Core/Startup/startup_stm32g474qetx.o
LOAD ./Drivers/STM32G4xx_HAL_Driver/Src/stm32g4xx_hal.o
LOAD ./Drivers/STM32G4xx_HAL_Driver/Src/stm32g4xx_hal_cortex.o
LOAD ./Drivers/STM32G4xx_HAL_Driver/Src/stm32g4xx_hal_dma.o
LOAD ./Drivers/STM32G4xx_HAL_Driver/Src/stm32g4xx_hal_dma_ex.o
LOAD ./Drivers/STM32G4xx_HAL_Driver/Src/stm32g4xx_hal_exti.o
LOAD ./Drivers/STM32G4xx_HAL_Driver/Src/stm32g4xx_hal_flash.o
LOAD ./Drivers/STM32G4xx_HAL_Driver/Src/stm32g4xx_hal_flash_ex.o
LOAD ./Drivers/STM32G4xx_HAL_Driver/Src/stm32g4xx_hal_flash_ramfunc.o
LOAD ./Drivers/STM32G4xx_HAL_Driver/Src/stm32g4xx_hal_gpio.o
LOAD ./Drivers/STM32G4xx_HAL_Driver/Src/stm32g4xx_hal_hrtim.o
LOAD ./Drivers/STM32G4xx_HAL_Driver/Src/stm32g4xx_hal_pwr.o
LOAD ./Drivers/STM32G4xx_HAL_Driver/Src/stm32g4xx_hal_pwr_ex.o
LOAD ./Drivers/STM32G4xx_HAL_Driver/Src/stm32g4xx_hal_qspi.o
LOAD ./Drivers/STM32G4xx_HAL_Driver/Src/stm32g4xx_hal_rcc.o
LOAD ./Drivers/STM32G4xx_HAL_Driver/Src/stm32g4xx_hal_rcc_ex.o
LOAD ./Drivers/STM32G4xx_HAL_Driver/Src/stm32g4xx_hal_tim.o
LOAD ./Drivers/STM32G4xx_HAL_Driver/Src/stm32g4xx_hal_tim_ex.o
LOAD ./Drivers/STM32G4xx_HAL_Driver/Src/stm32g4xx_hal_uart.o
LOAD ./Drivers/STM32G4xx_HAL_Driver/Src/stm32g4xx_hal_uart_ex.o
START GROUP
LOAD /Applications/STM32CubeIDE.app/Contents/Eclipse/plugins/com.st.stm32cube.ide.mcu.externaltools.gnu-tools-for-stm32.13.3.rel1.macos64_1.0.0.202411102158/tools/bin/../lib/gcc/arm-none-eabi/13.3.1/../../../../arm-none-eabi/lib/thumb/v7e-m+fp/hard/libc_nano.a
LOAD /Applications/STM32CubeIDE.app/Contents/Eclipse/plugins/com.st.stm32cube.ide.mcu.externaltools.gnu-tools-for-stm32.13.3.rel1.macos64_1.0.0.202411102158/tools/bin/../lib/gcc/arm-none-eabi/13.3.1/../../../../arm-none-eabi/lib/thumb/v7e-m+fp/hard/libm.a
END GROUP
START GROUP
LOAD /Applications/STM32CubeIDE.app/Contents/Eclipse/plugins/com.st.stm32cube.ide.mcu.externaltools.gnu-tools-for-stm32.13.3.rel1.macos64_1.0.0.202411102158/tools/bin/../lib/gcc/arm-none-eabi/13.3.1/thumb/v7e-m+fp/hard/libgcc.a
LOAD /Applications/STM32CubeIDE.app/Contents/Eclipse/plugins/com.st.stm32cube.ide.mcu.externaltools.gnu-tools-for-stm32.13.3.rel1.macos64_1.0.0.202411102158/tools/bin/../lib/gcc/arm-none-eabi/13.3.1/../../../../arm-none-eabi/lib/thumb/v7e-m+fp/hard/libc_nano.a
END GROUP
START GROUP
LOAD /Applications/STM32CubeIDE.app/Contents/Eclipse/plugins/com.st.stm32cube.ide.mcu.externaltools.gnu-tools-for-stm32.13.3.rel1.macos64_1.0.0.202411102158/tools/bin/../lib/gcc/arm-none-eabi/13.3.1/thumb/v7e-m+fp/hard/libgcc.a
LOAD /Applications/STM32CubeIDE.app/Contents/Eclipse/plugins/com.st.stm32cube.ide.mcu.externaltools.gnu-tools-for-stm32.13.3.rel1.macos64_1.0.0.202411102158/tools/bin/../lib/gcc/arm-none-eabi/13.3.1/../../../../arm-none-eabi/lib/thumb/v7e-m+fp/hard/libc_nano.a
LOAD /Applications/STM32CubeIDE.app/Contents/Eclipse/plugins/com.st.stm32cube.ide.mcu.externaltools.gnu-tools-for-stm32.13.3.rel1.macos64_1.0.0.202411102158/tools/bin/../lib/gcc/arm-none-eabi/13.3.1/../../../../arm-none-eabi/lib/thumb/v7e-m+fp/hard/libnosys.a
END GROUP
START GROUP
LOAD /Applications/STM32CubeIDE.app/Contents/Eclipse/plugins/com.st.stm32cube.ide.mcu.externaltools.gnu-tools-for-stm32.13.3.rel1.macos64_1.0.0.202411102158/tools/bin/../lib/gcc/arm-none-eabi/13.3.1/thumb/v7e-m+fp/hard/libgcc.a
LOAD /Applications/STM32CubeIDE.app/Contents/Eclipse/plugins/com.st.stm32cube.ide.mcu.externaltools.gnu-tools-for-stm32.13.3.rel1.macos64_1.0.0.202411102158/tools/bin/../lib/gcc/arm-none-eabi/13.3.1/../../../../arm-none-eabi/lib/thumb/v7e-m+fp/hard/libc_nano.a
LOAD /Applications/STM32CubeIDE.app/Contents/Eclipse/plugins/com.st.stm32cube.ide.mcu.externaltools.gnu-tools-for-stm32.13.3.rel1.macos64_1.0.0.202411102158/tools/bin/../lib/gcc/arm-none-eabi/13.3.1/../../../../arm-none-eabi/lib/thumb/v7e-m+fp/hard/libnosys.a
END GROUP
LOAD /Applications/STM32CubeIDE.app/Contents/Eclipse/plugins/com.st.stm32cube.ide.mcu.externaltools.gnu-tools-for-stm32.13.3.rel1.macos64_1.0.0.202411102158/tools/bin/../lib/gcc/arm-none-eabi/13.3.1/thumb/v7e-m+fp/hard/crtend.o
LOAD /Applications/STM32CubeIDE.app/Contents/Eclipse/plugins/com.st.stm32cube.ide.mcu.externaltools.gnu-tools-for-stm32.13.3.rel1.macos64_1.0.0.202411102158/tools/bin/../lib/gcc/arm-none-eabi/13.3.1/thumb/v7e-m+fp/hard/crtn.o
                0x20020000                        _estack = (ORIGIN (RAM) + LENGTH (RAM))
                0x00000200                        _Min_Heap_Size = 0x200
                0x00000400                        _Min_Stack_Size = 0x400

.isr_vector     0x08000000      0x1d8
                0x08000000                        . = ALIGN (0x4)
 *(.isr_vector)
 .isr_vector    0x08000000      0x1d8 ./Core/Startup/startup_stm32g474qetx.o
                0x08000000                g_pfnVectors
                0x080001d8                        . = ALIGN (0x4)

.text           0x080001e0    0x13238
                0x080001e0                        . = ALIGN (0x4)
 *(.text)
 .text          0x080001e0       0x40 /Applications/STM32CubeIDE.app/Contents/Eclipse/plugins/com.st.stm32cube.ide.mcu.externaltools.gnu-tools-for-stm32.13.3.rel1.macos64_1.0.0.202411102158/tools/bin/../lib/gcc/arm-none-eabi/13.3.1/thumb/v7e-m+fp/hard/crtbegin.o
 .text          0x08000220       0x14 /Applications/STM32CubeIDE.app/Contents/Eclipse/plugins/com.st.stm32cube.ide.mcu.externaltools.gnu-tools-for-stm32.13.3.rel1.macos64_1.0.0.202411102158/tools/bin/../lib/gcc/arm-none-eabi/13.3.1/../../../../arm-none-eabi/lib/thumb/v7e-m+fp/hard/libc_nano.a(libc_a-strcmp.o)
                0x08000220                strcmp
 *fill*         0x08000234        0xc 
 .text          0x08000240       0xa0 /Applications/STM32CubeIDE.app/Contents/Eclipse/plugins/com.st.stm32cube.ide.mcu.externaltools.gnu-tools-for-stm32.13.3.rel1.macos64_1.0.0.202411102158/tools/bin/../lib/gcc/arm-none-eabi/13.3.1/../../../../arm-none-eabi/lib/thumb/v7e-m+fp/hard/libc_nano.a(libc_a-memchr.o)
                0x08000240                memchr
 .text          0x080002e0       0x10 /Applications/STM32CubeIDE.app/Contents/Eclipse/plugins/com.st.stm32cube.ide.mcu.externaltools.gnu-tools-for-stm32.13.3.rel1.macos64_1.0.0.202411102158/tools/bin/../lib/gcc/arm-none-eabi/13.3.1/../../../../arm-none-eabi/lib/thumb/v7e-m+fp/hard/libc_nano.a(libc_a-strlen.o)
                0x080002e0                strlen
 .text          0x080002f0      0x378 /Applications/STM32CubeIDE.app/Contents/Eclipse/plugins/com.st.stm32cube.ide.mcu.externaltools.gnu-tools-for-stm32.13.3.rel1.macos64_1.0.0.202411102158/tools/bin/../lib/gcc/arm-none-eabi/13.3.1/thumb/v7e-m+fp/hard/libgcc.a(_arm_addsubdf3.o)
                0x080002f0                __aeabi_drsub
                0x080002f8                __subdf3
                0x080002f8                __aeabi_dsub
                0x080002fc                __aeabi_dadd
                0x080002fc                __adddf3
                0x08000574                __aeabi_ui2d
                0x08000574                __floatunsidf
                0x08000594                __floatsidf
                0x08000594                __aeabi_i2d
                0x080005b8                __extendsfdf2
                0x080005b8                __aeabi_f2d
                0x080005fc                __aeabi_ul2d
                0x080005fc                __floatundidf
                0x0800060c                __aeabi_l2d
                0x0800060c                __floatdidf
 .text          0x08000668      0x424 /Applications/STM32CubeIDE.app/Contents/Eclipse/plugins/com.st.stm32cube.ide.mcu.externaltools.gnu-tools-for-stm32.13.3.rel1.macos64_1.0.0.202411102158/tools/bin/../lib/gcc/arm-none-eabi/13.3.1/thumb/v7e-m+fp/hard/libgcc.a(_arm_muldivdf3.o)
                0x08000668                __aeabi_dmul
                0x08000668                __muldf3
                0x080008bc                __aeabi_ddiv
                0x080008bc                __divdf3
 .text          0x08000a8c      0x110 /Applications/STM32CubeIDE.app/Contents/Eclipse/plugins/com.st.stm32cube.ide.mcu.externaltools.gnu-tools-for-stm32.13.3.rel1.macos64_1.0.0.202411102158/tools/bin/../lib/gcc/arm-none-eabi/13.3.1/thumb/v7e-m+fp/hard/libgcc.a(_arm_cmpdf2.o)
                0x08000a8c                __gedf2
                0x08000a8c                __gtdf2
                0x08000a94                __ledf2
                0x08000a94                __ltdf2
                0x08000a9c                __cmpdf2
                0x08000a9c                __eqdf2
                0x08000a9c                __nedf2
                0x08000b18                __aeabi_cdrcmple
                0x08000b28                __aeabi_cdcmple
                0x08000b28                __aeabi_cdcmpeq
                0x08000b38                __aeabi_dcmpeq
                0x08000b4c                __aeabi_dcmplt
                0x08000b60                __aeabi_dcmple
                0x08000b74                __aeabi_dcmpge
                0x08000b88                __aeabi_dcmpgt
 .text          0x08000b9c       0x2c /Applications/STM32CubeIDE.app/Contents/Eclipse/plugins/com.st.stm32cube.ide.mcu.externaltools.gnu-tools-for-stm32.13.3.rel1.macos64_1.0.0.202411102158/tools/bin/../lib/gcc/arm-none-eabi/13.3.1/thumb/v7e-m+fp/hard/libgcc.a(_arm_unorddf2.o)
                0x08000b9c                __aeabi_dcmpun
                0x08000b9c                __unorddf2
 .text          0x08000bc8       0x50 /Applications/STM32CubeIDE.app/Contents/Eclipse/plugins/com.st.stm32cube.ide.mcu.externaltools.gnu-tools-for-stm32.13.3.rel1.macos64_1.0.0.202411102158/tools/bin/../lib/gcc/arm-none-eabi/13.3.1/thumb/v7e-m+fp/hard/libgcc.a(_arm_fixdfsi.o)
                0x08000bc8                __fixdfsi
                0x08000bc8                __aeabi_d2iz
 .text          0x08000c18       0x40 /Applications/STM32CubeIDE.app/Contents/Eclipse/plugins/com.st.stm32cube.ide.mcu.externaltools.gnu-tools-for-stm32.13.3.rel1.macos64_1.0.0.202411102158/tools/bin/../lib/gcc/arm-none-eabi/13.3.1/thumb/v7e-m+fp/hard/libgcc.a(_arm_fixunsdfsi.o)
                0x08000c18                __fixunsdfsi
                0x08000c18                __aeabi_d2uiz
 .text          0x08000c58       0xa0 /Applications/STM32CubeIDE.app/Contents/Eclipse/plugins/com.st.stm32cube.ide.mcu.externaltools.gnu-tools-for-stm32.13.3.rel1.macos64_1.0.0.202411102158/tools/bin/../lib/gcc/arm-none-eabi/13.3.1/thumb/v7e-m+fp/hard/libgcc.a(_arm_truncdfsf2.o)
                0x08000c58                __aeabi_d2f
                0x08000c58                __truncdfsf2
 .text          0x08000cf8       0x30 /Applications/STM32CubeIDE.app/Contents/Eclipse/plugins/com.st.stm32cube.ide.mcu.externaltools.gnu-tools-for-stm32.13.3.rel1.macos64_1.0.0.202411102158/tools/bin/../lib/gcc/arm-none-eabi/13.3.1/thumb/v7e-m+fp/hard/libgcc.a(_aeabi_uldivmod.o)
                0x08000cf8                __aeabi_uldivmod
 .text          0x08000d28       0x30 /Applications/STM32CubeIDE.app/Contents/Eclipse/plugins/com.st.stm32cube.ide.mcu.externaltools.gnu-tools-for-stm32.13.3.rel1.macos64_1.0.0.202411102158/tools/bin/../lib/gcc/arm-none-eabi/13.3.1/thumb/v7e-m+fp/hard/libgcc.a(_fixdfdi.o)
                0x08000d28                __aeabi_d2lz
                0x08000d28                __fixdfdi
 .text          0x08000d58       0x3c /Applications/STM32CubeIDE.app/Contents/Eclipse/plugins/com.st.stm32cube.ide.mcu.externaltools.gnu-tools-for-stm32.13.3.rel1.macos64_1.0.0.202411102158/tools/bin/../lib/gcc/arm-none-eabi/13.3.1/thumb/v7e-m+fp/hard/libgcc.a(_fixunsdfdi.o)
                0x08000d58                __aeabi_d2ulz
                0x08000d58                __fixunsdfdi
 .text          0x08000d94      0x2f8 /Applications/STM32CubeIDE.app/Contents/Eclipse/plugins/com.st.stm32cube.ide.mcu.externaltools.gnu-tools-for-stm32.13.3.rel1.macos64_1.0.0.202411102158/tools/bin/../lib/gcc/arm-none-eabi/13.3.1/thumb/v7e-m+fp/hard/libgcc.a(_udivmoddi4.o)
                0x08000d94                __udivmoddi4
 .text          0x0800108c        0x4 /Applications/STM32CubeIDE.app/Contents/Eclipse/plugins/com.st.stm32cube.ide.mcu.externaltools.gnu-tools-for-stm32.13.3.rel1.macos64_1.0.0.202411102158/tools/bin/../lib/gcc/arm-none-eabi/13.3.1/thumb/v7e-m+fp/hard/libgcc.a(_dvmd_tls.o)
                0x0800108c                __aeabi_ldiv0
                0x0800108c                __aeabi_idiv0
 *(.text*)
 .text.__NVIC_SystemReset
                0x08001090       0x2c ./Core/Src/boot_jump.o
 .text.BootJump_RequestBootloader
                0x080010bc       0x18 ./Core/Src/boot_jump.o
                0x080010bc                BootJump_RequestBootloader
 .text.BootJump_CheckAndEnter
                0x080010d4       0xc0 ./Core/Src/boot_jump.o
                0x080010d4                BootJump_CheckAndEnter
 .text.scpi_token_match
                0x08001194       0xa4 ./Core/Src/cmd_parser.o
 .text.scpi_match
                0x08001238      0x1e8 ./Core/Src/cmd_parser.o
 .text.dispatch_command
                0x08001420       0x80 ./Core/Src/cmd_parser.o
                0x08001420                dispatch_command
 .text.SendErr  0x080014a0       0x38 ./Core/Src/commands.o
 .text.cmd_idn  0x080014d8       0x54 ./Core/Src/commands.o
                0x080014d8                cmd_idn
 .text.cmd_boot
                0x0800152c       0x24 ./Core/Src/commands.o
                0x0800152c                cmd_boot
 .text.cmd_table_begin
                0x08001550       0x2c ./Core/Src/commands.o
                0x08001550                cmd_table_begin
 .text.SendTableStepCountErr
                0x0800157c       0x30 ./Core/Src/commands.o
 .text.cmd_table_step
                0x080015ac      0x178 ./Core/Src/commands.o
                0x080015ac                cmd_table_step
 .text.cmd_table_end
                0x08001724       0x40 ./Core/Src/commands.o
                0x08001724                cmd_table_end
 .text.cmd_table_query
                0x08001764       0x34 ./Core/Src/commands.o
                0x08001764                cmd_table_query
 .text.AnyFaultLatched
                0x08001798       0x24 ./Core/Src/commands.o
 .text.cmd_fire
                0x080017bc       0x54 ./Core/Src/commands.o
                0x080017bc                cmd_fire
 .text.cmd_pfm_diag
                0x08001810       0x5c ./Core/Src/commands.o
                0x08001810                cmd_pfm_diag
 .text.cmd_pfm_gaplog
                0x0800186c       0xa8 ./Core/Src/commands.o
                0x0800186c                cmd_pfm_gaplog
 .text.cmd_config_channels
                0x08001914       0x30 ./Core/Src/commands.o
                0x08001914                cmd_config_channels
 .text.cmd_fault_query
                0x08001944       0x34 ./Core/Src/commands.o
                0x08001944                cmd_fault_query
 .text.cmd_fault_clear
                0x08001978       0x24 ./Core/Src/commands.o
                0x08001978                cmd_fault_clear
 .text.cmd_arm  0x0800199c       0x38 ./Core/Src/commands.o
                0x0800199c                cmd_arm
 .text.cmd_disarm
                0x080019d4       0x24 ./Core/Src/commands.o
                0x080019d4                cmd_disarm
 .text.cmd_state_query
                0x080019f8      0x108 ./Core/Src/commands.o
                0x080019f8                cmd_state_query
 .text.cmd_ext_enable
                0x08001b00       0x68 ./Core/Src/commands.o
                0x08001b00                cmd_ext_enable
 .text.cmd_ext_enable_query
                0x08001b68       0x34 ./Core/Src/commands.o
                0x08001b68                cmd_ext_enable_query
 .text.cmd_ext_enable_input_query
                0x08001b9c       0x34 ./Core/Src/commands.o
                0x08001b9c                cmd_ext_enable_input_query
 .text.cmd_ext_trigger
                0x08001bd0       0x7c ./Core/Src/commands.o
                0x08001bd0                cmd_ext_trigger
 .text.cmd_ext_trigger_query
                0x08001c4c       0x34 ./Core/Src/commands.o
                0x08001c4c                cmd_ext_trigger_query
 .text.cmd_emerg_enable
                0x08001c80       0x68 ./Core/Src/commands.o
                0x08001c80                cmd_emerg_enable
 .text.cmd_emerg_enable_query
                0x08001ce8       0x34 ./Core/Src/commands.o
                0x08001ce8                cmd_emerg_enable_query
 .text.cmd_emerg_input_query
                0x08001d1c       0x34 ./Core/Src/commands.o
                0x08001d1c                cmd_emerg_input_query
 .text.cmd_diag_gpout12
                0x08001d50       0x70 ./Core/Src/commands.o
                0x08001d50                cmd_diag_gpout12
 .text.cmd_diag_gpout12_query
                0x08001dc0       0x48 ./Core/Src/commands.o
                0x08001dc0                cmd_diag_gpout12_query
 .text.cmd_diag_optbytes_query
                0x08001e08       0x74 ./Core/Src/commands.o
                0x08001e08                cmd_diag_optbytes_query
 .text.cmd_ocp_test_fault
                0x08001e7c       0x80 ./Core/Src/commands.o
                0x08001e7c                cmd_ocp_test_fault
 .text.cmd_general_test_fault
                0x08001efc       0x24 ./Core/Src/commands.o
                0x08001efc                cmd_general_test_fault
 .text.cmd_gds_query
                0x08001f20       0xf8 ./Core/Src/commands.o
                0x08001f20                cmd_gds_query
 .text.cmd_xrex_channel_status
                0x08002018       0xf0 ./Core/Src/commands.o
                0x08002018                cmd_xrex_channel_status
 .text.cmd_qspi_id
                0x08002108       0x60 ./Core/Src/commands.o
                0x08002108                cmd_qspi_id
 .text.cmd_pfmin_capture
                0x08002168       0x7c ./Core/Src/commands.o
                0x08002168                cmd_pfmin_capture
 .text.cmd_pfmin_status
                0x080021e4       0xa8 ./Core/Src/commands.o
                0x080021e4                cmd_pfmin_status
 .text.cmd_pfmin_dmastat
                0x0800228c       0xa8 ./Core/Src/commands.o
                0x0800228c                cmd_pfmin_dmastat
 .text.cmd_pfmin_debug_raw
                0x08002334       0xfc ./Core/Src/commands.o
                0x08002334                cmd_pfmin_debug_raw
 .text.cmd_pfmin_debug_reg
                0x08002430      0x164 ./Core/Src/commands.o
                0x08002430                cmd_pfmin_debug_reg
 .text.cmd_pfmin_data
                0x08002594      0x120 ./Core/Src/commands.o
                0x08002594                cmd_pfmin_data
 .text.cmd_pid_start
                0x080026b4       0x24 ./Core/Src/commands.o
                0x080026b4                cmd_pid_start
 .text.cmd_pid_stop
                0x080026d8       0x28 ./Core/Src/commands.o
                0x080026d8                cmd_pid_stop
 .text.cmd_pid_setpoint
                0x08002700       0xc0 ./Core/Src/commands.o
                0x08002700                cmd_pid_setpoint
 .text.cmd_pid_gains
                0x080027c0      0x11c ./Core/Src/commands.o
                0x080027c0                cmd_pid_gains
 .text.cmd_pid_gains_query
                0x080028dc       0xd4 ./Core/Src/commands.o
                0x080028dc                cmd_pid_gains_query
 .text.cmd_pid_status
                0x080029b0       0xb4 ./Core/Src/commands.o
                0x080029b0                cmd_pid_status
 .text.cmd_pid_log
                0x08002a64      0x10c ./Core/Src/commands.o
                0x08002a64                cmd_pid_log
 .text.cmd_pid_logdata
                0x08002b70      0x190 ./Core/Src/commands.o
                0x08002b70                cmd_pid_logdata
 .text.cmd_pid_ramp
                0x08002d00      0x114 ./Core/Src/commands.o
                0x08002d00                cmd_pid_ramp
 .text.cmd_pid_loopmode
                0x08002e14       0xdc ./Core/Src/commands.o
                0x08002e14                cmd_pid_loopmode
 .text.cmd_pid_loopmode_query
                0x08002ef0       0x98 ./Core/Src/commands.o
                0x08002ef0                cmd_pid_loopmode_query
 .text.cmd_pid_channel_enable
                0x08002f88       0xb4 ./Core/Src/commands.o
                0x08002f88                cmd_pid_channel_enable
 .text.cmd_pid_channel_enable_query
                0x0800303c       0x98 ./Core/Src/commands.o
                0x0800303c                cmd_pid_channel_enable_query
 .text.cmd_pid_channel_nickname
                0x080030d4       0xb4 ./Core/Src/commands.o
                0x080030d4                cmd_pid_channel_nickname
 .text.cmd_pid_channel_nickname_query
                0x08003188       0xa8 ./Core/Src/commands.o
                0x08003188                cmd_pid_channel_nickname_query
 .text.cmd_pid_profile_timing
                0x08003230      0x114 ./Core/Src/commands.o
                0x08003230                cmd_pid_profile_timing
 .text.cmd_pid_profile_timing_query
                0x08003344       0x90 ./Core/Src/commands.o
                0x08003344                cmd_pid_profile_timing_query
 .text.cmd_pid_profile_current
                0x080033d4       0xdc ./Core/Src/commands.o
                0x080033d4                cmd_pid_profile_current
 .text.cmd_pid_profile_current_query
                0x080034b0       0xac ./Core/Src/commands.o
                0x080034b0                cmd_pid_profile_current_query
 .text.cmd_pid_profile_start
                0x0800355c       0x6c ./Core/Src/commands.o
                0x0800355c                cmd_pid_profile_start
 .text.GateDriver_Read
                0x080035c8       0x20 ./Core/Src/gate_driver.o
                0x080035c8                GateDriver_Read
 .text.GateDriver_CheckFault
                0x080035e8       0x44 ./Core/Src/gate_driver.o
                0x080035e8                GateDriver_CheckFault
 .text.GateDriver_FaultIsLatched
                0x0800362c       0x18 ./Core/Src/gate_driver.o
                0x0800362c                GateDriver_FaultIsLatched
 .text.GateDriver_FaultClear
                0x08003644       0x1c ./Core/Src/gate_driver.o
                0x08003644                GateDriver_FaultClear
 .text.HRTIM1_ClampCompare
                0x08003660       0x44 ./Core/Src/hrtim.o
 .text.HRTIM1_FullInit
                0x080036a4      0x498 ./Core/Src/hrtim.o
                0x080036a4                HRTIM1_FullInit
 .text.HAL_HRTIM_MspInit
                0x08003b3c      0x144 ./Core/Src/hrtim.o
                0x08003b3c                HAL_HRTIM_MspInit
 .text.HRTIM1_PWM_Start
                0x08003c80       0xd0 ./Core/Src/hrtim.o
                0x08003c80                HRTIM1_PWM_Start
 .text.HRTIM1_SetChannelOutputEnable
                0x08003d50       0x90 ./Core/Src/hrtim.o
                0x08003d50                HRTIM1_SetChannelOutputEnable
 .text.HRTIM1_EnableMasterInterrupt
                0x08003de0       0x2c ./Core/Src/hrtim.o
                0x08003de0                HRTIM1_EnableMasterInterrupt
 .text.HRTIM1_PWM_Stop
                0x08003e0c       0x70 ./Core/Src/hrtim.o
                0x08003e0c                HRTIM1_PWM_Stop
 .text.HRTIM1_FaultIsTripped
                0x08003e7c       0x28 ./Core/Src/hrtim.o
                0x08003e7c                HRTIM1_FaultIsTripped
 .text.HRTIM1_FaultClear
                0x08003ea4       0x1c ./Core/Src/hrtim.o
                0x08003ea4                HRTIM1_FaultClear
 .text.HRTIM1_SoftwareUpdate
                0x08003ec0       0x54 ./Core/Src/hrtim.o
                0x08003ec0                HRTIM1_SoftwareUpdate
 .text.HRTIM1_SetChannelPeriod
                0x08003f14       0x50 ./Core/Src/hrtim.o
                0x08003f14                HRTIM1_SetChannelPeriod
 .text.HRTIM1_ApplyPfmStep
                0x08003f64       0x36 ./Core/Src/hrtim.o
                0x08003f64                HRTIM1_ApplyPfmStep
 *fill*         0x08003f9a        0x2 
 .text.HRTIM1_GetTimerPerRegAddress
                0x08003f9c       0x28 ./Core/Src/hrtim.o
                0x08003f9c                HRTIM1_GetTimerPerRegAddress
 .text.HRTIM1_GetTimerCmp1RegAddress
                0x08003fc4       0x28 ./Core/Src/hrtim.o
                0x08003fc4                HRTIM1_GetTimerCmp1RegAddress
 .text.main     0x08003fec       0x68 ./Core/Src/main.o
                0x08003fec                main
 .text.SystemClock_Config
                0x08004054       0x96 ./Core/Src/main.o
                0x08004054                SystemClock_Config
 .text.MX_HRTIM1_Init
                0x080040ea        0xc ./Core/Src/main.o
 *fill*         0x080040f6        0x2 
 .text.MX_USART2_UART_Init
                0x080040f8       0xa8 ./Core/Src/main.o
 .text.MX_GPIO_Init
                0x080041a0      0x218 ./Core/Src/main.o
 .text.FixSysTickPriority
                0x080043b8       0x14 ./Core/Src/main.o
 .text.Error_Handler
                0x080043cc        0xc ./Core/Src/main.o
                0x080043cc                Error_Handler
 .text.PFM_PhaseForChannel
                0x080043d8       0x2e ./Core/Src/pfm.o
                0x080043d8                PFM_PhaseForChannel
 *fill*         0x08004406        0x2 
 .text.PFM_Init
                0x08004408       0x90 ./Core/Src/pfm.o
                0x08004408                PFM_Init
 .text.PFM_ApplyCurrentStep
                0x08004498       0xb8 ./Core/Src/pfm.o
                0x08004498                PFM_ApplyCurrentStep
 .text.PFM_Restart
                0x08004550       0x80 ./Core/Src/pfm.o
                0x08004550                PFM_Restart
 .text.PFM_ForceStopSoft
                0x080045d0       0x18 ./Core/Src/pfm.o
                0x080045d0                PFM_ForceStopSoft
 .text.PFM_ForceStop
                0x080045e8       0x10 ./Core/Src/pfm.o
                0x080045e8                PFM_ForceStop
 .text.PFM_TableReset
                0x080045f8       0x18 ./Core/Src/pfm.o
                0x080045f8                PFM_TableReset
 .text.PFM_AppendStep
                0x08004610       0x70 ./Core/Src/pfm.o
                0x08004610                PFM_AppendStep
 .text.PFM_GetEntryCount
                0x08004680       0x18 ./Core/Src/pfm.o
                0x08004680                PFM_GetEntryCount
 .text.PFM_GetDiagCounters
                0x08004698       0x3c ./Core/Src/pfm.o
                0x08004698                PFM_GetDiagCounters
 .text.PFM_GetDiagGapLog
                0x080046d4       0x3c ./Core/Src/pfm.o
                0x080046d4                PFM_GetDiagGapLog
 .text.ChannelIsActive
                0x08004710       0x26 ./Core/Src/pfm_input.o
 *fill*         0x08004736        0x2 
 .text.TimerHasActiveChannel
                0x08004738       0x4c ./Core/Src/pfm_input.o
 .text.ActiveChannelToTimChannel
                0x08004784       0x22 ./Core/Src/pfm_input.o
 *fill*         0x080047a6        0x2 
 .text.FindChannelIndex
                0x080047a8       0x5c ./Core/Src/pfm_input.o
 .text.HandleForTimer
                0x08004804       0x64 ./Core/Src/pfm_input.o
 .text.InitOneTimer
                0x08004868       0xd4 ./Core/Src/pfm_input.o
 .text.PfmInput_Init
                0x0800493c       0xc8 ./Core/Src/pfm_input.o
                0x0800493c                PfmInput_Init
 .text.PfmInput_Arm
                0x08004a04       0xd4 ./Core/Src/pfm_input.o
                0x08004a04                PfmInput_Arm
 .text.PfmInput_OnShotStart
                0x08004ad8       0xac ./Core/Src/pfm_input.o
                0x08004ad8                PfmInput_OnShotStart
 .text.PfmInput_GetDmaStartStatus
                0x08004b84       0x2c ./Core/Src/pfm_input.o
                0x08004b84                PfmInput_GetDmaStartStatus
 .text.PfmInput_OnShotEnd
                0x08004bb0      0x160 ./Core/Src/pfm_input.o
                0x08004bb0                PfmInput_OnShotEnd
 .text.PfmInput_GetCount
                0x08004d10       0x38 ./Core/Src/pfm_input.o
                0x08004d10                PfmInput_GetCount
 .text.PfmInput_GetPeriods
                0x08004d48       0x34 ./Core/Src/pfm_input.o
                0x08004d48                PfmInput_GetPeriods
 .text.PfmInput_GetOvercaptureCount
                0x08004d7c       0x38 ./Core/Src/pfm_input.o
                0x08004d7c                PfmInput_GetOvercaptureCount
 .text.PfmInput_StartContinuous
                0x08004db4      0x14c ./Core/Src/pfm_input.o
                0x08004db4                PfmInput_StartContinuous
 .text.PfmInput_StopContinuous
                0x08004f00       0x98 ./Core/Src/pfm_input.o
                0x08004f00                PfmInput_StopContinuous
 .text.PfmInput_ConsumeAveragePeriod
                0x08004f98       0x84 ./Core/Src/pfm_input.o
                0x08004f98                PfmInput_ConsumeAveragePeriod
 .text.PfmInput_GetDebugRaw
                0x0800501c       0x98 ./Core/Src/pfm_input.o
                0x0800501c                PfmInput_GetDebugRaw
 .text.PfmInput_GetDebugRegs
                0x080050b4       0xa4 ./Core/Src/pfm_input.o
                0x080050b4                PfmInput_GetDebugRegs
 .text.PfmInput_GetDebugCcmr1
                0x08005158       0x34 ./Core/Src/pfm_input.o
                0x08005158                PfmInput_GetDebugCcmr1
 .text.PfmInput_GetDebugGpio
                0x0800518c       0xf0 ./Core/Src/pfm_input.o
                0x0800518c                PfmInput_GetDebugGpio
 .text.ProcessDmaChunk
                0x0800527c      0x238 ./Core/Src/pfm_input.o
 .text.HAL_TIM_IC_CaptureHalfCpltCallback
                0x080054b4       0x42 ./Core/Src/pfm_input.o
                0x080054b4                HAL_TIM_IC_CaptureHalfCpltCallback
 .text.HAL_TIM_IC_CaptureCallback
                0x080054f6       0x42 ./Core/Src/pfm_input.o
                0x080054f6                HAL_TIM_IC_CaptureCallback
 .text.HAL_TIM_IC_MspInit
                0x08005538      0x384 ./Core/Src/pfm_input.o
                0x08005538                HAL_TIM_IC_MspInit
 .text.TrapezoidalCurrentA
                0x080058bc       0xc4 ./Core/Src/pid.o
 .text.AmpsToHz
                0x08005980       0xd0 ./Core/Src/pid.o
 .text.ClampOutputSlew
                0x08005a50       0xc4 ./Core/Src/pid.o
 .text.ClampOutputRangeOnly
                0x08005b14       0x60 ./Core/Src/pid.o
 .text.PID_Init
                0x08005b74      0x1f8 ./Core/Src/pid.o
                0x08005b74                PID_Init
 .text.PID_Start
                0x08005d6c       0xd0 ./Core/Src/pid.o
                0x08005d6c                PID_Start
 .text.PID_Stop
                0x08005e3c       0x88 ./Core/Src/pid.o
                0x08005e3c                PID_Stop
 .text.PID_IsRunning
                0x08005ec4       0x18 ./Core/Src/pid.o
                0x08005ec4                PID_IsRunning
 .text.PID_BeginFaultRampDown
                0x08005edc       0xa4 ./Core/Src/pid.o
                0x08005edc                PID_BeginFaultRampDown
 .text.ProcessFaultRampDown
                0x08005f80      0x160 ./Core/Src/pid.o
 .text.PID_BeginOvercurrentRampDown
                0x080060e0      0x140 ./Core/Src/pid.o
                0x080060e0                PID_BeginOvercurrentRampDown
 .text.PID_Update
                0x08006220      0x4e0 ./Core/Src/pid.o
                0x08006220                PID_Update
 .text.PID_SetSetpoint
                0x08006700       0x70 ./Core/Src/pid.o
                0x08006700                PID_SetSetpoint
 .text.PID_SetGains
                0x08006770       0x84 ./Core/Src/pid.o
                0x08006770                PID_SetGains
 .text.PID_GetGains
                0x080067f4       0x80 ./Core/Src/pid.o
                0x080067f4                PID_GetGains
 .text.PID_GetStatus
                0x08006874       0x80 ./Core/Src/pid.o
                0x08006874                PID_GetStatus
 .text.PID_ArmLog
                0x080068f4       0x7c ./Core/Src/pid.o
                0x080068f4                PID_ArmLog
 .text.PID_ArmLogAll
                0x08006970       0x70 ./Core/Src/pid.o
                0x08006970                PID_ArmLogAll
 .text.PID_GetLogCount
                0x080069e0       0x18 ./Core/Src/pid.o
                0x080069e0                PID_GetLogCount
 .text.PID_GetLogSampleRateHz
                0x080069f8       0x20 ./Core/Src/pid.o
                0x080069f8                PID_GetLogSampleRateHz
 .text.PID_GetLogMeasured
                0x08006a18       0x34 ./Core/Src/pid.o
                0x08006a18                PID_GetLogMeasured
 .text.PID_GetLogOutput
                0x08006a4c       0x34 ./Core/Src/pid.o
                0x08006a4c                PID_GetLogOutput
 .text.PID_GetLogSetpoint
                0x08006a80       0x34 ./Core/Src/pid.o
                0x08006a80                PID_GetLogSetpoint
 .text.PID_IsLogAllChannels
                0x08006ab4       0x18 ./Core/Src/pid.o
                0x08006ab4                PID_IsLogAllChannels
 .text.PID_GetLogChannel
                0x08006acc       0x18 ./Core/Src/pid.o
                0x08006acc                PID_GetLogChannel
 .text.PID_StartRamp
                0x08006ae4       0xf4 ./Core/Src/pid.o
                0x08006ae4                PID_StartRamp
 .text.PID_SetLoopMode
                0x08006bd8       0x4c ./Core/Src/pid.o
                0x08006bd8                PID_SetLoopMode
 .text.PID_GetLoopMode
                0x08006c24       0x38 ./Core/Src/pid.o
                0x08006c24                PID_GetLoopMode
 .text.PID_SetChannelEnable
                0x08006c5c       0x70 ./Core/Src/pid.o
                0x08006c5c                PID_SetChannelEnable
 .text.PID_GetChannelEnable
                0x08006ccc       0x38 ./Core/Src/pid.o
                0x08006ccc                PID_GetChannelEnable
 .text.PID_SetChannelNickname
                0x08006d04       0x78 ./Core/Src/pid.o
                0x08006d04                PID_SetChannelNickname
 .text.PID_GetChannelNickname
                0x08006d7c       0x3c ./Core/Src/pid.o
                0x08006d7c                PID_GetChannelNickname
 .text.PID_SetProfileTiming
                0x08006db8       0x8c ./Core/Src/pid.o
                0x08006db8                PID_SetProfileTiming
 .text.PID_GetProfileTiming
                0x08006e44       0x74 ./Core/Src/pid.o
                0x08006e44                PID_GetProfileTiming
 .text.PID_SetProfileCurrent
                0x08006eb8       0x7c ./Core/Src/pid.o
                0x08006eb8                PID_SetProfileCurrent
 .text.PID_GetProfileCurrent
                0x08006f34       0x44 ./Core/Src/pid.o
                0x08006f34                PID_GetProfileCurrent
 .text.PID_ProfileStart
                0x08006f78       0x40 ./Core/Src/pid.o
                0x08006f78                PID_ProfileStart
 .text.QspiTest_Init
                0x08006fb8       0x84 ./Core/Src/qspi_test.o
                0x08006fb8                QspiTest_Init
 .text.QspiTest_ReadId
                0x0800703c       0x78 ./Core/Src/qspi_test.o
                0x0800703c                QspiTest_ReadId
 .text.HAL_QSPI_MspInit
                0x080070b4       0xc4 ./Core/Src/qspi_test.o
                0x080070b4                HAL_QSPI_MspInit
 .text.ExternalEnableInputIsHigh
                0x08007178       0x24 ./Core/Src/state_machine.o
 .text.EmergencyStopInputIsHigh
                0x0800719c       0x24 ./Core/Src/state_machine.o
 .text.HandleGeneralFault
                0x080071c0       0x20 ./Core/Src/state_machine.o
 .text.HandleOvercurrentFault
                0x080071e0       0x38 ./Core/Src/state_machine.o
 .text.HandleEmergencyStopFault
                0x08007218        0xc ./Core/Src/state_machine.o
 .text.ArmConditionsMet
                0x08007224       0x18 ./Core/Src/state_machine.o
 .text.EnterFault
                0x0800723c       0x78 ./Core/Src/state_machine.o
 .text.SM_Init  0x080072b4       0x2c ./Core/Src/state_machine.o
                0x080072b4                SM_Init
 .text.SM_GetState
                0x080072e0       0x18 ./Core/Src/state_machine.o
                0x080072e0                SM_GetState
 .text.SM_GetFaultType
                0x080072f8       0x28 ./Core/Src/state_machine.o
                0x080072f8                SM_GetFaultType
 .text.SM_GetFaultChannel
                0x08007320       0x20 ./Core/Src/state_machine.o
                0x08007320                SM_GetFaultChannel
 .text.SM_Arm   0x08007340       0x40 ./Core/Src/state_machine.o
                0x08007340                SM_Arm
 .text.SM_Disarm
                0x08007380       0x20 ./Core/Src/state_machine.o
                0x08007380                SM_Disarm
 .text.SM_Fire  0x080073a0       0x3c ./Core/Src/state_machine.o
                0x080073a0                SM_Fire
 .text.SM_Stop  0x080073dc       0x28 ./Core/Src/state_machine.o
                0x080073dc                SM_Stop
 .text.SM_NotifyShotComplete
                0x08007404       0x20 ./Core/Src/state_machine.o
                0x08007404                SM_NotifyShotComplete
 .text.SM_PollFaults
                0x08007424       0xc4 ./Core/Src/state_machine.o
                0x08007424                SM_PollFaults
 .text.SM_ReportOcpFault
                0x080074e8       0x48 ./Core/Src/state_machine.o
                0x080074e8                SM_ReportOcpFault
 .text.SM_ReportGeneralFault
                0x08007530       0x28 ./Core/Src/state_machine.o
                0x08007530                SM_ReportGeneralFault
 .text.SM_ClearFault
                0x08007558       0x74 ./Core/Src/state_machine.o
                0x08007558                SM_ClearFault
 .text.SM_SetExternalEnableRequired
                0x080075cc       0x3c ./Core/Src/state_machine.o
                0x080075cc                SM_SetExternalEnableRequired
 .text.SM_GetExternalEnableRequired
                0x08007608       0x18 ./Core/Src/state_machine.o
                0x08007608                SM_GetExternalEnableRequired
 .text.SM_ExternalEnableOk
                0x08007620       0x20 ./Core/Src/state_machine.o
                0x08007620                SM_ExternalEnableOk
 .text.SM_GetExternalEnableInputRaw
                0x08007640        0xe ./Core/Src/state_machine.o
                0x08007640                SM_GetExternalEnableInputRaw
 *fill*         0x0800764e        0x2 
 .text.SM_SetExternalTriggerRequired
                0x08007650       0x44 ./Core/Src/state_machine.o
                0x08007650                SM_SetExternalTriggerRequired
 .text.SM_GetExternalTriggerRequired
                0x08007694       0x18 ./Core/Src/state_machine.o
                0x08007694                SM_GetExternalTriggerRequired
 .text.SM_SetEmergencyStopRequired
                0x080076ac       0x2c ./Core/Src/state_machine.o
                0x080076ac                SM_SetEmergencyStopRequired
 .text.SM_GetEmergencyStopRequired
                0x080076d8       0x18 ./Core/Src/state_machine.o
                0x080076d8                SM_GetEmergencyStopRequired
 .text.SM_EmergencyStopOk
                0x080076f0       0x20 ./Core/Src/state_machine.o
                0x080076f0                SM_EmergencyStopOk
 .text.SM_GetEmergencyStopInputRaw
                0x08007710        0xe ./Core/Src/state_machine.o
                0x08007710                SM_GetEmergencyStopInputRaw
 *fill*         0x0800771e        0x2 
 .text.HAL_MspInit
                0x08007720       0x48 ./Core/Src/stm32g4xx_hal_msp.o
                0x08007720                HAL_MspInit
 .text.HAL_UART_MspInit
                0x08007768       0xb0 ./Core/Src/stm32g4xx_hal_msp.o
                0x08007768                HAL_UART_MspInit
 .text.NMI_Handler
                0x08007818        0x8 ./Core/Src/stm32g4xx_it.o
                0x08007818                NMI_Handler
 .text.HardFault_Handler
                0x08007820        0x8 ./Core/Src/stm32g4xx_it.o
                0x08007820                HardFault_Handler
 .text.MemManage_Handler
                0x08007828        0x8 ./Core/Src/stm32g4xx_it.o
                0x08007828                MemManage_Handler
 .text.BusFault_Handler
                0x08007830        0x8 ./Core/Src/stm32g4xx_it.o
                0x08007830                BusFault_Handler
 .text.UsageFault_Handler
                0x08007838        0x8 ./Core/Src/stm32g4xx_it.o
                0x08007838                UsageFault_Handler
 .text.SVC_Handler
                0x08007840        0xe ./Core/Src/stm32g4xx_it.o
                0x08007840                SVC_Handler
 .text.DebugMon_Handler
                0x0800784e        0xe ./Core/Src/stm32g4xx_it.o
                0x0800784e                DebugMon_Handler
 .text.PendSV_Handler
                0x0800785c        0xe ./Core/Src/stm32g4xx_it.o
                0x0800785c                PendSV_Handler
 .text.SysTick_Handler
                0x0800786a        0xc ./Core/Src/stm32g4xx_it.o
                0x0800786a                SysTick_Handler
 *fill*         0x08007876        0x2 
 .text.HAL_UART_RxCpltCallback
                0x08007878       0x28 ./Core/Src/stm32g4xx_it.o
                0x08007878                HAL_UART_RxCpltCallback
 .text.USART2_IRQHandler
                0x080078a0       0x14 ./Core/Src/stm32g4xx_it.o
                0x080078a0                USART2_IRQHandler
 .text.HRTIM1_Master_IRQHandler
                0x080078b4       0x28 ./Core/Src/stm32g4xx_it.o
                0x080078b4                HRTIM1_Master_IRQHandler
 .text.EXTI0_IRQHandler
                0x080078dc       0x24 ./Core/Src/stm32g4xx_it.o
                0x080078dc                EXTI0_IRQHandler
 .text.EXTI1_IRQHandler
                0x08007900       0x24 ./Core/Src/stm32g4xx_it.o
                0x08007900                EXTI1_IRQHandler
 .text.EXTI2_IRQHandler
                0x08007924       0x24 ./Core/Src/stm32g4xx_it.o
                0x08007924                EXTI2_IRQHandler
 .text.EXTI3_IRQHandler
                0x08007948       0x24 ./Core/Src/stm32g4xx_it.o
                0x08007948                EXTI3_IRQHandler
 .text.EXTI4_IRQHandler
                0x0800796c       0x24 ./Core/Src/stm32g4xx_it.o
                0x0800796c                EXTI4_IRQHandler
 .text.EXTI9_5_IRQHandler
                0x08007990       0x4c ./Core/Src/stm32g4xx_it.o
                0x08007990                EXTI9_5_IRQHandler
 .text.EXTI15_10_IRQHandler
                0x080079dc       0x4c ./Core/Src/stm32g4xx_it.o
                0x080079dc                EXTI15_10_IRQHandler
 .text.TIM2_IRQHandler
                0x08007a28       0x14 ./Core/Src/stm32g4xx_it.o
                0x08007a28                TIM2_IRQHandler
 .text.TIM3_IRQHandler
                0x08007a3c       0x14 ./Core/Src/stm32g4xx_it.o
                0x08007a3c                TIM3_IRQHandler
 .text.TIM4_IRQHandler
                0x08007a50       0x14 ./Core/Src/stm32g4xx_it.o
                0x08007a50                TIM4_IRQHandler
 .text.TIM5_IRQHandler
                0x08007a64       0x14 ./Core/Src/stm32g4xx_it.o
                0x08007a64                TIM5_IRQHandler
 .text.DMA1_Channel1_IRQHandler
                0x08007a78       0x14 ./Core/Src/stm32g4xx_it.o
                0x08007a78                DMA1_Channel1_IRQHandler
 .text.DMA1_Channel2_IRQHandler
                0x08007a8c       0x14 ./Core/Src/stm32g4xx_it.o
                0x08007a8c                DMA1_Channel2_IRQHandler
 .text.DMA1_Channel3_IRQHandler
                0x08007aa0       0x14 ./Core/Src/stm32g4xx_it.o
                0x08007aa0                DMA1_Channel3_IRQHandler
 .text.DMA1_Channel4_IRQHandler
                0x08007ab4       0x14 ./Core/Src/stm32g4xx_it.o
                0x08007ab4                DMA1_Channel4_IRQHandler
 .text.DMA1_Channel5_IRQHandler
                0x08007ac8       0x14 ./Core/Src/stm32g4xx_it.o
                0x08007ac8                DMA1_Channel5_IRQHandler
 .text.DMA1_Channel6_IRQHandler
                0x08007adc       0x14 ./Core/Src/stm32g4xx_it.o
                0x08007adc                DMA1_Channel6_IRQHandler
 .text._getpid  0x08007af0       0x10 ./Core/Src/syscalls.o
                0x08007af0                _getpid
 .text._kill    0x08007b00       0x20 ./Core/Src/syscalls.o
                0x08007b00                _kill
 .text._exit    0x08007b20       0x16 ./Core/Src/syscalls.o
                0x08007b20                _exit
 .text._read    0x08007b36       0x3a ./Core/Src/syscalls.o
                0x08007b36                _read
 .text._write   0x08007b70       0x38 ./Core/Src/syscalls.o
                0x08007b70                _write
 .text._close   0x08007ba8       0x18 ./Core/Src/syscalls.o
                0x08007ba8                _close
 .text._fstat   0x08007bc0       0x20 ./Core/Src/syscalls.o
                0x08007bc0                _fstat
 .text._isatty  0x08007be0       0x16 ./Core/Src/syscalls.o
                0x08007be0                _isatty
 .text._lseek   0x08007bf6       0x1a ./Core/Src/syscalls.o
                0x08007bf6                _lseek
 .text._sbrk    0x08007c10       0x6c ./Core/Src/sysmem.o
                0x08007c10                _sbrk
 .text.SystemInit
                0x08007c7c       0x24 ./Core/Src/system_stm32g4xx.o
                0x08007c7c                SystemInit
 .text.uart_init
                0x08007ca0       0x78 ./Core/Src/uart.o
                0x08007ca0                uart_init
 .text.uart_send
                0x08007d18       0x2c ./Core/Src/uart.o
                0x08007d18                uart_send
 .text.uart_rx_callback
                0x08007d44       0x98 ./Core/Src/uart.o
                0x08007d44                uart_rx_callback
 .text.uart_process
                0x08007ddc       0x30 ./Core/Src/uart.o
                0x08007ddc                uart_process
 .text.BitIsFault
                0x08007e0c       0x38 ./Core/Src/xrex_io.o
 .text.XrexIo_EvaluateGateDriverFault
                0x08007e44       0x9e ./Core/Src/xrex_io.o
                0x08007e44                XrexIo_EvaluateGateDriverFault
 *fill*         0x08007ee2        0x2 
 .text.XrexIo_PollOcpFaults
                0x08007ee4       0x74 ./Core/Src/xrex_io.o
                0x08007ee4                XrexIo_PollOcpFaults
 .text.XrexIo_GetChannelStatus
                0x08007f58       0xac ./Core/Src/xrex_io.o
                0x08007f58                XrexIo_GetChannelStatus
 .text.Reset_Handler
                0x08008004       0x50 ./Core/Startup/startup_stm32g474qetx.o
                0x08008004                Reset_Handler
 .text.Default_Handler
                0x08008054        0x2 ./Core/Startup/startup_stm32g474qetx.o
                0x08008054                TIM1_BRK_TIM15_IRQHandler
                0x08008054                TIM8_TRG_COM_IRQHandler
                0x08008054                TIM8_CC_IRQHandler
                0x08008054                SPI4_IRQHandler
                0x08008054                FDCAN3_IT0_IRQHandler
                0x08008054                TIM1_CC_IRQHandler
                0x08008054                HRTIM1_FLT_IRQHandler
                0x08008054                HRTIM1_TIMF_IRQHandler
                0x08008054                USB_HP_IRQHandler
                0x08008054                CORDIC_IRQHandler
                0x08008054                HRTIM1_TIMD_IRQHandler
                0x08008054                DMA2_Channel8_IRQHandler
                0x08008054                I2C3_ER_IRQHandler
                0x08008054                I2C2_EV_IRQHandler
                0x08008054                FPU_IRQHandler
                0x08008054                FDCAN1_IT1_IRQHandler
                0x08008054                TIM1_UP_TIM16_IRQHandler
                0x08008054                ADC1_2_IRQHandler
                0x08008054                HRTIM1_TIME_IRQHandler
                0x08008054                SPI1_IRQHandler
                0x08008054                TIM6_DAC_IRQHandler
                0x08008054                HRTIM1_TIMC_IRQHandler
                0x08008054                TIM8_UP_IRQHandler
                0x08008054                DMA2_Channel2_IRQHandler
                0x08008054                TIM20_TRG_COM_IRQHandler
                0x08008054                USART3_IRQHandler
                0x08008054                DMA1_Channel7_IRQHandler
                0x08008054                UART5_IRQHandler
                0x08008054                ADC3_IRQHandler
                0x08008054                DMA2_Channel1_IRQHandler
                0x08008054                QUADSPI_IRQHandler
                0x08008054                I2C1_EV_IRQHandler
                0x08008054                UART4_IRQHandler
                0x08008054                DMA2_Channel4_IRQHandler
                0x08008054                RCC_IRQHandler
                0x08008054                TIM20_UP_IRQHandler
                0x08008054                Default_Handler
                0x08008054                DMA2_Channel7_IRQHandler
                0x08008054                RTC_TAMP_LSECSS_IRQHandler
                0x08008054                FMAC_IRQHandler
                0x08008054                DMA1_Channel8_IRQHandler
                0x08008054                HRTIM1_TIMA_IRQHandler
                0x08008054                TIM7_DAC_IRQHandler
                0x08008054                FDCAN3_IT1_IRQHandler
                0x08008054                UCPD1_IRQHandler
                0x08008054                I2C3_EV_IRQHandler
                0x08008054                RTC_WKUP_IRQHandler
                0x08008054                PVD_PVM_IRQHandler
                0x08008054                SPI2_IRQHandler
                0x08008054                ADC5_IRQHandler
                0x08008054                DMA2_Channel5_IRQHandler
                0x08008054                CRS_IRQHandler
                0x08008054                USB_LP_IRQHandler
                0x08008054                RNG_IRQHandler
                0x08008054                HRTIM1_TIMB_IRQHandler
                0x08008054                TIM1_TRG_COM_TIM17_IRQHandler
                0x08008054                FDCAN2_IT1_IRQHandler
                0x08008054                ADC4_IRQHandler
                0x08008054                WWDG_IRQHandler
                0x08008054                I2C4_EV_IRQHandler
                0x08008054                FDCAN2_IT0_IRQHandler
                0x08008054                LPUART1_IRQHandler
                0x08008054                DMA2_Channel6_IRQHandler
                0x08008054                FDCAN1_IT0_IRQHandler
                0x08008054                COMP7_IRQHandler
                0x08008054                COMP1_2_3_IRQHandler
                0x08008054                COMP4_5_6_IRQHandler
                0x08008054                TIM20_BRK_IRQHandler
                0x08008054                I2C2_ER_IRQHandler
                0x08008054                TIM8_BRK_IRQHandler
                0x08008054                FLASH_IRQHandler
                0x08008054                TIM20_CC_IRQHandler
                0x08008054                USART1_IRQHandler
                0x08008054                SPI3_IRQHandler
                0x08008054                I2C1_ER_IRQHandler
                0x08008054                FMC_IRQHandler
                0x08008054                LPTIM1_IRQHandler
                0x08008054                DMAMUX_OVR_IRQHandler
                0x08008054                I2C4_ER_IRQHandler
                0x08008054                USBWakeUp_IRQHandler
                0x08008054                SAI1_IRQHandler
                0x08008054                DMA2_Channel3_IRQHandler
                0x08008054                RTC_Alarm_IRQHandler
 .text.HAL_Init
                0x08008056       0x30 ./Drivers/STM32G4xx_HAL_Driver/Src/stm32g4xx_hal.o
                0x08008056                HAL_Init
 *fill*         0x08008086        0x2 
 .text.HAL_InitTick
                0x08008088       0x74 ./Drivers/STM32G4xx_HAL_Driver/Src/stm32g4xx_hal.o
                0x08008088                HAL_InitTick
 .text.HAL_IncTick
                0x080080fc       0x24 ./Drivers/STM32G4xx_HAL_Driver/Src/stm32g4xx_hal.o
                0x080080fc                HAL_IncTick
 .text.HAL_GetTick
                0x08008120       0x18 ./Drivers/STM32G4xx_HAL_Driver/Src/stm32g4xx_hal.o
                0x08008120                HAL_GetTick
 .text.__NVIC_SetPriorityGrouping
                0x08008138       0x48 ./Drivers/STM32G4xx_HAL_Driver/Src/stm32g4xx_hal_cortex.o
 .text.__NVIC_GetPriorityGrouping
                0x08008180       0x1c ./Drivers/STM32G4xx_HAL_Driver/Src/stm32g4xx_hal_cortex.o
 .text.__NVIC_EnableIRQ
                0x0800819c       0x3c ./Drivers/STM32G4xx_HAL_Driver/Src/stm32g4xx_hal_cortex.o
 .text.__NVIC_SetPriority
                0x080081d8       0x54 ./Drivers/STM32G4xx_HAL_Driver/Src/stm32g4xx_hal_cortex.o
 .text.NVIC_EncodePriority
                0x0800822c       0x66 ./Drivers/STM32G4xx_HAL_Driver/Src/stm32g4xx_hal_cortex.o
 *fill*         0x08008292        0x2 
 .text.SysTick_Config
                0x08008294       0x44 ./Drivers/STM32G4xx_HAL_Driver/Src/stm32g4xx_hal_cortex.o
 .text.HAL_NVIC_SetPriorityGrouping
                0x080082d8       0x16 ./Drivers/STM32G4xx_HAL_Driver/Src/stm32g4xx_hal_cortex.o
                0x080082d8                HAL_NVIC_SetPriorityGrouping
 .text.HAL_NVIC_SetPriority
                0x080082ee       0x34 ./Drivers/STM32G4xx_HAL_Driver/Src/stm32g4xx_hal_cortex.o
                0x080082ee                HAL_NVIC_SetPriority
 .text.HAL_NVIC_EnableIRQ
                0x08008322       0x1c ./Drivers/STM32G4xx_HAL_Driver/Src/stm32g4xx_hal_cortex.o
                0x08008322                HAL_NVIC_EnableIRQ
 .text.HAL_SYSTICK_Config
                0x0800833e       0x18 ./Drivers/STM32G4xx_HAL_Driver/Src/stm32g4xx_hal_cortex.o
                0x0800833e                HAL_SYSTICK_Config
 *fill*         0x08008356        0x2 
 .text.HAL_DMA_Init
                0x08008358      0x150 ./Drivers/STM32G4xx_HAL_Driver/Src/stm32g4xx_hal_dma.o
                0x08008358                HAL_DMA_Init
 .text.HAL_DMA_Start_IT
                0x080084a8       0xf6 ./Drivers/STM32G4xx_HAL_Driver/Src/stm32g4xx_hal_dma.o
                0x080084a8                HAL_DMA_Start_IT
 .text.HAL_DMA_Abort
                0x0800859e       0xbc ./Drivers/STM32G4xx_HAL_Driver/Src/stm32g4xx_hal_dma.o
                0x0800859e                HAL_DMA_Abort
 .text.HAL_DMA_Abort_IT
                0x0800865a       0xce ./Drivers/STM32G4xx_HAL_Driver/Src/stm32g4xx_hal_dma.o
                0x0800865a                HAL_DMA_Abort_IT
 .text.HAL_DMA_IRQHandler
                0x08008728      0x15e ./Drivers/STM32G4xx_HAL_Driver/Src/stm32g4xx_hal_dma.o
                0x08008728                HAL_DMA_IRQHandler
 .text.DMA_SetConfig
                0x08008886       0x7c ./Drivers/STM32G4xx_HAL_Driver/Src/stm32g4xx_hal_dma.o
 *fill*         0x08008902        0x2 
 .text.DMA_CalcDMAMUXChannelBaseAndMask
                0x08008904       0x90 ./Drivers/STM32G4xx_HAL_Driver/Src/stm32g4xx_hal_dma.o
 .text.DMA_CalcDMAMUXRequestGenBaseAndMask
                0x08008994       0x4c ./Drivers/STM32G4xx_HAL_Driver/Src/stm32g4xx_hal_dma.o
 .text.HAL_GPIO_Init
                0x080089e0      0x318 ./Drivers/STM32G4xx_HAL_Driver/Src/stm32g4xx_hal_gpio.o
                0x080089e0                HAL_GPIO_Init
 .text.HAL_GPIO_ReadPin
                0x08008cf8       0x30 ./Drivers/STM32G4xx_HAL_Driver/Src/stm32g4xx_hal_gpio.o
                0x08008cf8                HAL_GPIO_ReadPin
 .text.HAL_GPIO_WritePin
                0x08008d28       0x30 ./Drivers/STM32G4xx_HAL_Driver/Src/stm32g4xx_hal_gpio.o
                0x08008d28                HAL_GPIO_WritePin
 .text.HAL_HRTIM_Init
                0x08008d58      0x1a0 ./Drivers/STM32G4xx_HAL_Driver/Src/stm32g4xx_hal_hrtim.o
                0x08008d58                HAL_HRTIM_Init
 .text.HAL_HRTIM_DLLCalibrationStart
                0x08008ef8       0xb0 ./Drivers/STM32G4xx_HAL_Driver/Src/stm32g4xx_hal_hrtim.o
                0x08008ef8                HAL_HRTIM_DLLCalibrationStart
 .text.HAL_HRTIM_PollForDLLCalibration
                0x08008fa8       0x68 ./Drivers/STM32G4xx_HAL_Driver/Src/stm32g4xx_hal_hrtim.o
                0x08008fa8                HAL_HRTIM_PollForDLLCalibration
 .text.HAL_HRTIM_TimeBaseConfig
                0x08009010       0x50 ./Drivers/STM32G4xx_HAL_Driver/Src/stm32g4xx_hal_hrtim.o
                0x08009010                HAL_HRTIM_TimeBaseConfig
 .text.HAL_HRTIM_FaultConfig
                0x08009060      0x380 ./Drivers/STM32G4xx_HAL_Driver/Src/stm32g4xx_hal_hrtim.o
                0x08009060                HAL_HRTIM_FaultConfig
 .text.HAL_HRTIM_FaultModeCtl
                0x080093e0      0x104 ./Drivers/STM32G4xx_HAL_Driver/Src/stm32g4xx_hal_hrtim.o
                0x080093e0                HAL_HRTIM_FaultModeCtl
 .text.HAL_HRTIM_WaveformTimerConfig
                0x080094e4      0x11a ./Drivers/STM32G4xx_HAL_Driver/Src/stm32g4xx_hal_hrtim.o
                0x080094e4                HAL_HRTIM_WaveformTimerConfig
 *fill*         0x080095fe        0x2 
 .text.HAL_HRTIM_DeadTimeConfig
                0x08009600      0x100 ./Drivers/STM32G4xx_HAL_Driver/Src/stm32g4xx_hal_hrtim.o
                0x08009600                HAL_HRTIM_DeadTimeConfig
 .text.HAL_HRTIM_WaveformCompareConfig
                0x08009700      0x2dc ./Drivers/STM32G4xx_HAL_Driver/Src/stm32g4xx_hal_hrtim.o
                0x08009700                HAL_HRTIM_WaveformCompareConfig
 .text.HAL_HRTIM_WaveformOutputConfig
                0x080099dc       0x62 ./Drivers/STM32G4xx_HAL_Driver/Src/stm32g4xx_hal_hrtim.o
                0x080099dc                HAL_HRTIM_WaveformOutputConfig
 *fill*         0x08009a3e        0x2 
 .text.HAL_HRTIM_WaveformSetOutputLevel
                0x08009a40      0x1b8 ./Drivers/STM32G4xx_HAL_Driver/Src/stm32g4xx_hal_hrtim.o
                0x08009a40                HAL_HRTIM_WaveformSetOutputLevel
 .text.HAL_HRTIM_WaveformOutputStop
                0x08009bf8       0x5a ./Drivers/STM32G4xx_HAL_Driver/Src/stm32g4xx_hal_hrtim.o
                0x08009bf8                HAL_HRTIM_WaveformOutputStop
 .text.HAL_HRTIM_WaveformCountStart
                0x08009c52       0x56 ./Drivers/STM32G4xx_HAL_Driver/Src/stm32g4xx_hal_hrtim.o
                0x08009c52                HAL_HRTIM_WaveformCountStart
 .text.HAL_HRTIM_WaveformCountStop
                0x08009ca8       0x58 ./Drivers/STM32G4xx_HAL_Driver/Src/stm32g4xx_hal_hrtim.o
                0x08009ca8                HAL_HRTIM_WaveformCountStop
 .text.HRTIM_MasterBase_Config
                0x08009d00       0x5e ./Drivers/STM32G4xx_HAL_Driver/Src/stm32g4xx_hal_hrtim.o
 .text.HRTIM_TimingUnitBase_Config
                0x08009d5e       0x80 ./Drivers/STM32G4xx_HAL_Driver/Src/stm32g4xx_hal_hrtim.o
 .text.HRTIM_MasterWaveform_Config
                0x08009dde      0x13a ./Drivers/STM32G4xx_HAL_Driver/Src/stm32g4xx_hal_hrtim.o
 .text.HRTIM_TimingUnitWaveform_Config
                0x08009f18      0x314 ./Drivers/STM32G4xx_HAL_Driver/Src/stm32g4xx_hal_hrtim.o
 .text.HRTIM_OutputConfig
                0x0800a22c      0x1d0 ./Drivers/STM32G4xx_HAL_Driver/Src/stm32g4xx_hal_hrtim.o
 .text.HRTIM_ForceRegistersUpdate
                0x0800a3fc       0xdc ./Drivers/STM32G4xx_HAL_Driver/Src/stm32g4xx_hal_hrtim.o
 .text.HAL_PWREx_ControlVoltageScaling
                0x0800a4d8      0x148 ./Drivers/STM32G4xx_HAL_Driver/Src/stm32g4xx_hal_pwr_ex.o
                0x0800a4d8                HAL_PWREx_ControlVoltageScaling
 .text.HAL_PWREx_DisableUCPDDeadBattery
                0x0800a620       0x20 ./Drivers/STM32G4xx_HAL_Driver/Src/stm32g4xx_hal_pwr_ex.o
                0x0800a620                HAL_PWREx_DisableUCPDDeadBattery
 .text.HAL_QSPI_Init
                0x0800a640       0xf8 ./Drivers/STM32G4xx_HAL_Driver/Src/stm32g4xx_hal_qspi.o
                0x0800a640                HAL_QSPI_Init
 .text.HAL_QSPI_Command
                0x0800a738       0xbc ./Drivers/STM32G4xx_HAL_Driver/Src/stm32g4xx_hal_qspi.o
                0x0800a738                HAL_QSPI_Command
 .text.HAL_QSPI_Receive
                0x0800a7f4      0x13a ./Drivers/STM32G4xx_HAL_Driver/Src/stm32g4xx_hal_qspi.o
                0x0800a7f4                HAL_QSPI_Receive
 .text.HAL_QSPI_SetTimeout
                0x0800a92e       0x1c ./Drivers/STM32G4xx_HAL_Driver/Src/stm32g4xx_hal_qspi.o
                0x0800a92e                HAL_QSPI_SetTimeout
 .text.QSPI_WaitFlagStateUntilTimeout
                0x0800a94a       0x6e ./Drivers/STM32G4xx_HAL_Driver/Src/stm32g4xx_hal_qspi.o
 .text.QSPI_Config
                0x0800a9b8      0x32e ./Drivers/STM32G4xx_HAL_Driver/Src/stm32g4xx_hal_qspi.o
 *fill*         0x0800ace6        0x2 
 .text.HAL_RCC_OscConfig
                0x0800ace8      0x624 ./Drivers/STM32G4xx_HAL_Driver/Src/stm32g4xx_hal_rcc.o
                0x0800ace8                HAL_RCC_OscConfig
 .text.HAL_RCC_ClockConfig
                0x0800b30c      0x278 ./Drivers/STM32G4xx_HAL_Driver/Src/stm32g4xx_hal_rcc.o
                0x0800b30c                HAL_RCC_ClockConfig
 .text.HAL_RCC_GetSysClockFreq
                0x0800b584       0xc4 ./Drivers/STM32G4xx_HAL_Driver/Src/stm32g4xx_hal_rcc.o
                0x0800b584                HAL_RCC_GetSysClockFreq
 .text.HAL_RCC_GetHCLKFreq
                0x0800b648       0x18 ./Drivers/STM32G4xx_HAL_Driver/Src/stm32g4xx_hal_rcc.o
                0x0800b648                HAL_RCC_GetHCLKFreq
 .text.HAL_RCC_GetPCLK1Freq
                0x0800b660       0x2c ./Drivers/STM32G4xx_HAL_Driver/Src/stm32g4xx_hal_rcc.o
                0x0800b660                HAL_RCC_GetPCLK1Freq
 .text.HAL_RCC_GetPCLK2Freq
                0x0800b68c       0x2c ./Drivers/STM32G4xx_HAL_Driver/Src/stm32g4xx_hal_rcc.o
                0x0800b68c                HAL_RCC_GetPCLK2Freq
 .text.RCC_GetSysClockFreqFromPLLSource
                0x0800b6b8       0x8c ./Drivers/STM32G4xx_HAL_Driver/Src/stm32g4xx_hal_rcc.o
 .text.HAL_RCCEx_PeriphCLKConfig
                0x0800b744      0x49c ./Drivers/STM32G4xx_HAL_Driver/Src/stm32g4xx_hal_rcc_ex.o
                0x0800b744                HAL_RCCEx_PeriphCLKConfig
 .text.HAL_TIM_IC_Init
                0x0800bbe0       0xae ./Drivers/STM32G4xx_HAL_Driver/Src/stm32g4xx_hal_tim.o
                0x0800bbe0                HAL_TIM_IC_Init
 *fill*         0x0800bc8e        0x2 
 .text.HAL_TIM_IC_Start_DMA
                0x0800bc90      0x3a4 ./Drivers/STM32G4xx_HAL_Driver/Src/stm32g4xx_hal_tim.o
                0x0800bc90                HAL_TIM_IC_Start_DMA
 .text.HAL_TIM_IC_Stop_DMA
                0x0800c034      0x1a4 ./Drivers/STM32G4xx_HAL_Driver/Src/stm32g4xx_hal_tim.o
                0x0800c034                HAL_TIM_IC_Stop_DMA
 .text.HAL_TIM_IRQHandler
                0x0800c1d8      0x29e ./Drivers/STM32G4xx_HAL_Driver/Src/stm32g4xx_hal_tim.o
                0x0800c1d8                HAL_TIM_IRQHandler
 .text.HAL_TIM_IC_ConfigChannel
                0x0800c476      0x138 ./Drivers/STM32G4xx_HAL_Driver/Src/stm32g4xx_hal_tim.o
                0x0800c476                HAL_TIM_IC_ConfigChannel
 .text.HAL_TIM_PeriodElapsedCallback
                0x0800c5ae       0x14 ./Drivers/STM32G4xx_HAL_Driver/Src/stm32g4xx_hal_tim.o
                0x0800c5ae                HAL_TIM_PeriodElapsedCallback
 .text.HAL_TIM_OC_DelayElapsedCallback
                0x0800c5c2       0x14 ./Drivers/STM32G4xx_HAL_Driver/Src/stm32g4xx_hal_tim.o
                0x0800c5c2                HAL_TIM_OC_DelayElapsedCallback
 .text.HAL_TIM_PWM_PulseFinishedCallback
                0x0800c5d6       0x14 ./Drivers/STM32G4xx_HAL_Driver/Src/stm32g4xx_hal_tim.o
                0x0800c5d6                HAL_TIM_PWM_PulseFinishedCallback
 .text.HAL_TIM_TriggerCallback
                0x0800c5ea       0x14 ./Drivers/STM32G4xx_HAL_Driver/Src/stm32g4xx_hal_tim.o
                0x0800c5ea                HAL_TIM_TriggerCallback
 .text.HAL_TIM_ErrorCallback
                0x0800c5fe       0x14 ./Drivers/STM32G4xx_HAL_Driver/Src/stm32g4xx_hal_tim.o
                0x0800c5fe                HAL_TIM_ErrorCallback
 .text.TIM_DMAError
                0x0800c612       0x92 ./Drivers/STM32G4xx_HAL_Driver/Src/stm32g4xx_hal_tim.o
                0x0800c612                TIM_DMAError
 .text.TIM_DMACaptureCplt
                0x0800c6a4       0xc8 ./Drivers/STM32G4xx_HAL_Driver/Src/stm32g4xx_hal_tim.o
                0x0800c6a4                TIM_DMACaptureCplt
 .text.TIM_DMACaptureHalfCplt
                0x0800c76c       0x68 ./Drivers/STM32G4xx_HAL_Driver/Src/stm32g4xx_hal_tim.o
                0x0800c76c                TIM_DMACaptureHalfCplt
 .text.TIM_Base_SetConfig
                0x0800c7d4      0x15c ./Drivers/STM32G4xx_HAL_Driver/Src/stm32g4xx_hal_tim.o
                0x0800c7d4                TIM_Base_SetConfig
 .text.TIM_TI1_SetConfig
                0x0800c930      0x12c ./Drivers/STM32G4xx_HAL_Driver/Src/stm32g4xx_hal_tim.o
                0x0800c930                TIM_TI1_SetConfig
 .text.TIM_TI2_SetConfig
                0x0800ca5c       0xac ./Drivers/STM32G4xx_HAL_Driver/Src/stm32g4xx_hal_tim.o
 .text.TIM_TI3_SetConfig
                0x0800cb08       0xa8 ./Drivers/STM32G4xx_HAL_Driver/Src/stm32g4xx_hal_tim.o
 .text.TIM_TI4_SetConfig
                0x0800cbb0       0xac ./Drivers/STM32G4xx_HAL_Driver/Src/stm32g4xx_hal_tim.o
 .text.TIM_CCxChannelCmd
                0x0800cc5c       0x4a ./Drivers/STM32G4xx_HAL_Driver/Src/stm32g4xx_hal_tim.o
                0x0800cc5c                TIM_CCxChannelCmd
 .text.HAL_TIMEx_CommutCallback
                0x0800cca6       0x14 ./Drivers/STM32G4xx_HAL_Driver/Src/stm32g4xx_hal_tim_ex.o
                0x0800cca6                HAL_TIMEx_CommutCallback
 .text.HAL_TIMEx_BreakCallback
                0x0800ccba       0x14 ./Drivers/STM32G4xx_HAL_Driver/Src/stm32g4xx_hal_tim_ex.o
                0x0800ccba                HAL_TIMEx_BreakCallback
 .text.HAL_TIMEx_Break2Callback
                0x0800ccce       0x14 ./Drivers/STM32G4xx_HAL_Driver/Src/stm32g4xx_hal_tim_ex.o
                0x0800ccce                HAL_TIMEx_Break2Callback
 .text.HAL_TIMEx_EncoderIndexCallback
                0x0800cce2       0x14 ./Drivers/STM32G4xx_HAL_Driver/Src/stm32g4xx_hal_tim_ex.o
                0x0800cce2                HAL_TIMEx_EncoderIndexCallback
 .text.HAL_TIMEx_DirectionChangeCallback
                0x0800ccf6       0x14 ./Drivers/STM32G4xx_HAL_Driver/Src/stm32g4xx_hal_tim_ex.o
                0x0800ccf6                HAL_TIMEx_DirectionChangeCallback
 .text.HAL_TIMEx_IndexErrorCallback
                0x0800cd0a       0x14 ./Drivers/STM32G4xx_HAL_Driver/Src/stm32g4xx_hal_tim_ex.o
                0x0800cd0a                HAL_TIMEx_IndexErrorCallback
 .text.HAL_TIMEx_TransitionErrorCallback
                0x0800cd1e       0x14 ./Drivers/STM32G4xx_HAL_Driver/Src/stm32g4xx_hal_tim_ex.o
                0x0800cd1e                HAL_TIMEx_TransitionErrorCallback
 .text.HAL_UART_Init
                0x0800cd32       0xa0 ./Drivers/STM32G4xx_HAL_Driver/Src/stm32g4xx_hal_uart.o
                0x0800cd32                HAL_UART_Init
 .text.HAL_UART_Transmit
                0x0800cdd2      0x132 ./Drivers/STM32G4xx_HAL_Driver/Src/stm32g4xx_hal_uart.o
                0x0800cdd2                HAL_UART_Transmit
 .text.HAL_UART_Receive_IT
                0x0800cf04       0x98 ./Drivers/STM32G4xx_HAL_Driver/Src/stm32g4xx_hal_uart.o
                0x0800cf04                HAL_UART_Receive_IT
 .text.HAL_UART_IRQHandler
                0x0800cf9c      0x684 ./Drivers/STM32G4xx_HAL_Driver/Src/stm32g4xx_hal_uart.o
                0x0800cf9c                HAL_UART_IRQHandler
 .text.HAL_UART_TxCpltCallback
                0x0800d620       0x14 ./Drivers/STM32G4xx_HAL_Driver/Src/stm32g4xx_hal_uart.o
                0x0800d620                HAL_UART_TxCpltCallback
 .text.HAL_UART_ErrorCallback
                0x0800d634       0x14 ./Drivers/STM32G4xx_HAL_Driver/Src/stm32g4xx_hal_uart.o
                0x0800d634                HAL_UART_ErrorCallback
 .text.HAL_UARTEx_RxEventCallback
                0x0800d648       0x18 ./Drivers/STM32G4xx_HAL_Driver/Src/stm32g4xx_hal_uart.o
                0x0800d648                HAL_UARTEx_RxEventCallback
 .text.UART_SetConfig
                0x0800d660      0x5f8 ./Drivers/STM32G4xx_HAL_Driver/Src/stm32g4xx_hal_uart.o
                0x0800d660                UART_SetConfig
 .text.UART_AdvFeatureConfig
                0x0800dc58      0x144 ./Drivers/STM32G4xx_HAL_Driver/Src/stm32g4xx_hal_uart.o
                0x0800dc58                UART_AdvFeatureConfig
 .text.UART_CheckIdleState
                0x0800dd9c      0x154 ./Drivers/STM32G4xx_HAL_Driver/Src/stm32g4xx_hal_uart.o
                0x0800dd9c                UART_CheckIdleState
 .text.UART_WaitOnFlagUntilTimeout
                0x0800def0       0xda ./Drivers/STM32G4xx_HAL_Driver/Src/stm32g4xx_hal_uart.o
                0x0800def0                UART_WaitOnFlagUntilTimeout
 *fill*         0x0800dfca        0x2 
 .text.UART_Start_Receive_IT
                0x0800dfcc      0x244 ./Drivers/STM32G4xx_HAL_Driver/Src/stm32g4xx_hal_uart.o
                0x0800dfcc                UART_Start_Receive_IT
 .text.UART_EndRxTransfer
                0x0800e210       0xcc ./Drivers/STM32G4xx_HAL_Driver/Src/stm32g4xx_hal_uart.o
 .text.UART_DMAAbortOnError
                0x0800e2dc       0x1c ./Drivers/STM32G4xx_HAL_Driver/Src/stm32g4xx_hal_uart.o
 .text.UART_EndTransmit_IT
                0x0800e2f8       0x56 ./Drivers/STM32G4xx_HAL_Driver/Src/stm32g4xx_hal_uart.o
 *fill*         0x0800e34e        0x2 
 .text.UART_RxISR_8BIT
                0x0800e350      0x1b8 ./Drivers/STM32G4xx_HAL_Driver/Src/stm32g4xx_hal_uart.o
 .text.UART_RxISR_16BIT
                0x0800e508      0x1b8 ./Drivers/STM32G4xx_HAL_Driver/Src/stm32g4xx_hal_uart.o
 .text.UART_RxISR_8BIT_FIFOEN
                0x0800e6c0      0x364 ./Drivers/STM32G4xx_HAL_Driver/Src/stm32g4xx_hal_uart.o
 .text.UART_RxISR_16BIT_FIFOEN
                0x0800ea24      0x36c ./Drivers/STM32G4xx_HAL_Driver/Src/stm32g4xx_hal_uart.o
 .text.HAL_UARTEx_WakeupCallback
                0x0800ed90       0x14 ./Drivers/STM32G4xx_HAL_Driver/Src/stm32g4xx_hal_uart_ex.o
                0x0800ed90                HAL_UARTEx_WakeupCallback
 .text.HAL_UARTEx_RxFifoFullCallback
                0x0800eda4       0x14 ./Drivers/STM32G4xx_HAL_Driver/Src/stm32g4xx_hal_uart_ex.o
                0x0800eda4                HAL_UARTEx_RxFifoFullCallback
 .text.HAL_UARTEx_TxFifoEmptyCallback
                0x0800edb8       0x14 ./Drivers/STM32G4xx_HAL_Driver/Src/stm32g4xx_hal_uart_ex.o
                0x0800edb8                HAL_UARTEx_TxFifoEmptyCallback
 .text.HAL_UARTEx_DisableFifoMode
                0x0800edcc       0x72 ./Drivers/STM32G4xx_HAL_Driver/Src/stm32g4xx_hal_uart_ex.o
                0x0800edcc                HAL_UARTEx_DisableFifoMode
 .text.HAL_UARTEx_SetTxFifoThreshold
                0x0800ee3e       0x7c ./Drivers/STM32G4xx_HAL_Driver/Src/stm32g4xx_hal_uart_ex.o
                0x0800ee3e                HAL_UARTEx_SetTxFifoThreshold
 .text.HAL_UARTEx_SetRxFifoThreshold
                0x0800eeba       0x7c ./Drivers/STM32G4xx_HAL_Driver/Src/stm32g4xx_hal_uart_ex.o
                0x0800eeba                HAL_UARTEx_SetRxFifoThreshold
 *fill*         0x0800ef36        0x2 
 .text.UARTEx_SetNbDataToProcess
                0x0800ef38       0x9c ./Drivers/STM32G4xx_HAL_Driver/Src/stm32g4xx_hal_uart_ex.o
 .text.atof     0x0800efd4        0x6 /Applications/STM32CubeIDE.app/Contents/Eclipse/plugins/com.st.stm32cube.ide.mcu.externaltools.gnu-tools-for-stm32.13.3.rel1.macos64_1.0.0.202411102158/tools/bin/../lib/gcc/arm-none-eabi/13.3.1/../../../../arm-none-eabi/lib/thumb/v7e-m+fp/hard/libc_nano.a(libc_a-atof.o)
                0x0800efd4                atof
 .text.atol     0x0800efda        0x8 /Applications/STM32CubeIDE.app/Contents/Eclipse/plugins/com.st.stm32cube.ide.mcu.externaltools.gnu-tools-for-stm32.13.3.rel1.macos64_1.0.0.202411102158/tools/bin/../lib/gcc/arm-none-eabi/13.3.1/../../../../arm-none-eabi/lib/thumb/v7e-m+fp/hard/libc_nano.a(libc_a-atol.o)
                0x0800efda                atol
 .text.__cvt    0x0800efe2       0xca /Applications/STM32CubeIDE.app/Contents/Eclipse/plugins/com.st.stm32cube.ide.mcu.externaltools.gnu-tools-for-stm32.13.3.rel1.macos64_1.0.0.202411102158/tools/bin/../lib/gcc/arm-none-eabi/13.3.1/../../../../arm-none-eabi/lib/thumb/v7e-m+fp/hard/libc_nano.a(libc_a-nano-vfprintf_float.o)
                0x0800efe2                __cvt
 .text.__exponent
                0x0800f0ac       0x74 /Applications/STM32CubeIDE.app/Contents/Eclipse/plugins/com.st.stm32cube.ide.mcu.externaltools.gnu-tools-for-stm32.13.3.rel1.macos64_1.0.0.202411102158/tools/bin/../lib/gcc/arm-none-eabi/13.3.1/../../../../arm-none-eabi/lib/thumb/v7e-m+fp/hard/libc_nano.a(libc_a-nano-vfprintf_float.o)
                0x0800f0ac                __exponent
 .text._printf_float
                0x0800f120      0x454 /Applications/STM32CubeIDE.app/Contents/Eclipse/plugins/com.st.stm32cube.ide.mcu.externaltools.gnu-tools-for-stm32.13.3.rel1.macos64_1.0.0.202411102158/tools/bin/../lib/gcc/arm-none-eabi/13.3.1/../../../../arm-none-eabi/lib/thumb/v7e-m+fp/hard/libc_nano.a(libc_a-nano-vfprintf_float.o)
                0x0800f120                _printf_float
 .text._printf_common
                0x0800f574       0xda /Applications/STM32CubeIDE.app/Contents/Eclipse/plugins/com.st.stm32cube.ide.mcu.externaltools.gnu-tools-for-stm32.13.3.rel1.macos64_1.0.0.202411102158/tools/bin/../lib/gcc/arm-none-eabi/13.3.1/../../../../arm-none-eabi/lib/thumb/v7e-m+fp/hard/libc_nano.a(libc_a-nano-vfprintf_i.o)
                0x0800f574                _printf_common
 *fill*         0x0800f64e        0x2 
 .text._printf_i
                0x0800f650      0x23c /Applications/STM32CubeIDE.app/Contents/Eclipse/plugins/com.st.stm32cube.ide.mcu.externaltools.gnu-tools-for-stm32.13.3.rel1.macos64_1.0.0.202411102158/tools/bin/../lib/gcc/arm-none-eabi/13.3.1/../../../../arm-none-eabi/lib/thumb/v7e-m+fp/hard/libc_nano.a(libc_a-nano-vfprintf_i.o)
                0x0800f650                _printf_i
 .text.snprintf
                0x0800f88c       0x6c /Applications/STM32CubeIDE.app/Contents/Eclipse/plugins/com.st.stm32cube.ide.mcu.externaltools.gnu-tools-for-stm32.13.3.rel1.macos64_1.0.0.202411102158/tools/bin/../lib/gcc/arm-none-eabi/13.3.1/../../../../arm-none-eabi/lib/thumb/v7e-m+fp/hard/libc_nano.a(libc_a-snprintf.o)
                0x0800f88c                snprintf
                0x0800f88c                sniprintf
 .text.std      0x0800f8f8       0x6c /Applications/STM32CubeIDE.app/Contents/Eclipse/plugins/com.st.stm32cube.ide.mcu.externaltools.gnu-tools-for-stm32.13.3.rel1.macos64_1.0.0.202411102158/tools/bin/../lib/gcc/arm-none-eabi/13.3.1/../../../../arm-none-eabi/lib/thumb/v7e-m+fp/hard/libc_nano.a(libc_a-findfp.o)
 .text.stdio_exit_handler
                0x0800f964       0x18 /Applications/STM32CubeIDE.app/Contents/Eclipse/plugins/com.st.stm32cube.ide.mcu.externaltools.gnu-tools-for-stm32.13.3.rel1.macos64_1.0.0.202411102158/tools/bin/../lib/gcc/arm-none-eabi/13.3.1/../../../../arm-none-eabi/lib/thumb/v7e-m+fp/hard/libc_nano.a(libc_a-findfp.o)
 .text.cleanup_stdio
                0x0800f97c       0x40 /Applications/STM32CubeIDE.app/Contents/Eclipse/plugins/com.st.stm32cube.ide.mcu.externaltools.gnu-tools-for-stm32.13.3.rel1.macos64_1.0.0.202411102158/tools/bin/../lib/gcc/arm-none-eabi/13.3.1/../../../../arm-none-eabi/lib/thumb/v7e-m+fp/hard/libc_nano.a(libc_a-findfp.o)
 .text.global_stdio_init.part.0
                0x0800f9bc       0x3c /Applications/STM32CubeIDE.app/Contents/Eclipse/plugins/com.st.stm32cube.ide.mcu.externaltools.gnu-tools-for-stm32.13.3.rel1.macos64_1.0.0.202411102158/tools/bin/../lib/gcc/arm-none-eabi/13.3.1/../../../../arm-none-eabi/lib/thumb/v7e-m+fp/hard/libc_nano.a(libc_a-findfp.o)
 .text.__sfp_lock_acquire
                0x0800f9f8        0xc /Applications/STM32CubeIDE.app/Contents/Eclipse/plugins/com.st.stm32cube.ide.mcu.externaltools.gnu-tools-for-stm32.13.3.rel1.macos64_1.0.0.202411102158/tools/bin/../lib/gcc/arm-none-eabi/13.3.1/../../../../arm-none-eabi/lib/thumb/v7e-m+fp/hard/libc_nano.a(libc_a-findfp.o)
                0x0800f9f8                __sfp_lock_acquire
 .text.__sfp_lock_release
                0x0800fa04        0xc /Applications/STM32CubeIDE.app/Contents/Eclipse/plugins/com.st.stm32cube.ide.mcu.externaltools.gnu-tools-for-stm32.13.3.rel1.macos64_1.0.0.202411102158/tools/bin/../lib/gcc/arm-none-eabi/13.3.1/../../../../arm-none-eabi/lib/thumb/v7e-m+fp/hard/libc_nano.a(libc_a-findfp.o)
                0x0800fa04                __sfp_lock_release
 .text.__sinit  0x0800fa10       0x30 /Applications/STM32CubeIDE.app/Contents/Eclipse/plugins/com.st.stm32cube.ide.mcu.externaltools.gnu-tools-for-stm32.13.3.rel1.macos64_1.0.0.202411102158/tools/bin/../lib/gcc/arm-none-eabi/13.3.1/../../../../arm-none-eabi/lib/thumb/v7e-m+fp/hard/libc_nano.a(libc_a-findfp.o)
                0x0800fa10                __sinit
 .text.sulp     0x0800fa40       0x3c /Applications/STM32CubeIDE.app/Contents/Eclipse/plugins/com.st.stm32cube.ide.mcu.externaltools.gnu-tools-for-stm32.13.3.rel1.macos64_1.0.0.202411102158/tools/bin/../lib/gcc/arm-none-eabi/13.3.1/../../../../arm-none-eabi/lib/thumb/v7e-m+fp/hard/libc_nano.a(libc_a-strtod.o)
 *fill*         0x0800fa7c        0x4 
 .text._strtod_l
                0x0800fa80      0xbc8 /Applications/STM32CubeIDE.app/Contents/Eclipse/plugins/com.st.stm32cube.ide.mcu.externaltools.gnu-tools-for-stm32.13.3.rel1.macos64_1.0.0.202411102158/tools/bin/../lib/gcc/arm-none-eabi/13.3.1/../../../../arm-none-eabi/lib/thumb/v7e-m+fp/hard/libc_nano.a(libc_a-strtod.o)
                0x0800fa80                _strtod_l
 .text.strtod   0x08010648       0x18 /Applications/STM32CubeIDE.app/Contents/Eclipse/plugins/com.st.stm32cube.ide.mcu.externaltools.gnu-tools-for-stm32.13.3.rel1.macos64_1.0.0.202411102158/tools/bin/../lib/gcc/arm-none-eabi/13.3.1/../../../../arm-none-eabi/lib/thumb/v7e-m+fp/hard/libc_nano.a(libc_a-strtod.o)
                0x08010648                strtod
 .text._strtol_l.isra.0
                0x08010660       0xf4 /Applications/STM32CubeIDE.app/Contents/Eclipse/plugins/com.st.stm32cube.ide.mcu.externaltools.gnu-tools-for-stm32.13.3.rel1.macos64_1.0.0.202411102158/tools/bin/../lib/gcc/arm-none-eabi/13.3.1/../../../../arm-none-eabi/lib/thumb/v7e-m+fp/hard/libc_nano.a(libc_a-strtol.o)
 .text.strtol   0x08010754       0x14 /Applications/STM32CubeIDE.app/Contents/Eclipse/plugins/com.st.stm32cube.ide.mcu.externaltools.gnu-tools-for-stm32.13.3.rel1.macos64_1.0.0.202411102158/tools/bin/../lib/gcc/arm-none-eabi/13.3.1/../../../../arm-none-eabi/lib/thumb/v7e-m+fp/hard/libc_nano.a(libc_a-strtol.o)
                0x08010754                strtol
 .text._fwalk_sglue
                0x08010768       0x3c /Applications/STM32CubeIDE.app/Contents/Eclipse/plugins/com.st.stm32cube.ide.mcu.externaltools.gnu-tools-for-stm32.13.3.rel1.macos64_1.0.0.202411102158/tools/bin/../lib/gcc/arm-none-eabi/13.3.1/../../../../arm-none-eabi/lib/thumb/v7e-m+fp/hard/libc_nano.a(libc_a-fwalk.o)
                0x08010768                _fwalk_sglue
 .text.memcmp   0x080107a4       0x20 /Applications/STM32CubeIDE.app/Contents/Eclipse/plugins/com.st.stm32cube.ide.mcu.externaltools.gnu-tools-for-stm32.13.3.rel1.macos64_1.0.0.202411102158/tools/bin/../lib/gcc/arm-none-eabi/13.3.1/../../../../arm-none-eabi/lib/thumb/v7e-m+fp/hard/libc_nano.a(libc_a-memcmp.o)
                0x080107a4                memcmp
 .text.memset   0x080107c4       0x10 /Applications/STM32CubeIDE.app/Contents/Eclipse/plugins/com.st.stm32cube.ide.mcu.externaltools.gnu-tools-for-stm32.13.3.rel1.macos64_1.0.0.202411102158/tools/bin/../lib/gcc/arm-none-eabi/13.3.1/../../../../arm-none-eabi/lib/thumb/v7e-m+fp/hard/libc_nano.a(libc_a-memset.o)
                0x080107c4                memset
 .text.strncasecmp
                0x080107d4       0x40 /Applications/STM32CubeIDE.app/Contents/Eclipse/plugins/com.st.stm32cube.ide.mcu.externaltools.gnu-tools-for-stm32.13.3.rel1.macos64_1.0.0.202411102158/tools/bin/../lib/gcc/arm-none-eabi/13.3.1/../../../../arm-none-eabi/lib/thumb/v7e-m+fp/hard/libc_nano.a(libc_a-strncasecmp.o)
                0x080107d4                strncasecmp
 .text.strncmp  0x08010814       0x24 /Applications/STM32CubeIDE.app/Contents/Eclipse/plugins/com.st.stm32cube.ide.mcu.externaltools.gnu-tools-for-stm32.13.3.rel1.macos64_1.0.0.202411102158/tools/bin/../lib/gcc/arm-none-eabi/13.3.1/../../../../arm-none-eabi/lib/thumb/v7e-m+fp/hard/libc_nano.a(libc_a-strncmp.o)
                0x08010814                strncmp
 .text.strtok   0x08010838       0x68 /Applications/STM32CubeIDE.app/Contents/Eclipse/plugins/com.st.stm32cube.ide.mcu.externaltools.gnu-tools-for-stm32.13.3.rel1.macos64_1.0.0.202411102158/tools/bin/../lib/gcc/arm-none-eabi/13.3.1/../../../../arm-none-eabi/lib/thumb/v7e-m+fp/hard/libc_nano.a(libc_a-strtok.o)
                0x08010838                strtok
 .text.__strtok_r
                0x080108a0       0x50 /Applications/STM32CubeIDE.app/Contents/Eclipse/plugins/com.st.stm32cube.ide.mcu.externaltools.gnu-tools-for-stm32.13.3.rel1.macos64_1.0.0.202411102158/tools/bin/../lib/gcc/arm-none-eabi/13.3.1/../../../../arm-none-eabi/lib/thumb/v7e-m+fp/hard/libc_nano.a(libc_a-strtok_r.o)
                0x080108a0                __strtok_r
 .text.strtok_r
                0x080108f0        0x6 /Applications/STM32CubeIDE.app/Contents/Eclipse/plugins/com.st.stm32cube.ide.mcu.externaltools.gnu-tools-for-stm32.13.3.rel1.macos64_1.0.0.202411102158/tools/bin/../lib/gcc/arm-none-eabi/13.3.1/../../../../arm-none-eabi/lib/thumb/v7e-m+fp/hard/libc_nano.a(libc_a-strtok_r.o)
                0x080108f0                strtok_r
 *fill*         0x080108f6        0x2 
 .text.__errno  0x080108f8        0xc /Applications/STM32CubeIDE.app/Contents/Eclipse/plugins/com.st.stm32cube.ide.mcu.externaltools.gnu-tools-for-stm32.13.3.rel1.macos64_1.0.0.202411102158/tools/bin/../lib/gcc/arm-none-eabi/13.3.1/../../../../arm-none-eabi/lib/thumb/v7e-m+fp/hard/libc_nano.a(libc_a-errno.o)
                0x080108f8                __errno
 .text.__libc_init_array
                0x08010904       0x48 /Applications/STM32CubeIDE.app/Contents/Eclipse/plugins/com.st.stm32cube.ide.mcu.externaltools.gnu-tools-for-stm32.13.3.rel1.macos64_1.0.0.202411102158/tools/bin/../lib/gcc/arm-none-eabi/13.3.1/../../../../arm-none-eabi/lib/thumb/v7e-m+fp/hard/libc_nano.a(libc_a-init.o)
                0x08010904                __libc_init_array
 .text.__retarget_lock_init_recursive
                0x0801094c        0x2 /Applications/STM32CubeIDE.app/Contents/Eclipse/plugins/com.st.stm32cube.ide.mcu.externaltools.gnu-tools-for-stm32.13.3.rel1.macos64_1.0.0.202411102158/tools/bin/../lib/gcc/arm-none-eabi/13.3.1/../../../../arm-none-eabi/lib/thumb/v7e-m+fp/hard/libc_nano.a(libc_a-lock.o)
                0x0801094c                __retarget_lock_init_recursive
 .text.__retarget_lock_acquire_recursive
                0x0801094e        0x2 /Applications/STM32CubeIDE.app/Contents/Eclipse/plugins/com.st.stm32cube.ide.mcu.externaltools.gnu-tools-for-stm32.13.3.rel1.macos64_1.0.0.202411102158/tools/bin/../lib/gcc/arm-none-eabi/13.3.1/../../../../arm-none-eabi/lib/thumb/v7e-m+fp/hard/libc_nano.a(libc_a-lock.o)
                0x0801094e                __retarget_lock_acquire_recursive
 .text.__retarget_lock_release_recursive
                0x08010950        0x2 /Applications/STM32CubeIDE.app/Contents/Eclipse/plugins/com.st.stm32cube.ide.mcu.externaltools.gnu-tools-for-stm32.13.3.rel1.macos64_1.0.0.202411102158/tools/bin/../lib/gcc/arm-none-eabi/13.3.1/../../../../arm-none-eabi/lib/thumb/v7e-m+fp/hard/libc_nano.a(libc_a-lock.o)
                0x08010950                __retarget_lock_release_recursive
 *fill*         0x08010952        0x2 
 .text._localeconv_r
                0x08010954        0x8 /Applications/STM32CubeIDE.app/Contents/Eclipse/plugins/com.st.stm32cube.ide.mcu.externaltools.gnu-tools-for-stm32.13.3.rel1.macos64_1.0.0.202411102158/tools/bin/../lib/gcc/arm-none-eabi/13.3.1/../../../../arm-none-eabi/lib/thumb/v7e-m+fp/hard/libc_nano.a(libc_a-localeconv.o)
                0x08010954                _localeconv_r
 .text.strcpy   0x0801095c       0x10 /Applications/STM32CubeIDE.app/Contents/Eclipse/plugins/com.st.stm32cube.ide.mcu.externaltools.gnu-tools-for-stm32.13.3.rel1.macos64_1.0.0.202411102158/tools/bin/../lib/gcc/arm-none-eabi/13.3.1/../../../../arm-none-eabi/lib/thumb/v7e-m+fp/hard/libc_nano.a(libc_a-strcpy.o)
                0x0801095c                strcpy
 .text.memcpy   0x0801096c       0x1c /Applications/STM32CubeIDE.app/Contents/Eclipse/plugins/com.st.stm32cube.ide.mcu.externaltools.gnu-tools-for-stm32.13.3.rel1.macos64_1.0.0.202411102158/tools/bin/../lib/gcc/arm-none-eabi/13.3.1/../../../../arm-none-eabi/lib/thumb/v7e-m+fp/hard/libc_nano.a(libc_a-memcpy-stub.o)
                0x0801096c                memcpy
 .text.nan      0x08010988       0x10 /Applications/STM32CubeIDE.app/Contents/Eclipse/plugins/com.st.stm32cube.ide.mcu.externaltools.gnu-tools-for-stm32.13.3.rel1.macos64_1.0.0.202411102158/tools/bin/../lib/gcc/arm-none-eabi/13.3.1/../../../../arm-none-eabi/lib/thumb/v7e-m+fp/hard/libc_nano.a(libm_a-s_nan.o)
                0x08010988                nan
 .text.__assert_func
                0x08010998       0x3c /Applications/STM32CubeIDE.app/Contents/Eclipse/plugins/com.st.stm32cube.ide.mcu.externaltools.gnu-tools-for-stm32.13.3.rel1.macos64_1.0.0.202411102158/tools/bin/../lib/gcc/arm-none-eabi/13.3.1/../../../../arm-none-eabi/lib/thumb/v7e-m+fp/hard/libc_nano.a(libc_a-assert.o)
                0x08010998                __assert_func
 .text.quorem   0x080109d4      0x110 /Applications/STM32CubeIDE.app/Contents/Eclipse/plugins/com.st.stm32cube.ide.mcu.externaltools.gnu-tools-for-stm32.13.3.rel1.macos64_1.0.0.202411102158/tools/bin/../lib/gcc/arm-none-eabi/13.3.1/../../../../arm-none-eabi/lib/thumb/v7e-m+fp/hard/libc_nano.a(libc_a-dtoa.o)
 *fill*         0x08010ae4        0x4 
 .text._dtoa_r  0x08010ae8      0xba0 /Applications/STM32CubeIDE.app/Contents/Eclipse/plugins/com.st.stm32cube.ide.mcu.externaltools.gnu-tools-for-stm32.13.3.rel1.macos64_1.0.0.202411102158/tools/bin/../lib/gcc/arm-none-eabi/13.3.1/../../../../arm-none-eabi/lib/thumb/v7e-m+fp/hard/libc_nano.a(libc_a-dtoa.o)
                0x08010ae8                _dtoa_r
 .text.rshift   0x08011688       0xa4 /Applications/STM32CubeIDE.app/Contents/Eclipse/plugins/com.st.stm32cube.ide.mcu.externaltools.gnu-tools-for-stm32.13.3.rel1.macos64_1.0.0.202411102158/tools/bin/../lib/gcc/arm-none-eabi/13.3.1/../../../../arm-none-eabi/lib/thumb/v7e-m+fp/hard/libc_nano.a(libc_a-gdtoa-gethex.o)
 .text.__hexdig_fun
                0x0801172c       0x2a /Applications/STM32CubeIDE.app/Contents/Eclipse/plugins/com.st.stm32cube.ide.mcu.externaltools.gnu-tools-for-stm32.13.3.rel1.macos64_1.0.0.202411102158/tools/bin/../lib/gcc/arm-none-eabi/13.3.1/../../../../arm-none-eabi/lib/thumb/v7e-m+fp/hard/libc_nano.a(libc_a-gdtoa-gethex.o)
                0x0801172c                __hexdig_fun
 *fill*         0x08011756        0x2 
 .text.__gethex
                0x08011758      0x420 /Applications/STM32CubeIDE.app/Contents/Eclipse/plugins/com.st.stm32cube.ide.mcu.externaltools.gnu-tools-for-stm32.13.3.rel1.macos64_1.0.0.202411102158/tools/bin/../lib/gcc/arm-none-eabi/13.3.1/../../../../arm-none-eabi/lib/thumb/v7e-m+fp/hard/libc_nano.a(libc_a-gdtoa-gethex.o)
                0x08011758                __gethex
 .text.L_shift  0x08011b78       0x24 /Applications/STM32CubeIDE.app/Contents/Eclipse/plugins/com.st.stm32cube.ide.mcu.externaltools.gnu-tools-for-stm32.13.3.rel1.macos64_1.0.0.202411102158/tools/bin/../lib/gcc/arm-none-eabi/13.3.1/../../../../arm-none-eabi/lib/thumb/v7e-m+fp/hard/libc_nano.a(libc_a-gdtoa-hexnan.o)
 .text.__match  0x08011b9c       0x28 /Applications/STM32CubeIDE.app/Contents/Eclipse/plugins/com.st.stm32cube.ide.mcu.externaltools.gnu-tools-for-stm32.13.3.rel1.macos64_1.0.0.202411102158/tools/bin/../lib/gcc/arm-none-eabi/13.3.1/../../../../arm-none-eabi/lib/thumb/v7e-m+fp/hard/libc_nano.a(libc_a-gdtoa-hexnan.o)
                0x08011b9c                __match
 .text.__hexnan
                0x08011bc4      0x136 /Applications/STM32CubeIDE.app/Contents/Eclipse/plugins/com.st.stm32cube.ide.mcu.externaltools.gnu-tools-for-stm32.13.3.rel1.macos64_1.0.0.202411102158/tools/bin/../lib/gcc/arm-none-eabi/13.3.1/../../../../arm-none-eabi/lib/thumb/v7e-m+fp/hard/libc_nano.a(libc_a-gdtoa-hexnan.o)
                0x08011bc4                __hexnan
 .text.__ssputs_r
                0x08011cfa       0xb6 /Applications/STM32CubeIDE.app/Contents/Eclipse/plugins/com.st.stm32cube.ide.mcu.externaltools.gnu-tools-for-stm32.13.3.rel1.macos64_1.0.0.202411102158/tools/bin/../lib/gcc/arm-none-eabi/13.3.1/../../../../arm-none-eabi/lib/thumb/v7e-m+fp/hard/libc_nano.a(libc_a-nano-svfprintf.o)
                0x08011cfa                __ssputs_r
 .text._svfprintf_r
                0x08011db0      0x1f8 /Applications/STM32CubeIDE.app/Contents/Eclipse/plugins/com.st.stm32cube.ide.mcu.externaltools.gnu-tools-for-stm32.13.3.rel1.macos64_1.0.0.202411102158/tools/bin/../lib/gcc/arm-none-eabi/13.3.1/../../../../arm-none-eabi/lib/thumb/v7e-m+fp/hard/libc_nano.a(libc_a-nano-svfprintf.o)
                0x08011db0                _svfprintf_r
                0x08011db0                _svfiprintf_r
 .text.malloc   0x08011fa8       0x10 /Applications/STM32CubeIDE.app/Contents/Eclipse/plugins/com.st.stm32cube.ide.mcu.externaltools.gnu-tools-for-stm32.13.3.rel1.macos64_1.0.0.202411102158/tools/bin/../lib/gcc/arm-none-eabi/13.3.1/../../../../arm-none-eabi/lib/thumb/v7e-m+fp/hard/libc_nano.a(libc_a-malloc.o)
                0x08011fa8                malloc
 .text.sbrk_aligned
                0x08011fb8       0x44 /Applications/STM32CubeIDE.app/Contents/Eclipse/plugins/com.st.stm32cube.ide.mcu.externaltools.gnu-tools-for-stm32.13.3.rel1.macos64_1.0.0.202411102158/tools/bin/../lib/gcc/arm-none-eabi/13.3.1/../../../../arm-none-eabi/lib/thumb/v7e-m+fp/hard/libc_nano.a(libc_a-mallocr.o)
 .text._malloc_r
                0x08011ffc      0x100 /Applications/STM32CubeIDE.app/Contents/Eclipse/plugins/com.st.stm32cube.ide.mcu.externaltools.gnu-tools-for-stm32.13.3.rel1.macos64_1.0.0.202411102158/tools/bin/../lib/gcc/arm-none-eabi/13.3.1/../../../../arm-none-eabi/lib/thumb/v7e-m+fp/hard/libc_nano.a(libc_a-mallocr.o)
                0x08011ffc                _malloc_r
 .text.__ascii_mbtowc
                0x080120fc       0x24 /Applications/STM32CubeIDE.app/Contents/Eclipse/plugins/com.st.stm32cube.ide.mcu.externaltools.gnu-tools-for-stm32.13.3.rel1.macos64_1.0.0.202411102158/tools/bin/../lib/gcc/arm-none-eabi/13.3.1/../../../../arm-none-eabi/lib/thumb/v7e-m+fp/hard/libc_nano.a(libc_a-mbtowc_r.o)
                0x080120fc                __ascii_mbtowc
 .text.__sflush_r
                0x08012120      0x108 /Applications/STM32CubeIDE.app/Contents/Eclipse/plugins/com.st.stm32cube.ide.mcu.externaltools.gnu-tools-for-stm32.13.3.rel1.macos64_1.0.0.202411102158/tools/bin/../lib/gcc/arm-none-eabi/13.3.1/../../../../arm-none-eabi/lib/thumb/v7e-m+fp/hard/libc_nano.a(libc_a-fflush.o)
                0x08012120                __sflush_r
 .text._fflush_r
                0x08012228       0x50 /Applications/STM32CubeIDE.app/Contents/Eclipse/plugins/com.st.stm32cube.ide.mcu.externaltools.gnu-tools-for-stm32.13.3.rel1.macos64_1.0.0.202411102158/tools/bin/../lib/gcc/arm-none-eabi/13.3.1/../../../../arm-none-eabi/lib/thumb/v7e-m+fp/hard/libc_nano.a(libc_a-fflush.o)
                0x08012228                _fflush_r
 .text.__malloc_lock
                0x08012278        0xc /Applications/STM32CubeIDE.app/Contents/Eclipse/plugins/com.st.stm32cube.ide.mcu.externaltools.gnu-tools-for-stm32.13.3.rel1.macos64_1.0.0.202411102158/tools/bin/../lib/gcc/arm-none-eabi/13.3.1/../../../../arm-none-eabi/lib/thumb/v7e-m+fp/hard/libc_nano.a(libc_a-mlock.o)
                0x08012278                __malloc_lock
 .text.__malloc_unlock
                0x08012284        0xc /Applications/STM32CubeIDE.app/Contents/Eclipse/plugins/com.st.stm32cube.ide.mcu.externaltools.gnu-tools-for-stm32.13.3.rel1.macos64_1.0.0.202411102158/tools/bin/../lib/gcc/arm-none-eabi/13.3.1/../../../../arm-none-eabi/lib/thumb/v7e-m+fp/hard/libc_nano.a(libc_a-mlock.o)
                0x08012284                __malloc_unlock
 .text._Balloc  0x08012290       0x80 /Applications/STM32CubeIDE.app/Contents/Eclipse/plugins/com.st.stm32cube.ide.mcu.externaltools.gnu-tools-for-stm32.13.3.rel1.macos64_1.0.0.202411102158/tools/bin/../lib/gcc/arm-none-eabi/13.3.1/../../../../arm-none-eabi/lib/thumb/v7e-m+fp/hard/libc_nano.a(libc_a-mprec.o)
                0x08012290                _Balloc