../Core/Src/commands.c:31:13:SendErr	160	static
../Core/Src/commands.c:42:6:cmd_idn	128	static
../Core/Src/commands.c:73:6:cmd_boot	16	static
../Core/Src/commands.c:114:6:cmd_table_begin	16	static
../Core/Src/commands.c:148:13:SendTableStepCountErr	80	static
../Core/Src/commands.c:157:6:cmd_table_step	168	static
../Core/Src/commands.c:229:6:cmd_table_end	64	static
../Core/Src/commands.c:240:6:cmd_table_query	64	static
../Core/Src/commands.c:282:16:AnyFaultLatched	8	static
../Core/Src/commands.c:287:6:cmd_fire	16	static
../Core/Src/commands.c:328:6:cmd_pfm_diag	120	static
../Core/Src/commands.c:355:6:cmd_pfm_gaplog	32	static
../Core/Src/commands.c:386:6:cmd_config_channels	48	static
../Core/Src/commands.c:414:6:cmd_fault_query	16	static
../Core/Src/commands.c:421:6:cmd_fault_clear	16	static
../Core/Src/commands.c:451:6:cmd_arm	16	static
../Core/Src/commands.c:467:6:cmd_disarm	16	static
../Core/Src/commands.c:481:6:cmd_state_query	64	static
../Core/Src/commands.c:560:6:cmd_ext_enable	24	static
../Core/Src/commands.c:577:6:cmd_ext_enable_query	32	static
../Core/Src/commands.c:592:6:cmd_ext_enable_input_query	32	static
../Core/Src/commands.c:616:6:cmd_ext_trigger	24	static
../Core/Src/commands.c:633:6:cmd_ext_trigger_query	32	static
../Core/Src/commands.c:648:6:cmd_ext_trigger_input_query	32	static
../Core/Src/commands.c:667:6:cmd_emerg_enable	24	static
../Core/Src/commands.c:684:6:cmd_emerg_enable_query	32	static
../Core/Src/commands.c:697:6:cmd_emerg_input_query	32	static
../Core/Src/commands.c:731:6:cmd_diag_gpout12	24	static
../Core/Src/commands.c:748:6:cmd_diag_gpout12_query	32	static
../Core/Src/commands.c:773:6:cmd_diag_gpout11	24	static
../Core/Src/commands.c:790:6:cmd_diag_gpout11_query	32	static
../Core/Src/commands.c:830:6:cmd_diag_optbytes_query	136	static
../Core/Src/commands.c:878:6:cmd_diag_rstcause_query	184	static
../Core/Src/commands.c:899:6:cmd_diag_rstcause_clear	16	static
../Core/Src/commands.c:933:6:cmd_ocp_test_fault	24	static
../Core/Src/commands.c:978:6:cmd_general_test_fault	16	static
../Core/Src/commands.c:1006:6:cmd_gds_query	200	static
../Core/Src/commands.c:1038:6:cmd_xrex_channel_status	136	static
../Core/Src/commands.c:1092:6:cmd_xrex_ena_out	32	static
../Core/Src/commands.c:1123:6:cmd_xrex_ena_out_query	40	static
../Core/Src/commands.c:1146:6:cmd_xrex_contact_out	32	static
../Core/Src/commands.c:1177:6:cmd_xrex_contact_out_query	40	static
../Core/Src/commands.c:1212:6:cmd_gpout_enable	24	static
../Core/Src/commands.c:1229:6:cmd_gpout_enable_query	32	static
../Core/Src/commands.c:1247:6:cmd_pwmalt_enable	24	static
../Core/Src/commands.c:1264:6:cmd_pwmalt_enable_query	32	static
../Core/Src/commands.c:1292:6:cmd_qspi_id	64	static
../Core/Src/commands.c:1319:6:cmd_pfmin_capture	24	static
../Core/Src/commands.c:1343:6:cmd_pfmin_status	96	static
../Core/Src/commands.c:1363:6:cmd_pfmin_dmastat	96	static
../Core/Src/commands.c:1397:6:cmd_pfmin_debug_raw	176	static
../Core/Src/commands.c:1442:6:cmd_pfmin_debug_reg	304	static
../Core/Src/commands.c:1487:6:cmd_pfmin_data	64	static
../Core/Src/commands.c:1544:6:cmd_pid_start	16	static
../Core/Src/commands.c:1551:6:cmd_pid_stop	16	static
../Core/Src/commands.c:1563:6:cmd_pid_setpoint	32	static
../Core/Src/commands.c:1607:6:cmd_pid_gains	64	static
../Core/Src/commands.c:1663:6:cmd_pid_gains_query	144	static
../Core/Src/commands.c:1694:6:cmd_pid_status	160	static
../Core/Src/commands.c:1734:6:cmd_pid_log	32	static
../Core/Src/commands.c:1811:6:cmd_pid_logdata	112	static
../Core/Src/commands.c:1875:6:cmd_pid_ramp	40	static
../Core/Src/commands.c:1949:6:cmd_pid_loopmode	40	static
../Core/Src/commands.c:1997:6:cmd_pid_loopmode_query	64	static
../Core/Src/commands.c:2028:6:cmd_pid_channel_enable	32	static
../Core/Src/commands.c:2062:6:cmd_pid_channel_enable_query	64	static
../Core/Src/commands.c:2088:6:cmd_pid_channel_nickname	32	static
../Core/Src/commands.c:2125:6:cmd_pid_channel_nickname_query	72	static
../Core/Src/commands.c:2163:6:cmd_pid_profile_timing	48	static
../Core/Src/commands.c:2208:6:cmd_pid_profile_timing_query	96	static
../Core/Src/commands.c:2229:6:cmd_pid_profile_current	40	static
../Core/Src/commands.c:2277:6:cmd_pid_profile_current_query	72	static
../Core/Src/commands.c:2322:6:cmd_pid_profile_start	16	static
