../Core/Src/commands.c:31:13:SendErr	160	static
../Core/Src/commands.c:42:6:cmd_idn	128	static
../Core/Src/commands.c:73:6:cmd_boot	16	static
../Core/Src/commands.c:114:6:cmd_table_begin	16	static
../Core/Src/commands.c:148:13:SendTableStepCountErr	80	static
../Core/Src/commands.c:157:6:cmd_table_step	168	static
../Core/Src/commands.c:229:6:cmd_table_end	64	static
../Core/Src/commands.c:240:6:cmd_table_query	64	static
../Core/Src/commands.c:282:16:AnyFaultLatched	8	static
../Core/Src/commands.c:287:6:cmd_fire	16	static
../Core/Src/commands.c:328:6:cmd_pfm_diag	120	static
../Core/Src/commands.c:355:6:cmd_pfm_gaplog	32	static
../Core/Src/commands.c:386:6:cmd_config_channels	48	static
../Core/Src/commands.c:414:6:cmd_fault_query	16	static
../Core/Src/commands.c:421:6:cmd_fault_clear	16	static
../Core/Src/commands.c:451:6:cmd_arm	16	static
../Core/Src/commands.c:467:6:cmd_disarm	16	static
../Core/Src/commands.c:481:6:cmd_state_query	64	static
../Core/Src/commands.c:544:6:cmd_ext_enable	24	static
../Core/Src/commands.c:561:6:cmd_ext_enable_query	32	static
../Core/Src/commands.c:575:6:cmd_ext_enable_input_query	32	static
../Core/Src/commands.c:594:6:cmd_ext_trigger	24	static
../Core/Src/commands.c:615:6:cmd_ext_trigger_query	32	static
../Core/Src/commands.c:634:6:cmd_emerg_enable	24	static
../Core/Src/commands.c:651:6:cmd_emerg_enable_query	32	static
../Core/Src/commands.c:664:6:cmd_emerg_input_query	32	static
../Core/Src/commands.c:694:6:cmd_diag_gpout12	24	static
../Core/Src/commands.c:711:6:cmd_diag_gpout12_query	32	static
../Core/Src/commands.c:751:6:cmd_diag_optbytes_query	136	static
../Core/Src/commands.c:791:6:cmd_ocp_test_fault	24	static
../Core/Src/commands.c:836:6:cmd_general_test_fault	16	static
../Core/Src/commands.c:864:6:cmd_gds_query	200	static
../Core/Src/commands.c:896:6:cmd_xrex_channel_status	136	static
../Core/Src/commands.c:943:6:cmd_qspi_id	64	static
../Core/Src/commands.c:970:6:cmd_pfmin_capture	24	static
../Core/Src/commands.c:994:6:cmd_pfmin_status	96	static
../Core/Src/commands.c:1014:6:cmd_pfmin_dmastat	96	static
../Core/Src/commands.c:1048:6:cmd_pfmin_debug_raw	176	static
../Core/Src/commands.c:1093:6:cmd_pfmin_debug_reg	304	static
../Core/Src/commands.c:1138:6:cmd_pfmin_data	64	static
../Core/Src/commands.c:1195:6:cmd_pid_start	16	static
../Core/Src/commands.c:1202:6:cmd_pid_stop	16	static
../Core/Src/commands.c:1214:6:cmd_pid_setpoint	32	static
../Core/Src/commands.c:1258:6:cmd_pid_gains	64	static
../Core/Src/commands.c:1314:6:cmd_pid_gains_query	144	static
../Core/Src/commands.c:1345:6:cmd_pid_status	160	static
../Core/Src/commands.c:1385:6:cmd_pid_log	32	static
../Core/Src/commands.c:1462:6:cmd_pid_logdata	112	static
../Core/Src/commands.c:1526:6:cmd_pid_ramp	40	static
../Core/Src/commands.c:1600:6:cmd_pid_loopmode	40	static
../Core/Src/commands.c:1648:6:cmd_pid_loopmode_query	64	static
../Core/Src/commands.c:1679:6:cmd_pid_channel_enable	32	static
../Core/Src/commands.c:1713:6:cmd_pid_channel_enable_query	64	static
../Core/Src/commands.c:1739:6:cmd_pid_channel_nickname	32	static
../Core/Src/commands.c:1776:6:cmd_pid_channel_nickname_query	72	static
../Core/Src/commands.c:1814:6:cmd_pid_profile_timing	48	static
../Core/Src/commands.c:1859:6:cmd_pid_profile_timing_query	96	static
../Core/Src/commands.c:1880:6:cmd_pid_profile_current	40	static
../Core/Src/commands.c:1928:6:cmd_pid_profile_current_query	72	static
../Core/Src/commands.c:1973:6:cmd_pid_profile_start	16	static
