../Core/Src/commands.c:29:13:SendErr	160	static
../Core/Src/commands.c:40:6:cmd_idn	128	static
../Core/Src/commands.c:71:6:cmd_boot	16	static
../Core/Src/commands.c:112:6:cmd_table_begin	16	static
../Core/Src/commands.c:146:13:SendTableStepCountErr	80	static
../Core/Src/commands.c:155:6:cmd_table_step	168	static
../Core/Src/commands.c:227:6:cmd_table_end	64	static
../Core/Src/commands.c:238:6:cmd_table_query	64	static
../Core/Src/commands.c:280:16:AnyFaultLatched	8	static
../Core/Src/commands.c:285:6:cmd_fire	16	static
../Core/Src/commands.c:326:6:cmd_pfm_diag	120	static
../Core/Src/commands.c:353:6:cmd_pfm_gaplog	32	static
../Core/Src/commands.c:384:6:cmd_config_channels	48	static
../Core/Src/commands.c:412:6:cmd_fault_query	16	static
../Core/Src/commands.c:419:6:cmd_fault_clear	16	static
../Core/Src/commands.c:449:6:cmd_arm	16	static
../Core/Src/commands.c:465:6:cmd_disarm	16	static
../Core/Src/commands.c:479:6:cmd_state_query	64	static
../Core/Src/commands.c:538:6:cmd_ocp_test_fault	24	static
../Core/Src/commands.c:583:6:cmd_general_test_fault	16	static
../Core/Src/commands.c:611:6:cmd_gds_query	200	static
../Core/Src/commands.c:648:6:cmd_qspi_id	64	static
../Core/Src/commands.c:675:6:cmd_pfmin_capture	24	static
../Core/Src/commands.c:699:6:cmd_pfmin_status	96	static
../Core/Src/commands.c:719:6:cmd_pfmin_dmastat	96	static
../Core/Src/commands.c:753:6:cmd_pfmin_debug_raw	176	static
../Core/Src/commands.c:798:6:cmd_pfmin_debug_reg	304	static
../Core/Src/commands.c:843:6:cmd_pfmin_data	64	static
../Core/Src/commands.c:900:6:cmd_pid_start	16	static
../Core/Src/commands.c:907:6:cmd_pid_stop	16	static
../Core/Src/commands.c:919:6:cmd_pid_setpoint	32	static
../Core/Src/commands.c:963:6:cmd_pid_gains	64	static
../Core/Src/commands.c:1019:6:cmd_pid_gains_query	144	static
../Core/Src/commands.c:1050:6:cmd_pid_status	160	static
../Core/Src/commands.c:1090:6:cmd_pid_log	32	static
../Core/Src/commands.c:1167:6:cmd_pid_logdata	112	static
../Core/Src/commands.c:1231:6:cmd_pid_ramp	40	static
../Core/Src/commands.c:1297:6:cmd_pid_loopmode	32	static
../Core/Src/commands.c:1333:6:cmd_pid_loopmode_query	64	static
../Core/Src/commands.c:1364:6:cmd_pid_channel_enable	32	static
../Core/Src/commands.c:1398:6:cmd_pid_channel_enable_query	64	static
../Core/Src/commands.c:1424:6:cmd_pid_channel_nickname	32	static
../Core/Src/commands.c:1461:6:cmd_pid_channel_nickname_query	72	static
../Core/Src/commands.c:1499:6:cmd_pid_profile_timing	48	static
../Core/Src/commands.c:1544:6:cmd_pid_profile_timing_query	96	static
../Core/Src/commands.c:1565:6:cmd_pid_profile_current	40	static
../Core/Src/commands.c:1613:6:cmd_pid_profile_current_query	72	static
../Core/Src/commands.c:1648:6:cmd_pid_profile_start	16	static
