../Core/Src/commands.c:33:13:SendErr	160	static
../Core/Src/commands.c:44:6:cmd_idn	128	static
../Core/Src/commands.c:75:6:cmd_boot	16	static
../Core/Src/commands.c:116:6:cmd_table_begin	16	static
../Core/Src/commands.c:155:9:PFM_SetMaxCarrierFreqHz	24	static
../Core/Src/commands.c:170:10:PFM_GetMaxCarrierFreqHz	4	static
../Core/Src/commands.c:182:17:TableStepMinPer	4	static
../Core/Src/commands.c:193:13:SendTableStepCountErr	80	static
../Core/Src/commands.c:202:6:cmd_table_step	176	static
../Core/Src/commands.c:281:6:cmd_config_max_carrier_hz	24	static
../Core/Src/commands.c:302:6:cmd_config_max_carrier_hz_query	48	static
../Core/Src/commands.c:311:6:cmd_table_end	64	static
../Core/Src/commands.c:322:6:cmd_table_query	64	static
../Core/Src/commands.c:364:16:AnyFaultLatched	8	static
../Core/Src/commands.c:387:16:RequireArmedAndEnabled	16	static
../Core/Src/commands.c:402:6:cmd_fire	16	static
../Core/Src/commands.c:459:6:cmd_pfm_diag	120	static
../Core/Src/commands.c:486:6:cmd_pfm_gaplog	32	static
../Core/Src/commands.c:517:6:cmd_config_channels	48	static
../Core/Src/commands.c:534:6:cmd_config_pid_rate	24	static
../Core/Src/commands.c:555:6:cmd_config_pid_rate_query	48	static
../Core/Src/commands.c:568:6:cmd_config_turnon_hz	24	static
../Core/Src/commands.c:589:6:cmd_config_turnon_hz_query	48	static
../Core/Src/commands.c:602:6:cmd_config_max_freq_hz	24	static
../Core/Src/commands.c:623:6:cmd_config_max_freq_hz_query	48	static
../Core/Src/commands.c:639:6:cmd_config_max_current	40	static
../Core/Src/commands.c:677:6:cmd_config_max_current_query	72	static
../Core/Src/commands.c:709:6:cmd_config_slew_rate	32	static
../Core/Src/commands.c:729:6:cmd_config_slew_rate_query	56	static
../Core/Src/commands.c:742:6:cmd_config_fault_ramp_time	32	static
../Core/Src/commands.c:762:6:cmd_config_fault_ramp_time_query	56	static
../Core/Src/commands.c:781:13:ConfigFaultPolaritySet	32	static
../Core/Src/commands.c:808:13:ConfigFaultPolarityQuery	56	static
../Core/Src/commands.c:817:6:cmd_config_fault_polarity_water	16	static
../Core/Src/commands.c:821:6:cmd_config_fault_polarity_water_query	16	static
../Core/Src/commands.c:826:6:cmd_config_fault_polarity_temp	16	static
../Core/Src/commands.c:830:6:cmd_config_fault_polarity_temp_query	16	static
../Core/Src/commands.c:835:6:cmd_config_fault_polarity_enerpro	16	static
../Core/Src/commands.c:839:6:cmd_config_fault_polarity_enerpro_query	16	static
../Core/Src/commands.c:844:6:cmd_config_fault_polarity_ocp	16	static
../Core/Src/commands.c:848:6:cmd_config_fault_polarity_ocp_query	16	static
../Core/Src/commands.c:872:6:cmd_fault_query	16	static
../Core/Src/commands.c:879:6:cmd_fault_clear	16	static
../Core/Src/commands.c:927:6:cmd_arm	120	static
../Core/Src/commands.c:981:6:cmd_disarm	16	static
../Core/Src/commands.c:998:6:cmd_debug_fault_bypass	24	static
../Core/Src/commands.c:1019:6:cmd_debug_fault_bypass_query	32	static
../Core/Src/commands.c:1034:6:cmd_state_query	64	static
../Core/Src/commands.c:1111:6:cmd_sys_time	40	static
../Core/Src/commands.c:1120:6:cmd_sys_telem	40	static
../Core/Src/commands.c:1129:6:cmd_sys_event	24	static
../Core/Src/commands.c:1151:6:cmd_sys_event_query	32	static
../Core/Src/commands.c:1166:6:cmd_sys_evlog	16	static
../Core/Src/commands.c:1188:6:cmd_ext_enable	24	static
../Core/Src/commands.c:1205:6:cmd_ext_enable_query	32	static
../Core/Src/commands.c:1220:6:cmd_ext_enable_input_query	32	static
../Core/Src/commands.c:1244:6:cmd_ext_trigger	24	static
../Core/Src/commands.c:1261:6:cmd_ext_trigger_query	32	static
../Core/Src/commands.c:1276:6:cmd_ext_trigger_input_query	32	static
../Core/Src/commands.c:1310:6:cmd_diag_gpout12	24	static
../Core/Src/commands.c:1327:6:cmd_diag_gpout12_query	32	static
../Core/Src/commands.c:1352:6:cmd_diag_gpout11	24	static
../Core/Src/commands.c:1369:6:cmd_diag_gpout11_query	32	static
../Core/Src/commands.c:1400:6:cmd_diag_gpout09	24	static
../Core/Src/commands.c:1417:6:cmd_diag_gpout09_query	32	static
../Core/Src/commands.c:1427:6:cmd_diag_gpout10	24	static
../Core/Src/commands.c:1444:6:cmd_diag_gpout10_query	32	static
../Core/Src/commands.c:1484:6:cmd_diag_optbytes_query	136	static
../Core/Src/commands.c:1532:6:cmd_diag_rstcause_query	184	static
../Core/Src/commands.c:1553:6:cmd_diag_rstcause_clear	16	static
../Core/Src/commands.c:1587:6:cmd_ocp_test_fault	24	static
../Core/Src/commands.c:1632:6:cmd_general_test_fault	16	static
../Core/Src/commands.c:1660:6:cmd_gds_query	200	static
../Core/Src/commands.c:1692:6:cmd_xrex_channel_status	136	static
../Core/Src/commands.c:1746:6:cmd_xrex_ena_out	32	static
../Core/Src/commands.c:1777:6:cmd_xrex_ena_out_query	40	static
../Core/Src/commands.c:1800:6:cmd_xrex_contact_out	32	static
../Core/Src/commands.c:1831:6:cmd_xrex_contact_out_query	40	static
../Core/Src/commands.c:1866:6:cmd_gpout_enable	24	static
../Core/Src/commands.c:1883:6:cmd_gpout_enable_query	32	static
../Core/Src/commands.c:1901:6:cmd_pwmalt_enable	24	static
../Core/Src/commands.c:1918:6:cmd_pwmalt_enable_query	32	static
../Core/Src/commands.c:1946:6:cmd_qspi_id	64	static
../Core/Src/commands.c:1973:6:cmd_pfmin_capture	24	static
../Core/Src/commands.c:1997:6:cmd_pfmin_status	96	static
../Core/Src/commands.c:2017:6:cmd_pfmin_dmastat	96	static
../Core/Src/commands.c:2051:6:cmd_pfmin_debug_raw	176	static
../Core/Src/commands.c:2096:6:cmd_pfmin_debug_reg	304	static
../Core/Src/commands.c:2141:6:cmd_pfmin_data	64	static
../Core/Src/commands.c:2200:6:cmd_source_run	16	static
../Core/Src/commands.c:2222:6:cmd_source_stop	16	static
../Core/Src/commands.c:2234:6:cmd_source_setpoint	32	static
../Core/Src/commands.c:2278:6:cmd_pid_gains	64	static
../Core/Src/commands.c:2334:6:cmd_pid_gains_query	144	static
../Core/Src/commands.c:2365:6:cmd_source_status	160	static
../Core/Src/commands.c:2405:6:cmd_log_arm	32	static
../Core/Src/commands.c:2482:6:cmd_log_data	112	static
../Core/Src/commands.c:2546:6:cmd_source_ramp	40	static
../Core/Src/commands.c:2620:6:cmd_pid_loopmode	40	static
../Core/Src/commands.c:2668:6:cmd_pid_loopmode_query	64	static
../Core/Src/commands.c:2699:6:cmd_source_enable	32	static
../Core/Src/commands.c:2733:6:cmd_source_enable_query	64	static
../Core/Src/commands.c:2759:6:cmd_chan_nickname	32	static
../Core/Src/commands.c:2796:6:cmd_chan_nickname_query	72	static
../Core/Src/commands.c:2834:6:cmd_shot_timing	56	static
../Core/Src/commands.c:2900:6:cmd_shot_timing_query	136	static
../Core/Src/commands.c:2923:6:cmd_shot_current	40	static
../Core/Src/commands.c:2971:6:cmd_shot_current_query	72	static
../Core/Src/commands.c:3016:6:cmd_shot_start	16	static
