../Core/Src/commands.c:30:13:SendErr	160	static
../Core/Src/commands.c:41:6:cmd_idn	128	static
../Core/Src/commands.c:72:6:cmd_boot	16	static
../Core/Src/commands.c:113:6:cmd_table_begin	16	static
../Core/Src/commands.c:147:13:SendTableStepCountErr	80	static
../Core/Src/commands.c:156:6:cmd_table_step	168	static
../Core/Src/commands.c:228:6:cmd_table_end	64	static
../Core/Src/commands.c:239:6:cmd_table_query	64	static
../Core/Src/commands.c:281:16:AnyFaultLatched	8	static
../Core/Src/commands.c:286:6:cmd_fire	16	static
../Core/Src/commands.c:327:6:cmd_pfm_diag	120	static
../Core/Src/commands.c:354:6:cmd_pfm_gaplog	32	static
../Core/Src/commands.c:385:6:cmd_config_channels	48	static
../Core/Src/commands.c:413:6:cmd_fault_query	16	static
../Core/Src/commands.c:420:6:cmd_fault_clear	16	static
../Core/Src/commands.c:450:6:cmd_arm	16	static
../Core/Src/commands.c:466:6:cmd_disarm	16	static
../Core/Src/commands.c:480:6:cmd_state_query	64	static
../Core/Src/commands.c:535:6:cmd_ext_enable	24	static
../Core/Src/commands.c:552:6:cmd_ext_enable_query	32	static
../Core/Src/commands.c:566:6:cmd_ext_enable_input_query	32	static
../Core/Src/commands.c:585:6:cmd_ext_trigger	24	static
../Core/Src/commands.c:606:6:cmd_ext_trigger_query	32	static
../Core/Src/commands.c:636:6:cmd_diag_gpout12	24	static
../Core/Src/commands.c:653:6:cmd_diag_gpout12_query	32	static
../Core/Src/commands.c:688:6:cmd_ocp_test_fault	24	static
../Core/Src/commands.c:733:6:cmd_general_test_fault	16	static
../Core/Src/commands.c:761:6:cmd_gds_query	200	static
../Core/Src/commands.c:798:6:cmd_qspi_id	64	static
../Core/Src/commands.c:825:6:cmd_pfmin_capture	24	static
../Core/Src/commands.c:849:6:cmd_pfmin_status	96	static
../Core/Src/commands.c:869:6:cmd_pfmin_dmastat	96	static
../Core/Src/commands.c:903:6:cmd_pfmin_debug_raw	176	static
../Core/Src/commands.c:948:6:cmd_pfmin_debug_reg	304	static
../Core/Src/commands.c:993:6:cmd_pfmin_data	64	static
../Core/Src/commands.c:1050:6:cmd_pid_start	16	static
../Core/Src/commands.c:1057:6:cmd_pid_stop	16	static
../Core/Src/commands.c:1069:6:cmd_pid_setpoint	32	static
../Core/Src/commands.c:1113:6:cmd_pid_gains	64	static
../Core/Src/commands.c:1169:6:cmd_pid_gains_query	144	static
../Core/Src/commands.c:1200:6:cmd_pid_status	160	static
../Core/Src/commands.c:1240:6:cmd_pid_log	32	static
../Core/Src/commands.c:1317:6:cmd_pid_logdata	112	static
../Core/Src/commands.c:1381:6:cmd_pid_ramp	40	static
../Core/Src/commands.c:1455:6:cmd_pid_loopmode	40	static
../Core/Src/commands.c:1503:6:cmd_pid_loopmode_query	64	static
../Core/Src/commands.c:1534:6:cmd_pid_channel_enable	32	static
../Core/Src/commands.c:1568:6:cmd_pid_channel_enable_query	64	static
../Core/Src/commands.c:1594:6:cmd_pid_channel_nickname	32	static
../Core/Src/commands.c:1631:6:cmd_pid_channel_nickname_query	72	static
../Core/Src/commands.c:1669:6:cmd_pid_profile_timing	48	static
../Core/Src/commands.c:1714:6:cmd_pid_profile_timing_query	96	static
../Core/Src/commands.c:1735:6:cmd_pid_profile_current	40	static
../Core/Src/commands.c:1783:6:cmd_pid_profile_current_query	72	static
../Core/Src/commands.c:1828:6:cmd_pid_profile_start	16	static
