../Core/Src/commands.c:27:13:SendErr	160	static
../Core/Src/commands.c:38:6:cmd_idn	88	static
../Core/Src/commands.c:52:6:cmd_boot	16	static
../Core/Src/commands.c:93:6:cmd_table_begin	16	static
../Core/Src/commands.c:127:13:SendTableStepCountErr	80	static
../Core/Src/commands.c:136:6:cmd_table_step	168	static
../Core/Src/commands.c:208:6:cmd_table_end	64	static
../Core/Src/commands.c:219:6:cmd_table_query	64	static
../Core/Src/commands.c:261:16:AnyFaultLatched	8	static
../Core/Src/commands.c:266:6:cmd_fire	16	static
../Core/Src/commands.c:307:6:cmd_pfm_diag	120	static
../Core/Src/commands.c:334:6:cmd_pfm_gaplog	32	static
../Core/Src/commands.c:365:6:cmd_config_channels	48	static
../Core/Src/commands.c:393:6:cmd_fault_query	16	static
../Core/Src/commands.c:400:6:cmd_fault_clear	16	static
../Core/Src/commands.c:431:6:cmd_gds_query	200	static
../Core/Src/commands.c:468:6:cmd_qspi_id	64	static
../Core/Src/commands.c:495:6:cmd_pfmin_capture	24	static
../Core/Src/commands.c:519:6:cmd_pfmin_status	96	static
../Core/Src/commands.c:539:6:cmd_pfmin_dmastat	96	static
../Core/Src/commands.c:566:6:cmd_pfmin_data	64	static
../Core/Src/commands.c:623:6:cmd_pid_start	16	static
../Core/Src/commands.c:630:6:cmd_pid_stop	16	static
../Core/Src/commands.c:637:6:cmd_pid_setpoint	32	static
../Core/Src/commands.c:681:6:cmd_pid_gains	64	static
../Core/Src/commands.c:733:6:cmd_pid_status	160	static
../Core/Src/commands.c:767:6:cmd_pid_log	40	static
../Core/Src/commands.c:830:6:cmd_pid_logdata	96	static
../Core/Src/commands.c:854:6:cmd_pid_ramp	40	static
