../Core/Src/commands.c:26:13:SendErr	160	static
../Core/Src/commands.c:37:6:cmd_idn	88	static
../Core/Src/commands.c:51:6:cmd_boot	16	static
../Core/Src/commands.c:92:6:cmd_table_begin	16	static
../Core/Src/commands.c:126:13:SendTableStepCountErr	80	static
../Core/Src/commands.c:135:6:cmd_table_step	160	static
../Core/Src/commands.c:207:6:cmd_table_end	64	static
../Core/Src/commands.c:218:6:cmd_table_query	64	static
../Core/Src/commands.c:260:16:AnyFaultLatched	8	static
../Core/Src/commands.c:265:6:cmd_fire	16	static
../Core/Src/commands.c:306:6:cmd_pfm_diag	120	static
../Core/Src/commands.c:333:6:cmd_pfm_gaplog	32	static
../Core/Src/commands.c:364:6:cmd_config_channels	48	static
../Core/Src/commands.c:392:6:cmd_fault_query	16	static
../Core/Src/commands.c:399:6:cmd_fault_clear	16	static
../Core/Src/commands.c:430:6:cmd_gds_query	200	static
../Core/Src/commands.c:467:6:cmd_qspi_id	64	static
../Core/Src/commands.c:494:6:cmd_pfmin_capture	24	static
../Core/Src/commands.c:518:6:cmd_pfmin_status	96	static
../Core/Src/commands.c:538:6:cmd_pfmin_dmastat	96	static
../Core/Src/commands.c:565:6:cmd_pfmin_data	64	static
