../Core/Src/commands.c:29:13:SendErr	160	static
../Core/Src/commands.c:40:6:cmd_idn	128	static
../Core/Src/commands.c:71:6:cmd_boot	16	static
../Core/Src/commands.c:112:6:cmd_table_begin	16	static
../Core/Src/commands.c:146:13:SendTableStepCountErr	80	static
../Core/Src/commands.c:155:6:cmd_table_step	168	static
../Core/Src/commands.c:227:6:cmd_table_end	64	static
../Core/Src/commands.c:238:6:cmd_table_query	64	static
../Core/Src/commands.c:280:16:AnyFaultLatched	8	static
../Core/Src/commands.c:285:6:cmd_fire	16	static
../Core/Src/commands.c:326:6:cmd_pfm_diag	120	static
../Core/Src/commands.c:353:6:cmd_pfm_gaplog	32	static
../Core/Src/commands.c:384:6:cmd_config_channels	48	static
../Core/Src/commands.c:412:6:cmd_fault_query	16	static
../Core/Src/commands.c:419:6:cmd_fault_clear	16	static
../Core/Src/commands.c:449:6:cmd_arm	16	static
../Core/Src/commands.c:465:6:cmd_disarm	16	static
../Core/Src/commands.c:476:6:cmd_state_query	64	static
../Core/Src/commands.c:525:6:cmd_gds_query	200	static
../Core/Src/commands.c:562:6:cmd_qspi_id	64	static
../Core/Src/commands.c:589:6:cmd_pfmin_capture	24	static
../Core/Src/commands.c:613:6:cmd_pfmin_status	96	static
../Core/Src/commands.c:633:6:cmd_pfmin_dmastat	96	static
../Core/Src/commands.c:660:6:cmd_pfmin_data	64	static
../Core/Src/commands.c:717:6:cmd_pid_start	16	static
../Core/Src/commands.c:724:6:cmd_pid_stop	16	static
../Core/Src/commands.c:736:6:cmd_pid_setpoint	32	static
../Core/Src/commands.c:780:6:cmd_pid_gains	64	static
../Core/Src/commands.c:836:6:cmd_pid_gains_query	144	static
../Core/Src/commands.c:867:6:cmd_pid_status	160	static
../Core/Src/commands.c:907:6:cmd_pid_log	32	static
../Core/Src/commands.c:984:6:cmd_pid_logdata	112	static
../Core/Src/commands.c:1048:6:cmd_pid_ramp	40	static
../Core/Src/commands.c:1114:6:cmd_pid_loopmode	32	static
../Core/Src/commands.c:1150:6:cmd_pid_loopmode_query	64	static
../Core/Src/commands.c:1181:6:cmd_pid_channel_enable	32	static
../Core/Src/commands.c:1215:6:cmd_pid_channel_enable_query	64	static
../Core/Src/commands.c:1241:6:cmd_pid_profile_timing	48	static
../Core/Src/commands.c:1286:6:cmd_pid_profile_timing_query	96	static
../Core/Src/commands.c:1307:6:cmd_pid_profile_current	40	static
../Core/Src/commands.c:1355:6:cmd_pid_profile_current_query	72	static
../Core/Src/commands.c:1390:6:cmd_pid_profile_start	16	static
