../Core/Src/commands.c:29:13:SendErr	160	static
../Core/Src/commands.c:40:6:cmd_idn	128	static
../Core/Src/commands.c:71:6:cmd_boot	16	static
../Core/Src/commands.c:112:6:cmd_table_begin	16	static
../Core/Src/commands.c:146:13:SendTableStepCountErr	80	static
../Core/Src/commands.c:155:6:cmd_table_step	168	static
../Core/Src/commands.c:227:6:cmd_table_end	64	static
../Core/Src/commands.c:238:6:cmd_table_query	64	static
../Core/Src/commands.c:280:16:AnyFaultLatched	8	static
../Core/Src/commands.c:285:6:cmd_fire	16	static
../Core/Src/commands.c:326:6:cmd_pfm_diag	120	static
../Core/Src/commands.c:353:6:cmd_pfm_gaplog	32	static
../Core/Src/commands.c:384:6:cmd_config_channels	48	static
../Core/Src/commands.c:412:6:cmd_fault_query	16	static
../Core/Src/commands.c:419:6:cmd_fault_clear	16	static
../Core/Src/commands.c:449:6:cmd_arm	16	static
../Core/Src/commands.c:465:6:cmd_disarm	16	static
../Core/Src/commands.c:479:6:cmd_state_query	64	static
../Core/Src/commands.c:538:6:cmd_ocp_test_fault	24	static
../Core/Src/commands.c:582:6:cmd_gds_query	200	static
../Core/Src/commands.c:619:6:cmd_qspi_id	64	static
../Core/Src/commands.c:646:6:cmd_pfmin_capture	24	static
../Core/Src/commands.c:670:6:cmd_pfmin_status	96	static
../Core/Src/commands.c:690:6:cmd_pfmin_dmastat	96	static
../Core/Src/commands.c:717:6:cmd_pfmin_data	64	static
../Core/Src/commands.c:774:6:cmd_pid_start	16	static
../Core/Src/commands.c:781:6:cmd_pid_stop	16	static
../Core/Src/commands.c:793:6:cmd_pid_setpoint	32	static
../Core/Src/commands.c:837:6:cmd_pid_gains	64	static
../Core/Src/commands.c:893:6:cmd_pid_gains_query	144	static
../Core/Src/commands.c:924:6:cmd_pid_status	160	static
../Core/Src/commands.c:964:6:cmd_pid_log	32	static
../Core/Src/commands.c:1041:6:cmd_pid_logdata	112	static
../Core/Src/commands.c:1105:6:cmd_pid_ramp	40	static
../Core/Src/commands.c:1171:6:cmd_pid_loopmode	32	static
../Core/Src/commands.c:1207:6:cmd_pid_loopmode_query	64	static
../Core/Src/commands.c:1238:6:cmd_pid_channel_enable	32	static
../Core/Src/commands.c:1272:6:cmd_pid_channel_enable_query	64	static
../Core/Src/commands.c:1298:6:cmd_pid_channel_nickname	32	static
../Core/Src/commands.c:1335:6:cmd_pid_channel_nickname_query	72	static
../Core/Src/commands.c:1373:6:cmd_pid_profile_timing	48	static
../Core/Src/commands.c:1418:6:cmd_pid_profile_timing_query	96	static
../Core/Src/commands.c:1439:6:cmd_pid_profile_current	40	static
../Core/Src/commands.c:1487:6:cmd_pid_profile_current_query	72	static
../Core/Src/commands.c:1522:6:cmd_pid_profile_start	16	static
