../Core/Src/commands.c:28:13:SendErr	160	static
../Core/Src/commands.c:39:6:cmd_idn	128	static
../Core/Src/commands.c:70:6:cmd_boot	16	static
../Core/Src/commands.c:111:6:cmd_table_begin	16	static
../Core/Src/commands.c:145:13:SendTableStepCountErr	80	static
../Core/Src/commands.c:154:6:cmd_table_step	168	static
../Core/Src/commands.c:226:6:cmd_table_end	64	static
../Core/Src/commands.c:237:6:cmd_table_query	64	static
../Core/Src/commands.c:279:16:AnyFaultLatched	8	static
../Core/Src/commands.c:284:6:cmd_fire	16	static
../Core/Src/commands.c:325:6:cmd_pfm_diag	120	static
../Core/Src/commands.c:352:6:cmd_pfm_gaplog	32	static
../Core/Src/commands.c:383:6:cmd_config_channels	48	static
../Core/Src/commands.c:411:6:cmd_fault_query	16	static
../Core/Src/commands.c:418:6:cmd_fault_clear	16	static
../Core/Src/commands.c:449:6:cmd_gds_query	200	static
../Core/Src/commands.c:486:6:cmd_qspi_id	64	static
../Core/Src/commands.c:513:6:cmd_pfmin_capture	24	static
../Core/Src/commands.c:537:6:cmd_pfmin_status	96	static
../Core/Src/commands.c:557:6:cmd_pfmin_dmastat	96	static
../Core/Src/commands.c:584:6:cmd_pfmin_data	64	static
../Core/Src/commands.c:641:6:cmd_pid_start	16	static
../Core/Src/commands.c:648:6:cmd_pid_stop	16	static
../Core/Src/commands.c:655:6:cmd_pid_setpoint	32	static
../Core/Src/commands.c:699:6:cmd_pid_gains	64	static
../Core/Src/commands.c:755:6:cmd_pid_gains_query	144	static
../Core/Src/commands.c:786:6:cmd_pid_status	160	static
../Core/Src/commands.c:826:6:cmd_pid_log	32	static
../Core/Src/commands.c:903:6:cmd_pid_logdata	112	static
../Core/Src/commands.c:967:6:cmd_pid_ramp	40	static
../Core/Src/commands.c:1033:6:cmd_pid_loopmode	32	static
../Core/Src/commands.c:1069:6:cmd_pid_loopmode_query	64	static
../Core/Src/commands.c:1100:6:cmd_pid_channel_enable	32	static
../Core/Src/commands.c:1134:6:cmd_pid_channel_enable_query	64	static
../Core/Src/commands.c:1160:6:cmd_pid_profile_timing	48	static
../Core/Src/commands.c:1205:6:cmd_pid_profile_timing_query	96	static
../Core/Src/commands.c:1226:6:cmd_pid_profile_current	40	static
../Core/Src/commands.c:1274:6:cmd_pid_profile_current_query	72	static
../Core/Src/commands.c:1303:6:cmd_pid_profile_start	16	static
