../Core/Src/commands.c:31:13:SendErr	160	static
../Core/Src/commands.c:42:6:cmd_idn	128	static
../Core/Src/commands.c:73:6:cmd_boot	16	static
../Core/Src/commands.c:114:6:cmd_table_begin	16	static
../Core/Src/commands.c:148:13:SendTableStepCountErr	80	static
../Core/Src/commands.c:157:6:cmd_table_step	168	static
../Core/Src/commands.c:229:6:cmd_table_end	64	static
../Core/Src/commands.c:240:6:cmd_table_query	64	static
../Core/Src/commands.c:282:16:AnyFaultLatched	8	static
../Core/Src/commands.c:287:6:cmd_fire	16	static
../Core/Src/commands.c:328:6:cmd_pfm_diag	120	static
../Core/Src/commands.c:355:6:cmd_pfm_gaplog	32	static
../Core/Src/commands.c:386:6:cmd_config_channels	48	static
../Core/Src/commands.c:414:6:cmd_fault_query	16	static
../Core/Src/commands.c:421:6:cmd_fault_clear	16	static
../Core/Src/commands.c:451:6:cmd_arm	16	static
../Core/Src/commands.c:467:6:cmd_disarm	16	static
../Core/Src/commands.c:481:6:cmd_state_query	64	static
../Core/Src/commands.c:560:6:cmd_ext_enable	24	static
../Core/Src/commands.c:577:6:cmd_ext_enable_query	32	static
../Core/Src/commands.c:592:6:cmd_ext_enable_input_query	32	static
../Core/Src/commands.c:616:6:cmd_ext_trigger	24	static
../Core/Src/commands.c:633:6:cmd_ext_trigger_query	32	static
../Core/Src/commands.c:648:6:cmd_ext_trigger_input_query	32	static
../Core/Src/commands.c:667:6:cmd_emerg_enable	24	static
../Core/Src/commands.c:684:6:cmd_emerg_enable_query	32	static
../Core/Src/commands.c:697:6:cmd_emerg_input_query	32	static
../Core/Src/commands.c:731:6:cmd_diag_gpout12	24	static
../Core/Src/commands.c:748:6:cmd_diag_gpout12_query	32	static
../Core/Src/commands.c:773:6:cmd_diag_gpout11	24	static
../Core/Src/commands.c:790:6:cmd_diag_gpout11_query	32	static
../Core/Src/commands.c:821:6:cmd_diag_gpout09	24	static
../Core/Src/commands.c:838:6:cmd_diag_gpout09_query	32	static
../Core/Src/commands.c:848:6:cmd_diag_gpout10	24	static
../Core/Src/commands.c:865:6:cmd_diag_gpout10_query	32	static
../Core/Src/commands.c:905:6:cmd_diag_optbytes_query	136	static
../Core/Src/commands.c:953:6:cmd_diag_rstcause_query	184	static
../Core/Src/commands.c:974:6:cmd_diag_rstcause_clear	16	static
../Core/Src/commands.c:1008:6:cmd_ocp_test_fault	24	static
../Core/Src/commands.c:1053:6:cmd_general_test_fault	16	static
../Core/Src/commands.c:1081:6:cmd_gds_query	200	static
../Core/Src/commands.c:1113:6:cmd_xrex_channel_status	136	static
../Core/Src/commands.c:1167:6:cmd_xrex_ena_out	32	static
../Core/Src/commands.c:1198:6:cmd_xrex_ena_out_query	40	static
../Core/Src/commands.c:1221:6:cmd_xrex_contact_out	32	static
../Core/Src/commands.c:1252:6:cmd_xrex_contact_out_query	40	static
../Core/Src/commands.c:1287:6:cmd_gpout_enable	24	static
../Core/Src/commands.c:1304:6:cmd_gpout_enable_query	32	static
../Core/Src/commands.c:1322:6:cmd_pwmalt_enable	24	static
../Core/Src/commands.c:1339:6:cmd_pwmalt_enable_query	32	static
../Core/Src/commands.c:1367:6:cmd_qspi_id	64	static
../Core/Src/commands.c:1394:6:cmd_pfmin_capture	24	static
../Core/Src/commands.c:1418:6:cmd_pfmin_status	96	static
../Core/Src/commands.c:1438:6:cmd_pfmin_dmastat	96	static
../Core/Src/commands.c:1472:6:cmd_pfmin_debug_raw	176	static
../Core/Src/commands.c:1517:6:cmd_pfmin_debug_reg	304	static
../Core/Src/commands.c:1562:6:cmd_pfmin_data	64	static
../Core/Src/commands.c:1619:6:cmd_pid_start	16	static
../Core/Src/commands.c:1626:6:cmd_pid_stop	16	static
../Core/Src/commands.c:1638:6:cmd_pid_setpoint	32	static
../Core/Src/commands.c:1682:6:cmd_pid_gains	64	static
../Core/Src/commands.c:1738:6:cmd_pid_gains_query	144	static
../Core/Src/commands.c:1769:6:cmd_pid_status	160	static
../Core/Src/commands.c:1809:6:cmd_pid_log	32	static
../Core/Src/commands.c:1886:6:cmd_pid_logdata	112	static
../Core/Src/commands.c:1950:6:cmd_pid_ramp	40	static
../Core/Src/commands.c:2024:6:cmd_pid_loopmode	40	static
../Core/Src/commands.c:2072:6:cmd_pid_loopmode_query	64	static
../Core/Src/commands.c:2103:6:cmd_pid_channel_enable	32	static
../Core/Src/commands.c:2137:6:cmd_pid_channel_enable_query	64	static
../Core/Src/commands.c:2163:6:cmd_pid_channel_nickname	32	static
../Core/Src/commands.c:2200:6:cmd_pid_channel_nickname_query	72	static
../Core/Src/commands.c:2238:6:cmd_pid_profile_timing	48	static
../Core/Src/commands.c:2283:6:cmd_pid_profile_timing_query	96	static
../Core/Src/commands.c:2304:6:cmd_pid_profile_current	40	static
../Core/Src/commands.c:2352:6:cmd_pid_profile_current_query	72	static
../Core/Src/commands.c:2397:6:cmd_pid_profile_start	16	static
