../Core/Src/hrtim.c:75:17:HRTIM1_ClampCompare	24	static
../Core/Src/hrtim.c:99:6:HRTIM1_FullInit	336	static
../Core/Src/hrtim.c:448:6:HAL_HRTIM_MspInit	56	static
../Core/Src/hrtim.c:537:6:HAL_HRTIM_MspDeInit	16	static
../Core/Src/hrtim.c:582:9:HRTIM1_SetPidHeartbeatRate	24	static
../Core/Src/hrtim.c:604:6:HRTIM1_PWM_Start	32	static
../Core/Src/hrtim.c:657:6:HRTIM1_SetChannelOutputEnable	24	static
../Core/Src/hrtim.c:681:6:HRTIM1_EnableMasterInterrupt	8	static
../Core/Src/hrtim.c:744:6:HRTIM1_PWM_Stop	24	static
../Core/Src/hrtim.c:768:9:HRTIM1_FaultIsTripped	4	static
../Core/Src/hrtim.c:773:6:HRTIM1_FaultClear	8	static
../Core/Src/hrtim.c:798:6:HRTIM1_SoftwareUpdate	16	static
../Core/Src/hrtim.c:820:6:HRTIM1_SetChannelPeriod	24	static
../Core/Src/hrtim.c:856:6:HRTIM1_ApplyPfmStep	32	static
../Core/Src/hrtim.c:881:20:HRTIM1_GetMasterPerRegAddress	4	static
../Core/Src/hrtim.c:886:20:HRTIM1_GetMasterCmpRegAddress	16	static
../Core/Src/hrtim.c:901:20:HRTIM1_GetTimerPerRegAddress	16	static
../Core/Src/hrtim.c:906:20:HRTIM1_GetTimerCmp1RegAddress	16	static
