../Core/Src/hrtim.c:96:17:HRTIM1_ClampCompare	24	static
../Core/Src/hrtim.c:120:6:HRTIM1_FullInit	336	static
../Core/Src/hrtim.c:470:6:HAL_HRTIM_MspInit	56	static
../Core/Src/hrtim.c:559:6:HAL_HRTIM_MspDeInit	16	static
../Core/Src/hrtim.c:599:16:HRTIM1_WaitForPhaseAndConnect	32	static
../Core/Src/hrtim.c:628:6:HRTIM1_PWM_Start	40	static,ignoring_inline_asm
../Core/Src/hrtim.c:808:6:HRTIM1_EnableMasterInterrupt	8	static
../Core/Src/hrtim.c:871:6:HRTIM1_PWM_Stop	24	static
../Core/Src/hrtim.c:895:9:HRTIM1_FaultIsTripped	4	static
../Core/Src/hrtim.c:900:6:HRTIM1_FaultClear	8	static
../Core/Src/hrtim.c:925:6:HRTIM1_SoftwareUpdate	16	static
../Core/Src/hrtim.c:947:6:HRTIM1_ApplyPfmStep	32	static
../Core/Src/hrtim.c:987:20:HRTIM1_GetMasterPerRegAddress	4	static
../Core/Src/hrtim.c:992:20:HRTIM1_GetMasterCmpRegAddress	16	static
../Core/Src/hrtim.c:1007:20:HRTIM1_GetTimerPerRegAddress	16	static
../Core/Src/hrtim.c:1012:20:HRTIM1_GetTimerCmp1RegAddress	16	static
