../Core/Src/hrtim.c:75:17:HRTIM1_ClampCompare	24	static
../Core/Src/hrtim.c:99:6:HRTIM1_FullInit	336	static
../Core/Src/hrtim.c:448:6:HAL_HRTIM_MspInit	56	static
../Core/Src/hrtim.c:537:6:HAL_HRTIM_MspDeInit	16	static
../Core/Src/hrtim.c:564:6:HRTIM1_PWM_Start	32	static
../Core/Src/hrtim.c:617:6:HRTIM1_EnableMasterInterrupt	8	static
../Core/Src/hrtim.c:680:6:HRTIM1_PWM_Stop	24	static
../Core/Src/hrtim.c:704:9:HRTIM1_FaultIsTripped	4	static
../Core/Src/hrtim.c:709:6:HRTIM1_FaultClear	8	static
../Core/Src/hrtim.c:734:6:HRTIM1_SoftwareUpdate	16	static
../Core/Src/hrtim.c:756:6:HRTIM1_SetChannelPeriod	24	static
../Core/Src/hrtim.c:792:6:HRTIM1_ApplyPfmStep	32	static
../Core/Src/hrtim.c:817:20:HRTIM1_GetMasterPerRegAddress	4	static
../Core/Src/hrtim.c:822:20:HRTIM1_GetMasterCmpRegAddress	16	static
../Core/Src/hrtim.c:837:20:HRTIM1_GetTimerPerRegAddress	16	static
../Core/Src/hrtim.c:842:20:HRTIM1_GetTimerCmp1RegAddress	16	static
