../Core/Src/pfm.c:110:10:PFM_PhaseForChannel	24	static
../Core/Src/pfm.c:116:6:PFM_Init	16	static
../Core/Src/pfm.c:168:6:PFM_ApplyCurrentStep	32	static
../Core/Src/pfm.c:196:6:PFM_CycleBoundaryHandler	16	static
../Core/Src/pfm.c:282:6:PFM_Restart	8	static
../Core/Src/pfm.c:329:6:PFM_SetPhaseEnabled	16	static
../Core/Src/pfm.c:338:9:PFM_GetPhaseEnabled	16	static
../Core/Src/pfm.c:353:6:PFM_ForceStopSoft	8	static
../Core/Src/pfm.c:363:6:PFM_ForceStop	8	static
../Core/Src/pfm.c:383:6:PFM_ResetIndices	4	static
../Core/Src/pfm.c:393:13:PFM_GetState	4	static
../Core/Src/pfm.c:398:19:PFM_GetCurrentStep	4	static
../Core/Src/pfm.c:403:19:PFM_GetStepByIndex	16	static
../Core/Src/pfm.c:413:6:PFM_TableReset	4	static
../Core/Src/pfm.c:418:9:PFM_AppendStep	16	static
../Core/Src/pfm.c:432:10:PFM_GetEntryCount	4	static
../Core/Src/pfm.c:437:6:PFM_GetDiagCounters	16	static
../Core/Src/pfm.c:449:17:PFM_GetDiagGapLog	24	static
