../Core/Src/pfm_input.c:75:16:ChannelIsActive	16	static
../Core/Src/pfm_input.c:83:16:TimerHasActiveChannel	24	static
../Core/Src/pfm_input.c:211:17:ActiveChannelToTimChannel	16	static
../Core/Src/pfm_input.c:216:15:FindChannelIndex	24	static
../Core/Src/pfm_input.c:233:27:HandleForTimer	16	static
../Core/Src/pfm_input.c:254:13:InitOneTimer	48	static
../Core/Src/pfm_input.c:308:6:PfmInput_Init	88	static
../Core/Src/pfm_input.c:348:6:PfmInput_Arm	24	static
../Core/Src/pfm_input.c:363:6:PfmInput_OnShotStart	24	static
../Core/Src/pfm_input.c:381:9:PfmInput_GetDmaStartStatus	16	static
../Core/Src/pfm_input.c:390:6:PfmInput_OnShotEnd	24	static
../Core/Src/pfm_input.c:458:10:PfmInput_GetCount	16	static
../Core/Src/pfm_input.c:467:17:PfmInput_GetPeriods	16	static
../Core/Src/pfm_input.c:476:10:PfmInput_GetOvercaptureCount	16	static
../Core/Src/pfm_input.c:494:13:ProcessDmaChunk	48	static
../Core/Src/pfm_input.c:592:6:HAL_TIM_IC_CaptureHalfCpltCallback	24	static
../Core/Src/pfm_input.c:605:6:HAL_TIM_IC_CaptureCallback	24	static
../Core/Src/pfm_input.c:626:6:HAL_TIM_IC_MspInit	80	static
../Core/Src/pfm_input.c:733:6:HAL_TIM_IC_MspDeInit	24	static
