../Core/Src/pfm_input.c:75:16:ChannelIsActive	16	static
../Core/Src/pfm_input.c:83:16:TimerHasActiveChannel	24	static
../Core/Src/pfm_input.c:239:17:ActiveChannelToTimChannel	16	static
../Core/Src/pfm_input.c:244:15:FindChannelIndex	24	static
../Core/Src/pfm_input.c:261:27:HandleForTimer	16	static
../Core/Src/pfm_input.c:282:13:InitOneTimer	48	static
../Core/Src/pfm_input.c:336:6:PfmInput_Init	88	static
../Core/Src/pfm_input.c:376:6:PfmInput_Arm	24	static
../Core/Src/pfm_input.c:403:6:PfmInput_OnShotStart	24	static
../Core/Src/pfm_input.c:425:9:PfmInput_GetDmaStartStatus	16	static
../Core/Src/pfm_input.c:434:6:PfmInput_OnShotEnd	24	static
../Core/Src/pfm_input.c:503:10:PfmInput_GetCount	16	static
../Core/Src/pfm_input.c:512:17:PfmInput_GetPeriods	16	static
../Core/Src/pfm_input.c:521:10:PfmInput_GetOvercaptureCount	16	static
../Core/Src/pfm_input.c:530:9:PfmInput_StartContinuous	32	static
../Core/Src/pfm_input.c:566:6:PfmInput_StopContinuous	24	static
../Core/Src/pfm_input.c:586:10:PfmInput_GetLatestPeriod	16	static
../Core/Src/pfm_input.c:595:9:PfmInput_ConsumeAveragePeriod	32	static
../Core/Src/pfm_input.c:642:13:ProcessDmaChunk	56	static
../Core/Src/pfm_input.c:785:6:HAL_TIM_IC_CaptureHalfCpltCallback	24	static
../Core/Src/pfm_input.c:798:6:HAL_TIM_IC_CaptureCallback	24	static
../Core/Src/pfm_input.c:819:6:HAL_TIM_IC_MspInit	80	static
../Core/Src/pfm_input.c:926:6:HAL_TIM_IC_MspDeInit	24	static
