../Core/Src/pfm_input.c:75:16:ChannelIsActive	16	static
../Core/Src/pfm_input.c:83:16:TimerHasActiveChannel	24	static
../Core/Src/pfm_input.c:227:17:ActiveChannelToTimChannel	16	static
../Core/Src/pfm_input.c:232:15:FindChannelIndex	24	static
../Core/Src/pfm_input.c:249:27:HandleForTimer	16	static
../Core/Src/pfm_input.c:270:13:InitOneTimer	48	static
../Core/Src/pfm_input.c:324:6:PfmInput_Init	88	static
../Core/Src/pfm_input.c:364:6:PfmInput_Arm	24	static
../Core/Src/pfm_input.c:391:6:PfmInput_OnShotStart	24	static
../Core/Src/pfm_input.c:413:9:PfmInput_GetDmaStartStatus	16	static
../Core/Src/pfm_input.c:422:6:PfmInput_OnShotEnd	24	static
../Core/Src/pfm_input.c:491:10:PfmInput_GetCount	16	static
../Core/Src/pfm_input.c:500:17:PfmInput_GetPeriods	16	static
../Core/Src/pfm_input.c:509:10:PfmInput_GetOvercaptureCount	16	static
../Core/Src/pfm_input.c:518:9:PfmInput_StartContinuous	32	static
../Core/Src/pfm_input.c:552:6:PfmInput_StopContinuous	24	static
../Core/Src/pfm_input.c:572:10:PfmInput_GetLatestPeriod	16	static
../Core/Src/pfm_input.c:590:13:ProcessDmaChunk	56	static
../Core/Src/pfm_input.c:724:6:HAL_TIM_IC_CaptureHalfCpltCallback	24	static
../Core/Src/pfm_input.c:737:6:HAL_TIM_IC_CaptureCallback	24	static
../Core/Src/pfm_input.c:758:6:HAL_TIM_IC_MspInit	80	static
../Core/Src/pfm_input.c:865:6:HAL_TIM_IC_MspDeInit	24	static
