../Core/Src/pid.c:198:14:TrapezoidalCurrentA	32	static
../Core/Src/pid.c:245:17:AmpsToHz	32	static
../Core/Src/pid.c:288:14:ClampOutputSlew	24	static
../Core/Src/pid.c:337:14:ClampOutputRangeOnly	24	static
../Core/Src/pid.c:353:6:PID_Init	16	static
../Core/Src/pid.c:387:9:PID_Start	16	static
../Core/Src/pid.c:437:6:PID_Stop	16	static
../Core/Src/pid.c:477:9:PID_IsRunning	4	static
../Core/Src/pid.c:501:6:PID_BeginFaultRampDown	16	static
../Core/Src/pid.c:570:13:ProcessFaultRampDown	48	static
../Core/Src/pid.c:653:6:PID_BeginOvercurrentRampDown	48	static
../Core/Src/pid.c:717:6:PID_Update	104	static
../Core/Src/pid.c:1063:9:PID_SetSetpoint	16	static
../Core/Src/pid.c:1093:9:PID_SetGains	24	static
../Core/Src/pid.c:1112:9:PID_GetGains	24	static
../Core/Src/pid.c:1125:9:PID_GetStatus	24	static
../Core/Src/pid.c:1148:9:PID_ArmLog	16	static
../Core/Src/pid.c:1174:9:PID_ArmLogAll	16	static
../Core/Src/pid.c:1187:10:PID_GetLogCount	4	static
../Core/Src/pid.c:1192:10:PID_GetLogSampleRateHz	4	static
../Core/Src/pid.c:1203:17:PID_GetLogMeasured	16	static
../Core/Src/pid.c:1208:17:PID_GetLogOutput	16	static
../Core/Src/pid.c:1213:17:PID_GetLogSetpoint	16	static
../Core/Src/pid.c:1225:9:PID_IsLogAllChannels	4	static
../Core/Src/pid.c:1230:9:PID_GetLogChannel	4	static
../Core/Src/pid.c:1235:9:PID_StartRamp	32	static
../Core/Src/pid.c:1268:9:PID_SetLoopMode	16	static
../Core/Src/pid.c:1279:9:PID_GetLoopMode	16	static
../Core/Src/pid.c:1301:9:PID_SetChannelEnable	16	static
../Core/Src/pid.c:1318:9:PID_GetChannelEnable	16	static
../Core/Src/pid.c:1328:9:PID_SetChannelNickname	24	static
../Core/Src/pid.c:1362:13:PID_GetChannelNickname	16	static
../Core/Src/pid.c:1372:9:PID_SetProfileTiming	24	static
../Core/Src/pid.c:1395:9:PID_GetProfileTiming	16	static
../Core/Src/pid.c:1420:9:PID_SetProfileCurrent	24	static
../Core/Src/pid.c:1449:9:PID_GetProfileCurrent	16	static
../Core/Src/pid.c:1463:9:PID_ProfileStart	8	static
../Core/Src/pid.c:1483:9:PID_IsProfileActive	4	static
