../Core/Src/pid.c:147:14:TrapezoidalCurrentA	32	static
../Core/Src/pid.c:194:17:AmpsToHz	32	static
../Core/Src/pid.c:237:14:ClampOutputSlew	24	static
../Core/Src/pid.c:263:6:PID_Init	16	static
../Core/Src/pid.c:290:9:PID_Start	16	static
../Core/Src/pid.c:332:6:PID_Stop	16	static
../Core/Src/pid.c:353:9:PID_IsRunning	4	static
../Core/Src/pid.c:358:6:PID_Update	104	static
../Core/Src/pid.c:691:9:PID_SetSetpoint	16	static
../Core/Src/pid.c:721:9:PID_SetGains	24	static
../Core/Src/pid.c:740:9:PID_GetGains	24	static
../Core/Src/pid.c:753:9:PID_GetStatus	24	static
../Core/Src/pid.c:776:9:PID_ArmLog	16	static
../Core/Src/pid.c:802:9:PID_ArmLogAll	16	static
../Core/Src/pid.c:815:10:PID_GetLogCount	4	static
../Core/Src/pid.c:820:10:PID_GetLogSampleRateHz	4	static
../Core/Src/pid.c:831:17:PID_GetLogMeasured	16	static
../Core/Src/pid.c:836:17:PID_GetLogOutput	16	static
../Core/Src/pid.c:841:17:PID_GetLogSetpoint	16	static
../Core/Src/pid.c:853:9:PID_IsLogAllChannels	4	static
../Core/Src/pid.c:858:9:PID_GetLogChannel	4	static
../Core/Src/pid.c:863:9:PID_StartRamp	32	static
../Core/Src/pid.c:896:9:PID_SetLoopMode	16	static
../Core/Src/pid.c:907:9:PID_GetLoopMode	16	static
../Core/Src/pid.c:917:9:PID_SetProfileTiming	24	static
../Core/Src/pid.c:940:9:PID_GetProfileTiming	16	static
../Core/Src/pid.c:965:9:PID_SetProfileCurrent	24	static
../Core/Src/pid.c:994:9:PID_GetProfileCurrent	16	static
../Core/Src/pid.c:1008:9:PID_ProfileStart	8	static
../Core/Src/pid.c:1028:9:PID_IsProfileActive	4	static
