../Core/Src/pid.c:109:14:TrapezoidalCurrentA	32	static
../Core/Src/pid.c:148:17:AmpsToHz	24	static
../Core/Src/pid.c:175:6:PID_Init	16	static
../Core/Src/pid.c:202:9:PID_Start	16	static
../Core/Src/pid.c:235:6:PID_Stop	16	static
../Core/Src/pid.c:256:9:PID_IsRunning	4	static
../Core/Src/pid.c:261:6:PID_Update	96	static
../Core/Src/pid.c:532:9:PID_SetSetpoint	16	static
../Core/Src/pid.c:562:9:PID_SetGains	24	static
../Core/Src/pid.c:581:9:PID_GetStatus	24	static
../Core/Src/pid.c:604:9:PID_ArmLog	16	static
../Core/Src/pid.c:621:10:PID_GetLogCount	4	static
../Core/Src/pid.c:626:10:PID_GetLogSampleRateHz	4	static
../Core/Src/pid.c:631:17:PID_GetLogMeasured	4	static
../Core/Src/pid.c:636:17:PID_GetLogOutput	4	static
../Core/Src/pid.c:641:17:PID_GetLogSetpoint	4	static
../Core/Src/pid.c:646:9:PID_StartRamp	32	static
../Core/Src/pid.c:679:9:PID_SetLoopMode	16	static
../Core/Src/pid.c:690:9:PID_GetLoopMode	16	static
../Core/Src/pid.c:700:9:PID_SetProfileTiming	24	static
../Core/Src/pid.c:723:9:PID_SetProfileCurrent	16	static
../Core/Src/pid.c:743:9:PID_ProfileStart	8	static
../Core/Src/pid.c:763:9:PID_IsProfileActive	4	static
