../Core/Src/pid.c:109:14:TrapezoidalCurrentA	32	static
../Core/Src/pid.c:148:17:AmpsToHz	24	static
../Core/Src/pid.c:189:14:ClampOutputSlew	24	static
../Core/Src/pid.c:215:6:PID_Init	16	static
../Core/Src/pid.c:242:9:PID_Start	16	static
../Core/Src/pid.c:284:6:PID_Stop	16	static
../Core/Src/pid.c:305:9:PID_IsRunning	4	static
../Core/Src/pid.c:310:6:PID_Update	96	static
../Core/Src/pid.c:611:9:PID_SetSetpoint	16	static
../Core/Src/pid.c:641:9:PID_SetGains	24	static
../Core/Src/pid.c:660:9:PID_GetStatus	24	static
../Core/Src/pid.c:683:9:PID_ArmLog	16	static
../Core/Src/pid.c:700:10:PID_GetLogCount	4	static
../Core/Src/pid.c:705:10:PID_GetLogSampleRateHz	4	static
../Core/Src/pid.c:710:17:PID_GetLogMeasured	4	static
../Core/Src/pid.c:715:17:PID_GetLogOutput	4	static
../Core/Src/pid.c:720:17:PID_GetLogSetpoint	4	static
../Core/Src/pid.c:725:9:PID_StartRamp	32	static
../Core/Src/pid.c:758:9:PID_SetLoopMode	16	static
../Core/Src/pid.c:769:9:PID_GetLoopMode	16	static
../Core/Src/pid.c:779:9:PID_SetProfileTiming	24	static
../Core/Src/pid.c:802:9:PID_SetProfileCurrent	16	static
../Core/Src/pid.c:822:9:PID_ProfileStart	8	static
../Core/Src/pid.c:842:9:PID_IsProfileActive	4	static
