../Core/Src/pid.c:198:14:TrapezoidalCurrentA	32	static
../Core/Src/pid.c:245:17:AmpsToHz	32	static
../Core/Src/pid.c:288:14:ClampOutputSlew	24	static
../Core/Src/pid.c:314:6:PID_Init	16	static
../Core/Src/pid.c:348:9:PID_Start	16	static
../Core/Src/pid.c:398:6:PID_Stop	16	static
../Core/Src/pid.c:438:9:PID_IsRunning	4	static
../Core/Src/pid.c:462:6:PID_BeginFaultRampDown	16	static
../Core/Src/pid.c:531:13:ProcessFaultRampDown	48	static
../Core/Src/pid.c:574:6:PID_Update	104	static
../Core/Src/pid.c:920:9:PID_SetSetpoint	16	static
../Core/Src/pid.c:950:9:PID_SetGains	24	static
../Core/Src/pid.c:969:9:PID_GetGains	24	static
../Core/Src/pid.c:982:9:PID_GetStatus	24	static
../Core/Src/pid.c:1005:9:PID_ArmLog	16	static
../Core/Src/pid.c:1031:9:PID_ArmLogAll	16	static
../Core/Src/pid.c:1044:10:PID_GetLogCount	4	static
../Core/Src/pid.c:1049:10:PID_GetLogSampleRateHz	4	static
../Core/Src/pid.c:1060:17:PID_GetLogMeasured	16	static
../Core/Src/pid.c:1065:17:PID_GetLogOutput	16	static
../Core/Src/pid.c:1070:17:PID_GetLogSetpoint	16	static
../Core/Src/pid.c:1082:9:PID_IsLogAllChannels	4	static
../Core/Src/pid.c:1087:9:PID_GetLogChannel	4	static
../Core/Src/pid.c:1092:9:PID_StartRamp	32	static
../Core/Src/pid.c:1125:9:PID_SetLoopMode	16	static
../Core/Src/pid.c:1136:9:PID_GetLoopMode	16	static
../Core/Src/pid.c:1158:9:PID_SetChannelEnable	16	static
../Core/Src/pid.c:1175:9:PID_GetChannelEnable	16	static
../Core/Src/pid.c:1185:9:PID_SetChannelNickname	24	static
../Core/Src/pid.c:1219:13:PID_GetChannelNickname	16	static
../Core/Src/pid.c:1229:9:PID_SetProfileTiming	24	static
../Core/Src/pid.c:1252:9:PID_GetProfileTiming	16	static
../Core/Src/pid.c:1277:9:PID_SetProfileCurrent	24	static
../Core/Src/pid.c:1306:9:PID_GetProfileCurrent	16	static
../Core/Src/pid.c:1320:9:PID_ProfileStart	8	static
../Core/Src/pid.c:1340:9:PID_IsProfileActive	4	static
