../Core/Src/pid.c:159:14:TrapezoidalCurrentA	32	static
../Core/Src/pid.c:206:17:AmpsToHz	32	static
../Core/Src/pid.c:249:14:ClampOutputSlew	24	static
../Core/Src/pid.c:275:6:PID_Init	16	static
../Core/Src/pid.c:303:9:PID_Start	16	static
../Core/Src/pid.c:353:6:PID_Stop	16	static
../Core/Src/pid.c:374:9:PID_IsRunning	4	static
../Core/Src/pid.c:379:6:PID_Update	104	static
../Core/Src/pid.c:710:9:PID_SetSetpoint	16	static
../Core/Src/pid.c:740:9:PID_SetGains	24	static
../Core/Src/pid.c:759:9:PID_GetGains	24	static
../Core/Src/pid.c:772:9:PID_GetStatus	24	static
../Core/Src/pid.c:795:9:PID_ArmLog	16	static
../Core/Src/pid.c:821:9:PID_ArmLogAll	16	static
../Core/Src/pid.c:834:10:PID_GetLogCount	4	static
../Core/Src/pid.c:839:10:PID_GetLogSampleRateHz	4	static
../Core/Src/pid.c:850:17:PID_GetLogMeasured	16	static
../Core/Src/pid.c:855:17:PID_GetLogOutput	16	static
../Core/Src/pid.c:860:17:PID_GetLogSetpoint	16	static
../Core/Src/pid.c:872:9:PID_IsLogAllChannels	4	static
../Core/Src/pid.c:877:9:PID_GetLogChannel	4	static
../Core/Src/pid.c:882:9:PID_StartRamp	32	static
../Core/Src/pid.c:915:9:PID_SetLoopMode	16	static
../Core/Src/pid.c:926:9:PID_GetLoopMode	16	static
../Core/Src/pid.c:948:9:PID_SetChannelEnable	16	static
../Core/Src/pid.c:965:9:PID_GetChannelEnable	16	static
../Core/Src/pid.c:975:9:PID_SetProfileTiming	24	static
../Core/Src/pid.c:998:9:PID_GetProfileTiming	16	static
../Core/Src/pid.c:1023:9:PID_SetProfileCurrent	24	static
../Core/Src/pid.c:1052:9:PID_GetProfileCurrent	16	static
../Core/Src/pid.c:1066:9:PID_ProfileStart	8	static
../Core/Src/pid.c:1086:9:PID_IsProfileActive	4	static
