../Core/Src/pid.c:199:14:TrapezoidalCurrentA	32	static
../Core/Src/pid.c:246:17:AmpsToHz	32	static
../Core/Src/pid.c:289:14:ClampOutputSlew	24	static
../Core/Src/pid.c:338:14:ClampOutputRangeOnly	24	static
../Core/Src/pid.c:354:6:PID_Init	16	static
../Core/Src/pid.c:388:9:PID_Start	16	static
../Core/Src/pid.c:438:6:PID_Stop	16	static
../Core/Src/pid.c:478:9:PID_IsRunning	4	static
../Core/Src/pid.c:502:6:PID_BeginFaultRampDown	16	static
../Core/Src/pid.c:571:13:ProcessFaultRampDown	48	static
../Core/Src/pid.c:654:6:PID_BeginOvercurrentRampDown	48	static
../Core/Src/pid.c:718:6:PID_Update	104	static
../Core/Src/pid.c:1074:9:PID_SetSetpoint	16	static
../Core/Src/pid.c:1104:9:PID_SetGains	24	static
../Core/Src/pid.c:1123:9:PID_GetGains	24	static
../Core/Src/pid.c:1136:9:PID_GetStatus	24	static
../Core/Src/pid.c:1159:9:PID_ArmLog	16	static
../Core/Src/pid.c:1185:9:PID_ArmLogAll	16	static
../Core/Src/pid.c:1198:10:PID_GetLogCount	4	static
../Core/Src/pid.c:1203:10:PID_GetLogSampleRateHz	4	static
../Core/Src/pid.c:1214:17:PID_GetLogMeasured	16	static
../Core/Src/pid.c:1219:17:PID_GetLogOutput	16	static
../Core/Src/pid.c:1224:17:PID_GetLogSetpoint	16	static
../Core/Src/pid.c:1236:9:PID_IsLogAllChannels	4	static
../Core/Src/pid.c:1241:9:PID_GetLogChannel	4	static
../Core/Src/pid.c:1246:9:PID_StartRamp	32	static
../Core/Src/pid.c:1279:9:PID_SetLoopMode	16	static
../Core/Src/pid.c:1290:9:PID_GetLoopMode	16	static
../Core/Src/pid.c:1312:9:PID_SetChannelEnable	16	static
../Core/Src/pid.c:1329:9:PID_GetChannelEnable	16	static
../Core/Src/pid.c:1339:9:PID_SetChannelNickname	24	static
../Core/Src/pid.c:1373:13:PID_GetChannelNickname	16	static
../Core/Src/pid.c:1383:9:PID_SetProfileTiming	24	static
../Core/Src/pid.c:1406:9:PID_GetProfileTiming	16	static
../Core/Src/pid.c:1431:9:PID_SetProfileCurrent	24	static
../Core/Src/pid.c:1460:9:PID_GetProfileCurrent	16	static
../Core/Src/pid.c:1474:9:PID_ProfileStart	8	static
../Core/Src/pid.c:1494:9:PID_IsProfileActive	4	static
