../Core/Src/pid.c:199:14:TrapezoidalCurrentA	32	static
../Core/Src/pid.c:246:17:AmpsToHz	32	static
../Core/Src/pid.c:289:14:ClampOutputSlew	24	static
../Core/Src/pid.c:338:14:ClampOutputRangeOnly	24	static
../Core/Src/pid.c:354:6:PID_Init	16	static
../Core/Src/pid.c:388:9:PID_Start	16	static
../Core/Src/pid.c:438:6:PID_Stop	16	static
../Core/Src/pid.c:478:9:PID_IsRunning	4	static
../Core/Src/pid.c:502:6:PID_BeginFaultRampDown	16	static
../Core/Src/pid.c:571:13:ProcessFaultRampDown	48	static
../Core/Src/pid.c:654:6:PID_BeginOvercurrentRampDown	48	static
../Core/Src/pid.c:718:6:PID_Update	104	static
../Core/Src/pid.c:1070:9:PID_SetSetpoint	16	static
../Core/Src/pid.c:1100:9:PID_SetGains	24	static
../Core/Src/pid.c:1119:9:PID_GetGains	24	static
../Core/Src/pid.c:1132:9:PID_GetStatus	24	static
../Core/Src/pid.c:1155:9:PID_ArmLog	16	static
../Core/Src/pid.c:1181:9:PID_ArmLogAll	16	static
../Core/Src/pid.c:1194:10:PID_GetLogCount	4	static
../Core/Src/pid.c:1199:10:PID_GetLogSampleRateHz	4	static
../Core/Src/pid.c:1210:17:PID_GetLogMeasured	16	static
../Core/Src/pid.c:1215:17:PID_GetLogOutput	16	static
../Core/Src/pid.c:1220:17:PID_GetLogSetpoint	16	static
../Core/Src/pid.c:1232:9:PID_IsLogAllChannels	4	static
../Core/Src/pid.c:1237:9:PID_GetLogChannel	4	static
../Core/Src/pid.c:1242:9:PID_StartRamp	32	static
../Core/Src/pid.c:1275:9:PID_SetLoopMode	16	static
../Core/Src/pid.c:1286:9:PID_GetLoopMode	16	static
../Core/Src/pid.c:1308:9:PID_SetChannelEnable	16	static
../Core/Src/pid.c:1325:9:PID_GetChannelEnable	16	static
../Core/Src/pid.c:1335:9:PID_SetChannelNickname	24	static
../Core/Src/pid.c:1369:13:PID_GetChannelNickname	16	static
../Core/Src/pid.c:1379:9:PID_SetProfileTiming	24	static
../Core/Src/pid.c:1402:9:PID_GetProfileTiming	16	static
../Core/Src/pid.c:1427:9:PID_SetProfileCurrent	24	static
../Core/Src/pid.c:1456:9:PID_GetProfileCurrent	16	static
../Core/Src/pid.c:1470:9:PID_ProfileStart	8	static
../Core/Src/pid.c:1490:9:PID_IsProfileActive	4	static
