../Core/Src/pid.c:198:14:TrapezoidalCurrentA	32	static
../Core/Src/pid.c:245:17:AmpsToHz	32	static
../Core/Src/pid.c:288:14:ClampOutputSlew	24	static
../Core/Src/pid.c:314:6:PID_Init	16	static
../Core/Src/pid.c:348:9:PID_Start	16	static
../Core/Src/pid.c:398:6:PID_Stop	16	static
../Core/Src/pid.c:438:9:PID_IsRunning	4	static
../Core/Src/pid.c:462:6:PID_BeginFaultRampDown	16	static
../Core/Src/pid.c:531:13:ProcessFaultRampDown	48	static
../Core/Src/pid.c:614:6:PID_BeginOvercurrentRampDown	48	static
../Core/Src/pid.c:677:6:PID_Update	104	static
../Core/Src/pid.c:1023:9:PID_SetSetpoint	16	static
../Core/Src/pid.c:1053:9:PID_SetGains	24	static
../Core/Src/pid.c:1072:9:PID_GetGains	24	static
../Core/Src/pid.c:1085:9:PID_GetStatus	24	static
../Core/Src/pid.c:1108:9:PID_ArmLog	16	static
../Core/Src/pid.c:1134:9:PID_ArmLogAll	16	static
../Core/Src/pid.c:1147:10:PID_GetLogCount	4	static
../Core/Src/pid.c:1152:10:PID_GetLogSampleRateHz	4	static
../Core/Src/pid.c:1163:17:PID_GetLogMeasured	16	static
../Core/Src/pid.c:1168:17:PID_GetLogOutput	16	static
../Core/Src/pid.c:1173:17:PID_GetLogSetpoint	16	static
../Core/Src/pid.c:1185:9:PID_IsLogAllChannels	4	static
../Core/Src/pid.c:1190:9:PID_GetLogChannel	4	static
../Core/Src/pid.c:1195:9:PID_StartRamp	32	static
../Core/Src/pid.c:1228:9:PID_SetLoopMode	16	static
../Core/Src/pid.c:1239:9:PID_GetLoopMode	16	static
../Core/Src/pid.c:1261:9:PID_SetChannelEnable	16	static
../Core/Src/pid.c:1278:9:PID_GetChannelEnable	16	static
../Core/Src/pid.c:1288:9:PID_SetChannelNickname	24	static
../Core/Src/pid.c:1322:13:PID_GetChannelNickname	16	static
../Core/Src/pid.c:1332:9:PID_SetProfileTiming	24	static
../Core/Src/pid.c:1355:9:PID_GetProfileTiming	16	static
../Core/Src/pid.c:1380:9:PID_SetProfileCurrent	24	static
../Core/Src/pid.c:1409:9:PID_GetProfileCurrent	16	static
../Core/Src/pid.c:1423:9:PID_ProfileStart	8	static
../Core/Src/pid.c:1443:9:PID_IsProfileActive	4	static
