../Core/Src/pid.c:109:14:TrapezoidalCurrentA	32	static
../Core/Src/pid.c:148:17:AmpsToHz	24	static
../Core/Src/pid.c:189:14:ClampOutputSlew	24	static
../Core/Src/pid.c:215:6:PID_Init	16	static
../Core/Src/pid.c:242:9:PID_Start	16	static
../Core/Src/pid.c:284:6:PID_Stop	16	static
../Core/Src/pid.c:305:9:PID_IsRunning	4	static
../Core/Src/pid.c:310:6:PID_Update	96	static
../Core/Src/pid.c:611:9:PID_SetSetpoint	16	static
../Core/Src/pid.c:641:9:PID_SetGains	24	static
../Core/Src/pid.c:660:9:PID_GetGains	24	static
../Core/Src/pid.c:673:9:PID_GetStatus	24	static
../Core/Src/pid.c:696:9:PID_ArmLog	16	static
../Core/Src/pid.c:713:10:PID_GetLogCount	4	static
../Core/Src/pid.c:718:10:PID_GetLogSampleRateHz	4	static
../Core/Src/pid.c:723:17:PID_GetLogMeasured	4	static
../Core/Src/pid.c:728:17:PID_GetLogOutput	4	static
../Core/Src/pid.c:733:17:PID_GetLogSetpoint	4	static
../Core/Src/pid.c:738:9:PID_StartRamp	32	static
../Core/Src/pid.c:771:9:PID_SetLoopMode	16	static
../Core/Src/pid.c:782:9:PID_GetLoopMode	16	static
../Core/Src/pid.c:792:9:PID_SetProfileTiming	24	static
../Core/Src/pid.c:815:9:PID_GetProfileTiming	16	static
../Core/Src/pid.c:840:9:PID_SetProfileCurrent	16	static
../Core/Src/pid.c:860:9:PID_GetProfileCurrent	16	static
../Core/Src/pid.c:874:9:PID_ProfileStart	8	static
../Core/Src/pid.c:894:9:PID_IsProfileActive	4	static
