../Core/Src/pid.c:146:14:TrapezoidalCurrentA	32	static
../Core/Src/pid.c:193:17:AmpsToHz	32	static
../Core/Src/pid.c:236:14:ClampOutputSlew	24	static
../Core/Src/pid.c:262:6:PID_Init	16	static
../Core/Src/pid.c:289:9:PID_Start	16	static
../Core/Src/pid.c:331:6:PID_Stop	16	static
../Core/Src/pid.c:352:9:PID_IsRunning	4	static
../Core/Src/pid.c:357:6:PID_Update	104	static
../Core/Src/pid.c:666:9:PID_SetSetpoint	16	static
../Core/Src/pid.c:696:9:PID_SetGains	24	static
../Core/Src/pid.c:715:9:PID_GetGains	24	static
../Core/Src/pid.c:728:9:PID_GetStatus	24	static
../Core/Src/pid.c:751:9:PID_ArmLog	16	static
../Core/Src/pid.c:777:9:PID_ArmLogAll	16	static
../Core/Src/pid.c:790:10:PID_GetLogCount	4	static
../Core/Src/pid.c:795:10:PID_GetLogSampleRateHz	4	static
../Core/Src/pid.c:806:17:PID_GetLogMeasured	16	static
../Core/Src/pid.c:811:17:PID_GetLogOutput	16	static
../Core/Src/pid.c:816:17:PID_GetLogSetpoint	16	static
../Core/Src/pid.c:828:9:PID_IsLogAllChannels	4	static
../Core/Src/pid.c:833:9:PID_GetLogChannel	4	static
../Core/Src/pid.c:838:9:PID_StartRamp	32	static
../Core/Src/pid.c:871:9:PID_SetLoopMode	16	static
../Core/Src/pid.c:882:9:PID_GetLoopMode	16	static
../Core/Src/pid.c:892:9:PID_SetProfileTiming	24	static
../Core/Src/pid.c:915:9:PID_GetProfileTiming	16	static
../Core/Src/pid.c:940:9:PID_SetProfileCurrent	24	static
../Core/Src/pid.c:969:9:PID_GetProfileCurrent	16	static
../Core/Src/pid.c:983:9:PID_ProfileStart	8	static
../Core/Src/pid.c:1003:9:PID_IsProfileActive	4	static
