../Core/Src/pid.c:159:14:TrapezoidalCurrentA	32	static
../Core/Src/pid.c:206:17:AmpsToHz	32	static
../Core/Src/pid.c:249:14:ClampOutputSlew	24	static
../Core/Src/pid.c:275:6:PID_Init	16	static
../Core/Src/pid.c:303:9:PID_Start	16	static
../Core/Src/pid.c:353:6:PID_Stop	16	static
../Core/Src/pid.c:374:9:PID_IsRunning	4	static
../Core/Src/pid.c:379:6:PID_Update	104	static
../Core/Src/pid.c:728:9:PID_SetSetpoint	16	static
../Core/Src/pid.c:758:9:PID_SetGains	24	static
../Core/Src/pid.c:777:9:PID_GetGains	24	static
../Core/Src/pid.c:790:9:PID_GetStatus	24	static
../Core/Src/pid.c:813:9:PID_ArmLog	16	static
../Core/Src/pid.c:839:9:PID_ArmLogAll	16	static
../Core/Src/pid.c:852:10:PID_GetLogCount	4	static
../Core/Src/pid.c:857:10:PID_GetLogSampleRateHz	4	static
../Core/Src/pid.c:868:17:PID_GetLogMeasured	16	static
../Core/Src/pid.c:873:17:PID_GetLogOutput	16	static
../Core/Src/pid.c:878:17:PID_GetLogSetpoint	16	static
../Core/Src/pid.c:890:9:PID_IsLogAllChannels	4	static
../Core/Src/pid.c:895:9:PID_GetLogChannel	4	static
../Core/Src/pid.c:900:9:PID_StartRamp	32	static
../Core/Src/pid.c:933:9:PID_SetLoopMode	16	static
../Core/Src/pid.c:944:9:PID_GetLoopMode	16	static
../Core/Src/pid.c:966:9:PID_SetChannelEnable	16	static
../Core/Src/pid.c:983:9:PID_GetChannelEnable	16	static
../Core/Src/pid.c:993:9:PID_SetProfileTiming	24	static
../Core/Src/pid.c:1016:9:PID_GetProfileTiming	16	static
../Core/Src/pid.c:1041:9:PID_SetProfileCurrent	24	static
../Core/Src/pid.c:1070:9:PID_GetProfileCurrent	16	static
../Core/Src/pid.c:1084:9:PID_ProfileStart	8	static
../Core/Src/pid.c:1104:9:PID_IsProfileActive	4	static
