../Core/Src/pid.c:109:14:TrapezoidalCurrentA	32	static
../Core/Src/pid.c:148:17:AmpsToHz	24	static
../Core/Src/pid.c:175:6:PID_Init	16	static
../Core/Src/pid.c:202:9:PID_Start	16	static
../Core/Src/pid.c:235:6:PID_Stop	16	static
../Core/Src/pid.c:256:9:PID_IsRunning	4	static
../Core/Src/pid.c:261:6:PID_Update	96	static
../Core/Src/pid.c:509:9:PID_SetSetpoint	16	static
../Core/Src/pid.c:539:9:PID_SetGains	24	static
../Core/Src/pid.c:558:9:PID_GetStatus	24	static
../Core/Src/pid.c:581:9:PID_ArmLog	16	static
../Core/Src/pid.c:598:10:PID_GetLogCount	4	static
../Core/Src/pid.c:603:10:PID_GetLogSampleRateHz	4	static
../Core/Src/pid.c:608:17:PID_GetLogMeasured	4	static
../Core/Src/pid.c:613:17:PID_GetLogOutput	4	static
../Core/Src/pid.c:618:17:PID_GetLogSetpoint	4	static
../Core/Src/pid.c:623:9:PID_StartRamp	32	static
../Core/Src/pid.c:656:9:PID_SetLoopMode	16	static
../Core/Src/pid.c:667:9:PID_GetLoopMode	16	static
../Core/Src/pid.c:677:9:PID_SetProfileTiming	24	static
../Core/Src/pid.c:700:9:PID_SetProfileCurrent	16	static
../Core/Src/pid.c:720:9:PID_ProfileStart	8	static
../Core/Src/pid.c:740:9:PID_IsProfileActive	4	static
