../Core/Src/pid.c:243:14:TrapezoidalCurrentA	32	static
../Core/Src/pid.c:290:17:AmpsToHz	32	static
../Core/Src/pid.c:345:14:ClampOutputSlew	24	static
../Core/Src/pid.c:394:14:ClampOutputRangeOnly	24	static
../Core/Src/pid.c:410:6:PID_Init	16	static
../Core/Src/pid.c:476:9:PID_SetLoopRateHz	16	static
../Core/Src/pid.c:496:10:PID_GetLoopRateHz	4	static
../Core/Src/pid.c:514:9:PID_SetTurnonFreqHz	16	static
../Core/Src/pid.c:524:10:PID_GetTurnonFreqHz	4	static
../Core/Src/pid.c:529:9:PID_SetMaxFreqHz	16	static
../Core/Src/pid.c:539:10:PID_GetMaxFreqHz	4	static
../Core/Src/pid.c:553:9:PID_SetMaxCurrentA	16	static
../Core/Src/pid.c:567:9:PID_GetMaxCurrentA	16	static
../Core/Src/pid.c:585:9:PID_SetSlewRateHzPerTick	16	static
../Core/Src/pid.c:595:7:PID_GetSlewRateHzPerTick	4	static
../Core/Src/pid.c:607:9:PID_SetFaultRampDownTimeS	16	static
../Core/Src/pid.c:617:7:PID_GetFaultRampDownTimeS	4	static
../Core/Src/pid.c:622:9:PID_Start	16	static
../Core/Src/pid.c:672:6:PID_Stop	16	static
../Core/Src/pid.c:712:9:PID_IsRunning	4	static
../Core/Src/pid.c:736:6:PID_BeginFaultRampDown	16	static
../Core/Src/pid.c:800:16:LogDecimationTick	4	static
../Core/Src/pid.c:817:13:LogSample	24	static
../Core/Src/pid.c:857:13:ProcessFaultRampDown	48	static
../Core/Src/pid.c:964:6:PID_BeginOvercurrentRampDown	48	static
../Core/Src/pid.c:1028:6:PID_Update	104	static
../Core/Src/pid.c:1373:9:PID_SetSetpoint	16	static
../Core/Src/pid.c:1403:9:PID_SetGains	24	static
../Core/Src/pid.c:1422:9:PID_GetGains	24	static
../Core/Src/pid.c:1435:9:PID_GetStatus	24	static
../Core/Src/pid.c:1477:13:ClearLogArrays	16	static
../Core/Src/pid.c:1490:9:PID_ArmLog	16	static
../Core/Src/pid.c:1518:9:PID_ArmLogAll	16	static
../Core/Src/pid.c:1533:10:PID_GetLogCount	4	static
../Core/Src/pid.c:1538:10:PID_GetLogSampleRateHz	4	static
../Core/Src/pid.c:1549:17:PID_GetLogMeasured	16	static
../Core/Src/pid.c:1554:17:PID_GetLogOutput	16	static
../Core/Src/pid.c:1559:17:PID_GetLogSetpoint	16	static
../Core/Src/pid.c:1571:9:PID_IsLogAllChannels	4	static
../Core/Src/pid.c:1576:9:PID_GetLogChannel	4	static
../Core/Src/pid.c:1581:9:PID_StartRamp	32	static
../Core/Src/pid.c:1614:9:PID_SetLoopMode	16	static
../Core/Src/pid.c:1625:9:PID_GetLoopMode	16	static
../Core/Src/pid.c:1647:9:PID_SetChannelEnable	16	static
../Core/Src/pid.c:1664:9:PID_GetChannelEnable	16	static
../Core/Src/pid.c:1674:9:PID_SetChannelNickname	24	static
../Core/Src/pid.c:1708:13:PID_GetChannelNickname	16	static
../Core/Src/pid.c:1718:9:PID_SetProfileTiming	40	static
../Core/Src/pid.c:1744:9:PID_GetProfileTiming	24	static
../Core/Src/pid.c:1773:9:PID_SetProfileCurrent	24	static
../Core/Src/pid.c:1802:9:PID_GetProfileCurrent	16	static
../Core/Src/pid.c:1816:9:PID_ProfileStart	8	static
../Core/Src/pid.c:1836:9:PID_IsProfileActive	4	static
