../Core/Src/pid.c:130:14:TrapezoidalCurrentA	32	static
../Core/Src/pid.c:169:17:AmpsToHz	24	static
../Core/Src/pid.c:210:14:ClampOutputSlew	24	static
../Core/Src/pid.c:236:6:PID_Init	16	static
../Core/Src/pid.c:263:9:PID_Start	16	static
../Core/Src/pid.c:305:6:PID_Stop	16	static
../Core/Src/pid.c:326:9:PID_IsRunning	4	static
../Core/Src/pid.c:331:6:PID_Update	104	static
../Core/Src/pid.c:640:9:PID_SetSetpoint	16	static
../Core/Src/pid.c:670:9:PID_SetGains	24	static
../Core/Src/pid.c:689:9:PID_GetGains	24	static
../Core/Src/pid.c:702:9:PID_GetStatus	24	static
../Core/Src/pid.c:725:9:PID_ArmLog	16	static
../Core/Src/pid.c:751:9:PID_ArmLogAll	16	static
../Core/Src/pid.c:764:10:PID_GetLogCount	4	static
../Core/Src/pid.c:769:10:PID_GetLogSampleRateHz	4	static
../Core/Src/pid.c:780:17:PID_GetLogMeasured	16	static
../Core/Src/pid.c:785:17:PID_GetLogOutput	16	static
../Core/Src/pid.c:790:17:PID_GetLogSetpoint	16	static
../Core/Src/pid.c:802:9:PID_IsLogAllChannels	4	static
../Core/Src/pid.c:807:9:PID_GetLogChannel	4	static
../Core/Src/pid.c:812:9:PID_StartRamp	32	static
../Core/Src/pid.c:845:9:PID_SetLoopMode	16	static
../Core/Src/pid.c:856:9:PID_GetLoopMode	16	static
../Core/Src/pid.c:866:9:PID_SetProfileTiming	24	static
../Core/Src/pid.c:889:9:PID_GetProfileTiming	16	static
../Core/Src/pid.c:914:9:PID_SetProfileCurrent	16	static
../Core/Src/pid.c:934:9:PID_GetProfileCurrent	16	static
../Core/Src/pid.c:948:9:PID_ProfileStart	8	static
../Core/Src/pid.c:968:9:PID_IsProfileActive	4	static
