../Core/Src/pid.c:192:14:TrapezoidalCurrentA	32	static
../Core/Src/pid.c:239:17:AmpsToHz	32	static
../Core/Src/pid.c:282:14:ClampOutputSlew	24	static
../Core/Src/pid.c:308:6:PID_Init	16	static
../Core/Src/pid.c:341:9:PID_Start	16	static
../Core/Src/pid.c:391:6:PID_Stop	16	static
../Core/Src/pid.c:431:9:PID_IsRunning	4	static
../Core/Src/pid.c:455:6:PID_BeginFaultRampDown	16	static
../Core/Src/pid.c:524:13:ProcessFaultRampDown	48	static
../Core/Src/pid.c:567:6:PID_Update	104	static
../Core/Src/pid.c:913:9:PID_SetSetpoint	16	static
../Core/Src/pid.c:943:9:PID_SetGains	24	static
../Core/Src/pid.c:962:9:PID_GetGains	24	static
../Core/Src/pid.c:975:9:PID_GetStatus	24	static
../Core/Src/pid.c:998:9:PID_ArmLog	16	static
../Core/Src/pid.c:1024:9:PID_ArmLogAll	16	static
../Core/Src/pid.c:1037:10:PID_GetLogCount	4	static
../Core/Src/pid.c:1042:10:PID_GetLogSampleRateHz	4	static
../Core/Src/pid.c:1053:17:PID_GetLogMeasured	16	static
../Core/Src/pid.c:1058:17:PID_GetLogOutput	16	static
../Core/Src/pid.c:1063:17:PID_GetLogSetpoint	16	static
../Core/Src/pid.c:1075:9:PID_IsLogAllChannels	4	static
../Core/Src/pid.c:1080:9:PID_GetLogChannel	4	static
../Core/Src/pid.c:1085:9:PID_StartRamp	32	static
../Core/Src/pid.c:1118:9:PID_SetLoopMode	16	static
../Core/Src/pid.c:1129:9:PID_GetLoopMode	16	static
../Core/Src/pid.c:1151:9:PID_SetChannelEnable	16	static
../Core/Src/pid.c:1168:9:PID_GetChannelEnable	16	static
../Core/Src/pid.c:1178:9:PID_SetProfileTiming	24	static
../Core/Src/pid.c:1201:9:PID_GetProfileTiming	16	static
../Core/Src/pid.c:1226:9:PID_SetProfileCurrent	24	static
../Core/Src/pid.c:1255:9:PID_GetProfileCurrent	16	static
../Core/Src/pid.c:1269:9:PID_ProfileStart	8	static
../Core/Src/pid.c:1289:9:PID_IsProfileActive	4	static
