../Core/Src/sim_transrex.c:111:13:DriveOcpFaultPin	24	static
../Core/Src/sim_transrex.c:125:6:SimTransrex_Init	16	static
../Core/Src/sim_transrex.c:182:6:SimTransrex_Update	64	static
../Core/Src/sim_transrex.c:300:6:SimTransrex_SetFaultWaterTemp	16	static
../Core/Src/sim_transrex.c:310:9:SimTransrex_GetFaultWaterTemp	16	static
../Core/Src/sim_transrex.c:319:6:SimTransrex_SetFaultEnerpro	16	static
../Core/Src/sim_transrex.c:329:9:SimTransrex_GetFaultEnerpro	16	static
../Core/Src/sim_transrex.c:338:6:SimTransrex_SetFaultOcp	16	static
../Core/Src/sim_transrex.c:348:9:SimTransrex_GetFaultOcp	16	static
../Core/Src/sim_transrex.c:357:9:SimTransrex_SetTauMs	16	static
../Core/Src/sim_transrex.c:367:10:SimTransrex_GetTauMs	4	static
../Core/Src/sim_transrex.c:372:9:SimTransrex_GetChannelStatus	32	static
../Core/Src/sim_transrex.c:422:9:SimTransrex_ArmLog	16	static
../Core/Src/sim_transrex.c:439:10:SimTransrex_GetLogCount	16	static
../Core/Src/sim_transrex.c:448:9:SimTransrex_GetLogSample	24	static
