../Core/Src/state_machine.c:41:16:ExternalEnableInputIsHigh	8	static
../Core/Src/state_machine.c:55:16:EmergencyStopInputIsHigh	8	static
../Core/Src/state_machine.c:100:13:HandleGeneralFault	8	static
../Core/Src/state_machine.c:130:13:HandleOvercurrentFault	16	static
../Core/Src/state_machine.c:154:13:HandleEmergencyStopFault	8	static
../Core/Src/state_machine.c:171:16:ArmConditionsMet	8	static
../Core/Src/state_machine.c:187:13:EnterFault	16	static
../Core/Src/state_machine.c:258:6:SM_Init	4	static
../Core/Src/state_machine.c:265:12:SM_GetState	4	static
../Core/Src/state_machine.c:270:16:SM_GetFaultType	4	static
../Core/Src/state_machine.c:275:9:SM_GetFaultChannel	8	static
../Core/Src/state_machine.c:280:9:SM_Arm	8	static
../Core/Src/state_machine.c:305:6:SM_Disarm	4	static
../Core/Src/state_machine.c:313:9:SM_Fire	8	static
../Core/Src/state_machine.c:344:6:SM_Stop	4	static
../Core/Src/state_machine.c:354:6:SM_NotifyShotComplete	4	static
../Core/Src/state_machine.c:362:6:SM_PollFaults	16	static,ignoring_inline_asm
../Core/Src/state_machine.c:464:6:SM_ReportOcpFault	16	static,ignoring_inline_asm
../Core/Src/state_machine.c:498:6:SM_ReportGeneralFault	8	static,ignoring_inline_asm
../Core/Src/state_machine.c:520:9:SM_ClearFault	8	static
../Core/Src/state_machine.c:600:6:SM_SetExternalEnableRequired	16	static
../Core/Src/state_machine.c:612:9:SM_GetExternalEnableRequired	4	static
../Core/Src/state_machine.c:617:9:SM_ExternalEnableOk	8	static
../Core/Src/state_machine.c:626:9:SM_GetExternalEnableInputRaw	8	static
../Core/Src/state_machine.c:631:9:SM_SetExternalTriggerRequired	16	static
../Core/Src/state_machine.c:643:9:SM_GetExternalTriggerRequired	4	static
../Core/Src/state_machine.c:648:6:SM_SetEmergencyStopRequired	16	static
../Core/Src/state_machine.c:653:9:SM_GetEmergencyStopRequired	4	static
../Core/Src/state_machine.c:658:9:SM_EmergencyStopOk	8	static
../Core/Src/state_machine.c:667:9:SM_GetEmergencyStopInputRaw	8	static
