../Core/Src/state_machine.c:41:16:ExternalEnableInputIsHigh	8	static
../Core/Src/state_machine.c:86:13:HandleGeneralFault	8	static
../Core/Src/state_machine.c:116:13:HandleOvercurrentFault	16	static
../Core/Src/state_machine.c:142:16:ArmConditionsMet	8	static
../Core/Src/state_machine.c:158:13:EnterFault	16	static
../Core/Src/state_machine.c:222:6:SM_Init	4	static
../Core/Src/state_machine.c:229:12:SM_GetState	4	static
../Core/Src/state_machine.c:234:16:SM_GetFaultType	4	static
../Core/Src/state_machine.c:239:9:SM_GetFaultChannel	8	static
../Core/Src/state_machine.c:244:9:SM_Arm	8	static
../Core/Src/state_machine.c:269:6:SM_Disarm	4	static
../Core/Src/state_machine.c:277:9:SM_Fire	8	static
../Core/Src/state_machine.c:308:6:SM_Stop	4	static
../Core/Src/state_machine.c:318:6:SM_NotifyShotComplete	4	static
../Core/Src/state_machine.c:326:6:SM_PollFaults	16	static,ignoring_inline_asm
../Core/Src/state_machine.c:416:6:SM_ReportOcpFault	16	static,ignoring_inline_asm
../Core/Src/state_machine.c:450:6:SM_ReportGeneralFault	8	static,ignoring_inline_asm
../Core/Src/state_machine.c:472:9:SM_ClearFault	8	static
../Core/Src/state_machine.c:542:6:SM_SetExternalEnableRequired	16	static
../Core/Src/state_machine.c:554:9:SM_GetExternalEnableRequired	4	static
../Core/Src/state_machine.c:559:9:SM_ExternalEnableOk	8	static
../Core/Src/state_machine.c:568:9:SM_GetExternalEnableInputRaw	8	static
../Core/Src/state_machine.c:573:9:SM_SetExternalTriggerRequired	16	static
../Core/Src/state_machine.c:585:9:SM_GetExternalTriggerRequired	4	static
