../Core/Src/state_machine.c:60:16:ExternalEnableInputIsHigh	8	static
../Core/Src/state_machine.c:71:16:ExternalTriggerInputIsHigh	8	static
../Core/Src/state_machine.c:89:16:EmergencyStopInputIsHigh	8	static
../Core/Src/state_machine.c:108:16:EmergencyStopAsserted	16	static
../Core/Src/state_machine.c:154:13:HandleGeneralFault	8	static
../Core/Src/state_machine.c:184:13:HandleOvercurrentFault	16	static
../Core/Src/state_machine.c:208:13:HandleEmergencyStopFault	8	static
../Core/Src/state_machine.c:225:16:ArmConditionsMet	8	static
../Core/Src/state_machine.c:251:13:EnterFault	16	static
../Core/Src/state_machine.c:334:6:SM_Init	4	static
../Core/Src/state_machine.c:341:12:SM_GetState	4	static
../Core/Src/state_machine.c:346:16:SM_GetFaultType	4	static
../Core/Src/state_machine.c:351:9:SM_GetFaultChannel	8	static
../Core/Src/state_machine.c:356:9:SM_Arm	8	static
../Core/Src/state_machine.c:384:6:SM_Disarm	4	static
../Core/Src/state_machine.c:392:9:SM_Fire	8	static
../Core/Src/state_machine.c:425:6:SM_Stop	4	static
../Core/Src/state_machine.c:435:6:SM_NotifyShotComplete	4	static
../Core/Src/state_machine.c:443:6:SM_PollFaults	16	static,ignoring_inline_asm
../Core/Src/state_machine.c:554:6:SM_ReportOcpFault	16	static,ignoring_inline_asm
../Core/Src/state_machine.c:588:6:SM_ReportEnableOutputFault	16	static,ignoring_inline_asm
../Core/Src/state_machine.c:619:6:SM_ReportGeneralFault	8	static,ignoring_inline_asm
../Core/Src/state_machine.c:641:9:SM_ClearFault	8	static
../Core/Src/state_machine.c:721:6:SM_SetExternalEnableRequired	16	static
../Core/Src/state_machine.c:731:9:SM_GetExternalEnableRequired	4	static
../Core/Src/state_machine.c:736:9:SM_ExternalEnableOk	8	static
../Core/Src/state_machine.c:745:9:SM_GetExternalEnableInputRaw	8	static
../Core/Src/state_machine.c:750:9:SM_SetExternalTriggerRequired	16	static
../Core/Src/state_machine.c:762:9:SM_GetExternalTriggerRequired	4	static
../Core/Src/state_machine.c:767:9:SM_GetExternalTriggerInputRaw	8	static
../Core/Src/state_machine.c:772:6:SM_SetEmergencyStopRequired	16	static
../Core/Src/state_machine.c:777:9:SM_GetEmergencyStopRequired	4	static
../Core/Src/state_machine.c:782:9:SM_EmergencyStopOk	8	static
../Core/Src/state_machine.c:791:9:SM_GetEmergencyStopInputRaw	8	static
