../Core/Src/state_machine.c:57:13:HandleGeneralFault	8	static
../Core/Src/state_machine.c:87:13:HandleOvercurrentFault	16	static
../Core/Src/state_machine.c:108:16:ArmConditionsMet	4	static
../Core/Src/state_machine.c:120:13:EnterFault	16	static
../Core/Src/state_machine.c:180:6:SM_Init	4	static
../Core/Src/state_machine.c:187:12:SM_GetState	4	static
../Core/Src/state_machine.c:192:16:SM_GetFaultType	4	static
../Core/Src/state_machine.c:197:9:SM_GetFaultChannel	8	static
../Core/Src/state_machine.c:202:9:SM_Arm	8	static
../Core/Src/state_machine.c:217:6:SM_Disarm	4	static
../Core/Src/state_machine.c:225:9:SM_Fire	8	static
../Core/Src/state_machine.c:241:6:SM_Stop	4	static
../Core/Src/state_machine.c:251:6:SM_NotifyShotComplete	4	static
../Core/Src/state_machine.c:259:6:SM_PollFaults	8	static,ignoring_inline_asm
../Core/Src/state_machine.c:314:6:SM_ReportOcpFault	16	static,ignoring_inline_asm
../Core/Src/state_machine.c:348:9:SM_ClearFault	8	static
