../Core/Src/state_machine.c:25:13:HandleGeneralFault	4	static
../Core/Src/state_machine.c:36:13:HandleOvercurrentFault	4	static
../Core/Src/state_machine.c:48:16:ArmConditionsMet	4	static
../Core/Src/state_machine.c:57:13:EnterFault	16	static
../Core/Src/state_machine.c:88:6:SM_Init	4	static
../Core/Src/state_machine.c:94:12:SM_GetState	4	static
../Core/Src/state_machine.c:99:16:SM_GetFaultType	4	static
../Core/Src/state_machine.c:104:9:SM_Arm	8	static
../Core/Src/state_machine.c:119:6:SM_Disarm	4	static
../Core/Src/state_machine.c:127:9:SM_Fire	8	static
../Core/Src/state_machine.c:143:6:SM_Stop	4	static
../Core/Src/state_machine.c:153:6:SM_NotifyShotComplete	4	static
../Core/Src/state_machine.c:161:6:SM_PollFaults	8	static
../Core/Src/state_machine.c:178:9:SM_ClearFault	8	static
