../Core/Src/state_machine.c:60:16:ExternalEnableInputIsHigh	8	static
../Core/Src/state_machine.c:71:16:ExternalTriggerInputIsHigh	8	static
../Core/Src/state_machine.c:89:16:EmergencyStopInputIsHigh	8	static
../Core/Src/state_machine.c:108:16:EmergencyStopAsserted	16	static
../Core/Src/state_machine.c:155:13:HandleGeneralFault	8	static
../Core/Src/state_machine.c:185:13:HandleOvercurrentFault	16	static
../Core/Src/state_machine.c:209:13:HandleEmergencyStopFault	8	static
../Core/Src/state_machine.c:226:16:ArmConditionsMet	8	static
../Core/Src/state_machine.c:254:13:EnterFault	16	static
../Core/Src/state_machine.c:345:6:SM_Init	4	static
../Core/Src/state_machine.c:352:12:SM_GetState	4	static
../Core/Src/state_machine.c:357:16:SM_GetFaultType	4	static
../Core/Src/state_machine.c:362:9:SM_GetFaultChannel	16	static
../Core/Src/state_machine.c:382:9:SM_Arm	8	static
../Core/Src/state_machine.c:410:6:SM_Disarm	4	static
../Core/Src/state_machine.c:418:9:SM_Fire	8	static
../Core/Src/state_machine.c:451:6:SM_Stop	4	static
../Core/Src/state_machine.c:461:6:SM_NotifyShotComplete	4	static
../Core/Src/state_machine.c:469:6:SM_PollFaults	16	static,ignoring_inline_asm
../Core/Src/state_machine.c:580:6:SM_ReportOcpFault	16	static,ignoring_inline_asm
../Core/Src/state_machine.c:614:6:SM_ReportEnableOutputFault	16	static,ignoring_inline_asm
../Core/Src/state_machine.c:645:6:SM_ReportEnerproFault	16	static,ignoring_inline_asm
../Core/Src/state_machine.c:676:6:SM_ReportGeneralFault	8	static,ignoring_inline_asm
../Core/Src/state_machine.c:698:9:SM_ClearFault	8	static
../Core/Src/state_machine.c:778:6:SM_SetExternalEnableRequired	16	static
../Core/Src/state_machine.c:788:9:SM_GetExternalEnableRequired	4	static
../Core/Src/state_machine.c:793:9:SM_ExternalEnableOk	8	static
../Core/Src/state_machine.c:802:9:SM_GetExternalEnableInputRaw	8	static
../Core/Src/state_machine.c:807:9:SM_SetExternalTriggerRequired	16	static
../Core/Src/state_machine.c:819:9:SM_GetExternalTriggerRequired	4	static
../Core/Src/state_machine.c:824:9:SM_GetExternalTriggerInputRaw	8	static
../Core/Src/state_machine.c:829:6:SM_SetEmergencyStopRequired	16	static
../Core/Src/state_machine.c:834:9:SM_GetEmergencyStopRequired	4	static
../Core/Src/state_machine.c:839:9:SM_EmergencyStopOk	8	static
../Core/Src/state_machine.c:848:9:SM_GetEmergencyStopInputRaw	8	static
