../Core/Src/state_machine.c:79:16:ExternalEnableInputIsHigh	8	static
../Core/Src/state_machine.c:90:16:ExternalTriggerInputIsHigh	8	static
../Core/Src/state_machine.c:136:6:SM_SetFaultBypassEnabled	16	static
../Core/Src/state_machine.c:141:9:SM_GetFaultBypassEnabled	4	static
../Core/Src/state_machine.c:172:13:HandleGeneralFault	8	static
../Core/Src/state_machine.c:202:13:HandleOvercurrentFault	16	static
../Core/Src/state_machine.c:228:16:ArmConditionsMet	8	static
../Core/Src/state_machine.c:256:13:EnterFault	16	static
../Core/Src/state_machine.c:355:6:SM_Init	4	static
../Core/Src/state_machine.c:362:12:SM_GetState	4	static
../Core/Src/state_machine.c:367:16:SM_GetFaultType	4	static
../Core/Src/state_machine.c:372:9:SM_GetFaultChannel	16	static
../Core/Src/state_machine.c:392:9:SM_Arm	8	static
../Core/Src/state_machine.c:422:6:SM_Disarm	8	static
../Core/Src/state_machine.c:431:9:SM_Fire	8	static
../Core/Src/state_machine.c:473:9:SM_StartPlain	8	static
../Core/Src/state_machine.c:494:6:SM_Stop	8	static
../Core/Src/state_machine.c:505:6:SM_NotifyShotComplete	8	static
../Core/Src/state_machine.c:514:6:SM_PollFaults	16	static,ignoring_inline_asm
../Core/Src/state_machine.c:620:6:SM_ReportOcpFault	16	static,ignoring_inline_asm
../Core/Src/state_machine.c:654:6:SM_ReportEnableOutputFault	16	static,ignoring_inline_asm
../Core/Src/state_machine.c:685:6:SM_ReportEnerproFault	16	static,ignoring_inline_asm
../Core/Src/state_machine.c:716:6:SM_ReportGeneralFault	8	static,ignoring_inline_asm
../Core/Src/state_machine.c:738:9:SM_ClearFault	8	static
../Core/Src/state_machine.c:809:6:SM_SetExternalEnableRequired	16	static
../Core/Src/state_machine.c:819:9:SM_GetExternalEnableRequired	4	static
../Core/Src/state_machine.c:824:9:SM_ExternalEnableOk	8	static
../Core/Src/state_machine.c:833:9:SM_GetExternalEnableInputRaw	8	static
../Core/Src/state_machine.c:838:9:SM_SetExternalTriggerRequired	16	static
../Core/Src/state_machine.c:850:9:SM_GetExternalTriggerRequired	4	static
../Core/Src/state_machine.c:855:9:SM_GetExternalTriggerInputRaw	8	static
