../Core/Src/state_machine.c:51:13:HandleGeneralFault	8	static
../Core/Src/state_machine.c:75:13:HandleOvercurrentFault	8	static
../Core/Src/state_machine.c:90:16:ArmConditionsMet	4	static
../Core/Src/state_machine.c:99:13:EnterFault	16	static
../Core/Src/state_machine.c:136:6:SM_Init	4	static
../Core/Src/state_machine.c:142:12:SM_GetState	4	static
../Core/Src/state_machine.c:147:16:SM_GetFaultType	4	static
../Core/Src/state_machine.c:152:9:SM_Arm	8	static
../Core/Src/state_machine.c:167:6:SM_Disarm	4	static
../Core/Src/state_machine.c:175:9:SM_Fire	8	static
../Core/Src/state_machine.c:191:6:SM_Stop	4	static
../Core/Src/state_machine.c:201:6:SM_NotifyShotComplete	4	static
../Core/Src/state_machine.c:209:6:SM_PollFaults	8	static,ignoring_inline_asm
../Core/Src/state_machine.c:264:9:SM_ClearFault	8	static
