../Core/Src/telemetry.c:63:20:StateName	16	static
../Core/Src/telemetry.c:75:20:FaultName	16	static
../Core/Src/telemetry.c:88:16:FaultIsPerChannel	16	static
../Core/Src/telemetry.c:98:13:EmitEventLine	80	static
../Core/Src/telemetry.c:136:13:PushEvent	48	static,ignoring_inline_asm
../Core/Src/telemetry.c:175:6:Telemetry_Init	4	static
../Core/Src/telemetry.c:184:6:Telemetry_SetEventEnabled	16	static
../Core/Src/telemetry.c:189:9:Telemetry_GetEventEnabled	4	static
../Core/Src/telemetry.c:194:6:Telemetry_PushState	16	static
../Core/Src/telemetry.c:199:6:Telemetry_PushFault	16	static
../Core/Src/telemetry.c:204:6:Telemetry_PushFaultClear	8	static
../Core/Src/telemetry.c:209:6:Telemetry_PushTrigger	8	static
../Core/Src/telemetry.c:214:6:Telemetry_PollEmit	40	static
../Core/Src/telemetry.c:232:6:Telemetry_ReplayFlightLog	72	static
