../Core/Src/xrex_io.c:63:16:SetFaultPolarity	16	static
../Core/Src/xrex_io.c:73:9:XrexIo_SetFaultPolarityWater	16	static
../Core/Src/xrex_io.c:77:10:XrexIo_GetFaultPolarityWater	4	static
../Core/Src/xrex_io.c:82:9:XrexIo_SetFaultPolarityTemp	16	static
../Core/Src/xrex_io.c:86:10:XrexIo_GetFaultPolarityTemp	4	static
../Core/Src/xrex_io.c:91:9:XrexIo_SetFaultPolarityEnerpro	16	static
../Core/Src/xrex_io.c:95:10:XrexIo_GetFaultPolarityEnerpro	4	static
../Core/Src/xrex_io.c:100:9:XrexIo_SetFaultPolarityOcp	16	static
../Core/Src/xrex_io.c:104:10:XrexIo_GetFaultPolarityOcp	4	static
../Core/Src/xrex_io.c:117:16:BitIsFault	16	static
../Core/Src/xrex_io.c:123:9:XrexIo_EvaluateGateDriverFault	24	static
../Core/Src/xrex_io.c:168:6:XrexIo_PollEnerproFaults	24	static
../Core/Src/xrex_io.c:193:6:XrexIo_PollOcpFaults	16	static
../Core/Src/xrex_io.c:226:9:XrexIo_GetChannelStatus	32	static
../Core/Src/xrex_io.c:258:6:XrexIo_SetEnableOutput	16	static
../Core/Src/xrex_io.c:268:9:XrexIo_GetEnableOutput	16	static
../Core/Src/xrex_io.c:277:6:XrexIo_SetContactorOutput	16	static
../Core/Src/xrex_io.c:287:9:XrexIo_GetContactorOutput	16	static
../Core/Src/xrex_io.c:301:16:EnableOutputsOk	16	static
../Core/Src/xrex_io.c:307:9:XrexIo_EnableOutputsReadyToArm	8	static
../Core/Src/xrex_io.c:322:9:XrexIo_FindNotReadyChannel	16	static
../Core/Src/xrex_io.c:338:6:XrexIo_PollEnableOutputFaults	16	static
